
> church-is-frontend@1.0.0 build
> node build/build.js

- building for production...
assets by status 1.81 MiB [1m[32m[cached][39m[22m 14 assets
Entrypoint [1mapp[39m[22m = [1m[32mstatic/js/manifest.2bceecd7494ce5c16bcd.js[39m[22m [1m[32mstatic/js/vendors.edc5d4f830b97b0838ce.js[39m[22m [1m[32mstatic/js/app.7377202f9710e822ba8b.js[39m[22m 6 auxiliary assets

[1m[33mWARNING[39m[22m in [1m./src/App.vue?vue&type=style&index=0&id=ff9bf4a4&prod&lang=scss[39m[22m (./src/App.vue.webpack[javascript/auto]!=!./node_modules/css-loader/dist/cjs.js??clonedRuleSet-9.use[1]!./node_modules/vue-loader/lib/loaders/stylePostLoader.js!./node_modules/postcss-loader/dist/cjs.js??clonedRuleSet-9.use[2]!./node_modules/sass-loader/dist/cjs.js??clonedRuleSet-9.use[3]!./node_modules/vue-loader/lib/index.js??vue-loader-options!./src/App.vue?vue&type=style&index=0&id=ff9bf4a4&prod&lang=scss)
[1mModule Warning (from ./node_modules/sass-loader/dist/cjs.js):
Deprecation The legacy JS API is [1m[33mdeprecated[39m[22m[1m and will be removed in Dart Sass 2.0.0.

More info: https://sass-lang.com/d/legacy-js-api[39m[22m
 @ ./node_modules/mini-css-extract-plugin/dist/loader.js!./node_modules/css-loader/dist/cjs.js??clonedRuleSet-9.use[1]!./node_modules/vue-loader/lib/loaders/stylePostLoader.js!./node_modules/postcss-loader/dist/cjs.js??clonedRuleSet-9.use[2]!./node_modules/sass-loader/dist/cjs.js??clonedRuleSet-9.use[3]!./node_modules/vue-loader/lib/index.js??vue-loader-options!./src/App.vue?vue&type=style&index=0&id=ff9bf4a4&prod&lang=scss
 @ ./src/App.vue?vue&type=style&index=0&id=ff9bf4a4&prod&lang=scss 1:0-444 1:0-444
 @ ./src/App.vue 4:0-80
 @ ./src/main.js 238:0-24 293:9-12

[1m[33mWARNING[39m[22m in [1m./src/App.vue?vue&type=style&index=0&id=ff9bf4a4&prod&lang=scss[39m[22m (./src/App.vue.webpack[javascript/auto]!=!./node_modules/css-loader/dist/cjs.js??clonedRuleSet-9.use[1]!./node_modules/vue-loader/lib/loaders/stylePostLoader.js!./node_modules/postcss-loader/dist/cjs.js??clonedRuleSet-9.use[2]!./node_modules/sass-loader/dist/cjs.js??clonedRuleSet-9.use[3]!./node_modules/vue-loader/lib/index.js??vue-loader-options!./src/App.vue?vue&type=style&index=0&id=ff9bf4a4&prod&lang=scss)
[1mModule Warning (from ./node_modules/sass-loader/dist/cjs.js):
Deprecation Warning on line 0, column 8 of file:///home/Bultut/Downloads/Church-frontend/church-is-frontend-master%20(1)/church-is-frontend-master/node_modules/bootstrap/scss/bootstrap.scss:0:8:
Sass @import rules are [1m[33mdeprecated[39m[22m[1m and will be removed in Dart Sass 3.0.0.

More info and automated migrator: https://sass-lang.com/d/import

0 | @import "mixins/banner";


node_modules/bootstrap/scss/bootstrap.scss 1:9  @import
src/assets/styles/church-is.scss 1:9            @import
src/App.vue 3:9                                 root stylesheet
[39m[22m
 @ ./node_modules/mini-css-extract-plugin/dist/loader.js!./node_modules/css-loader/dist/cjs.js??clonedRuleSet-9.use[1]!./node_modules/vue-loader/lib/loaders/stylePostLoader.js!./node_modules/postcss-loader/dist/cjs.js??clonedRuleSet-9.use[2]!./node_modules/sass-loader/dist/cjs.js??clonedRuleSet-9.use[3]!./node_modules/vue-loader/lib/index.js??vue-loader-options!./src/App.vue?vue&type=style&index=0&id=ff9bf4a4&prod&lang=scss
 @ ./src/App.vue?vue&type=style&index=0&id=ff9bf4a4&prod&lang=scss 1:0-444 1:0-444
 @ ./src/App.vue 4:0-80
 @ ./src/main.js 238:0-24 293:9-12

[1m[33mWARNING[39m[22m in [1m./src/App.vue?vue&type=style&index=0&id=ff9bf4a4&prod&lang=scss[39m[22m (./src/App.vue.webpack[javascript/auto]!=!./node_modules/css-loader/dist/cjs.js??clonedRuleSet-9.use[1]!./node_modules/vue-loader/lib/loaders/stylePostLoader.js!./node_modules/postcss-loader/dist/cjs.js??clonedRuleSet-9.use[2]!./node_modules/sass-loader/dist/cjs.js??clonedRuleSet-9.use[3]!./node_modules/vue-loader/lib/index.js??vue-loader-options!./src/App.vue?vue&type=style&index=0&id=ff9bf4a4&prod&lang=scss)
[1mModule Warning (from ./node_modules/sass-loader/dist/cjs.js):
Deprecation Warning on line 0, column 8 of file:///home/Bultut/Downloads/Church-frontend/church-is-frontend-master%20(1)/church-is-frontend-master/src/assets/styles/church-is.scss:0:8:
Sass @import rules are [1m[33mdeprecated[39m[22m[1m and will be removed in Dart Sass 3.0.0.

More info and automated migrator: https://sass-lang.com/d/import

0 | @import 'bootstrap/scss/bootstrap';


src/assets/styles/church-is.scss 1:9  @import
src/App.vue 3:9                       root stylesheet
[39m[22m
 @ ./node_modules/mini-css-extract-plugin/dist/loader.js!./node_modules/css-loader/dist/cjs.js??clonedRuleSet-9.use[1]!./node_modules/vue-loader/lib/loaders/stylePostLoader.js!./node_modules/postcss-loader/dist/cjs.js??clonedRuleSet-9.use[2]!./node_modules/sass-loader/dist/cjs.js??clonedRuleSet-9.use[3]!./node_modules/vue-loader/lib/index.js??vue-loader-options!./src/App.vue?vue&type=style&index=0&id=ff9bf4a4&prod&lang=scss
 @ ./src/App.vue?vue&type=style&index=0&id=ff9bf4a4&prod&lang=scss 1:0-444 1:0-444
 @ ./src/App.vue 4:0-80
 @ ./src/main.js 238:0-24 293:9-12

[1m[33mWARNING[39m[22m in [1m./src/App.vue?vue&type=style&index=0&id=ff9bf4a4&prod&lang=scss[39m[22m (./src/App.vue.webpack[javascript/auto]!=!./node_modules/css-loader/dist/cjs.js??clonedRuleSet-9.use[1]!./node_modules/vue-loader/lib/loaders/stylePostLoader.js!./node_modules/postcss-loader/dist/cjs.js??clonedRuleSet-9.use[2]!./node_modules/sass-loader/dist/cjs.js??clonedRuleSet-9.use[3]!./node_modules/vue-loader/lib/index.js??vue-loader-options!./src/App.vue?vue&type=style&index=0&id=ff9bf4a4&prod&lang=scss)
[1mModule Warning (from ./node_modules/sass-loader/dist/cjs.js):
Deprecation Warning on line 2, column 8 of file:///home/Bultut/Downloads/Church-frontend/church-is-frontend-master%20(1)/church-is-frontend-master/src/App.vue:2:8:
Sass @import rules are [1m[33mdeprecated[39m[22m[1m and will be removed in Dart Sass 3.0.0.

More info and automated migrator: https://sass-lang.com/d/import

2 | @import "@/assets/styles/church-is.scss";


src/App.vue 3:9  root stylesheet
[39m[22m
 @ ./node_modules/mini-css-extract-plugin/dist/loader.js!./node_modules/css-loader/dist/cjs.js??clonedRuleSet-9.use[1]!./node_modules/vue-loader/lib/loaders/stylePostLoader.js!./node_modules/postcss-loader/dist/cjs.js??clonedRuleSet-9.use[2]!./node_modules/sass-loader/dist/cjs.js??clonedRuleSet-9.use[3]!./node_modules/vue-loader/lib/index.js??vue-loader-options!./src/App.vue?vue&type=style&index=0&id=ff9bf4a4&prod&lang=scss
 @ ./src/App.vue?vue&type=style&index=0&id=ff9bf4a4&prod&lang=scss 1:0-444 1:0-444
 @ ./src/App.vue 4:0-80
 @ ./src/main.js 238:0-24 293:9-12

[1m[33mWARNING[39m[22m in [1m./src/App.vue?vue&type=style&index=0&id=ff9bf4a4&prod&lang=scss[39m[22m (./src/App.vue.webpack[javascript/auto]!=!./node_modules/css-loader/dist/cjs.js??clonedRuleSet-9.use[1]!./node_modules/vue-loader/lib/loaders/stylePostLoader.js!./node_modules/postcss-loader/dist/cjs.js??clonedRuleSet-9.use[2]!./node_modules/sass-loader/dist/cjs.js??clonedRuleSet-9.use[3]!./node_modules/vue-loader/lib/index.js??vue-loader-options!./src/App.vue?vue&type=style&index=0&id=ff9bf4a4&prod&lang=scss)
[1mModule Warning (from ./node_modules/sass-loader/dist/cjs.js):
Deprecation Warning on line 6, column 8 of file:///home/Bultut/Downloads/Church-frontend/church-is-frontend-master%20(1)/church-is-frontend-master/node_modules/bootstrap/scss/bootstrap.scss:6:8:
Sass @import rules are [1m[33mdeprecated[39m[22m[1m and will be removed in Dart Sass 3.0.0.

More info and automated migrator: https://sass-lang.com/d/import

6 | @import "functions";


node_modules/bootstrap/scss/bootstrap.scss 7:9  @import
src/assets/styles/church-is.scss 1:9            @import
src/App.vue 3:9                                 root stylesheet
[39m[22m
 @ ./node_modules/mini-css-extract-plugin/dist/loader.js!./node_modules/css-loader/dist/cjs.js??clonedRuleSet-9.use[1]!./node_modules/vue-loader/lib/loaders/stylePostLoader.js!./node_modules/postcss-loader/dist/cjs.js??clonedRuleSet-9.use[2]!./node_modules/sass-loader/dist/cjs.js??clonedRuleSet-9.use[3]!./node_modules/vue-loader/lib/index.js??vue-loader-options!./src/App.vue?vue&type=style&index=0&id=ff9bf4a4&prod&lang=scss
 @ ./src/App.vue?vue&type=style&index=0&id=ff9bf4a4&prod&lang=scss 1:0-444 1:0-444
 @ ./src/App.vue 4:0-80
 @ ./src/main.js 238:0-24 293:9-12

[1m[33mWARNING[39m[22m in [1m./src/App.vue?vue&type=style&index=0&id=ff9bf4a4&prod&lang=scss[39m[22m (./src/App.vue.webpack[javascript/auto]!=!./node_modules/css-loader/dist/cjs.js??clonedRuleSet-9.use[1]!./node_modules/vue-loader/lib/loaders/stylePostLoader.js!./node_modules/postcss-loader/dist/cjs.js??clonedRuleSet-9.use[2]!./node_modules/sass-loader/dist/cjs.js??clonedRuleSet-9.use[3]!./node_modules/vue-loader/lib/index.js??vue-loader-options!./src/App.vue?vue&type=style&index=0&id=ff9bf4a4&prod&lang=scss)
[1mModule Warning (from ./node_modules/sass-loader/dist/cjs.js):
Deprecation Warning on line 7, column 8 of file:///home/Bultut/Downloads/Church-frontend/church-is-frontend-master%20(1)/church-is-frontend-master/node_modules/bootstrap/scss/bootstrap.scss:7:8:
Sass @import rules are [1m[33mdeprecated[39m[22m[1m and will be removed in Dart Sass 3.0.0.

More info and automated migrator: https://sass-lang.com/d/import

7 | @import "variables";


node_modules/bootstrap/scss/bootstrap.scss 8:9  @import
src/assets/styles/church-is.scss 1:9            @import
src/App.vue 3:9                                 root stylesheet
[39m[22m
 @ ./node_modules/mini-css-extract-plugin/dist/loader.js!./node_modules/css-loader/dist/cjs.js??clonedRuleSet-9.use[1]!./node_modules/vue-loader/lib/loaders/stylePostLoader.js!./node_modules/postcss-loader/dist/cjs.js??clonedRuleSet-9.use[2]!./node_modules/sass-loader/dist/cjs.js??clonedRuleSet-9.use[3]!./node_modules/vue-loader/lib/index.js??vue-loader-options!./src/App.vue?vue&type=style&index=0&id=ff9bf4a4&prod&lang=scss
 @ ./src/App.vue?vue&type=style&index=0&id=ff9bf4a4&prod&lang=scss 1:0-444 1:0-444
 @ ./src/App.vue 4:0-80
 @ ./src/main.js 238:0-24 293:9-12

[1m[33mWARNING[39m[22m in [1m./src/App.vue?vue&type=style&index=0&id=ff9bf4a4&prod&lang=scss[39m[22m (./src/App.vue.webpack[javascript/auto]!=!./node_modules/css-loader/dist/cjs.js??clonedRuleSet-9.use[1]!./node_modules/vue-loader/lib/loaders/stylePostLoader.js!./node_modules/postcss-loader/dist/cjs.js??clonedRuleSet-9.use[2]!./node_modules/sass-loader/dist/cjs.js??clonedRuleSet-9.use[3]!./node_modules/vue-loader/lib/index.js??vue-loader-options!./src/App.vue?vue&type=style&index=0&id=ff9bf4a4&prod&lang=scss)
[1mModule Warning (from ./node_modules/sass-loader/dist/cjs.js):
Deprecation Warning on line 10, column 29 of file:///home/Bultut/Downloads/Church-frontend/church-is-frontend-master%20(1)/church-is-frontend-master/node_modules/bootstrap/scss/_functions.scss:10:29:
Global built-in functions are [1m[33mdeprecated[39m[22m[1m and will be removed in Dart Sass 3.0.0.
[1m[33mUse math.unit instead[39m[22m[1m.

More info and automated migrator: https://sass-lang.com/d/import

10 |     @if $prev-num == null or unit($num) == "%" or unit($prev-num) == "%" {


node_modules/bootstrap/scss/_functions.scss 11:30  -assert-ascending()
node_modules/bootstrap/scss/_variables.scss 494:1  @import
node_modules/bootstrap/scss/bootstrap.scss 8:9     @import
src/assets/styles/church-is.scss 1:9               @import
src/App.vue 3:9                                    root stylesheet
[39m[22m
 @ ./node_modules/mini-css-extract-plugin/dist/loader.js!./node_modules/css-loader/dist/cjs.js??clonedRuleSet-9.use[1]!./node_modules/vue-loader/lib/loaders/stylePostLoader.js!./node_modules/postcss-loader/dist/cjs.js??clonedRuleSet-9.use[2]!./node_modules/sass-loader/dist/cjs.js??clonedRuleSet-9.use[3]!./node_modules/vue-loader/lib/index.js??vue-loader-options!./src/App.vue?vue&type=style&index=0&id=ff9bf4a4&prod&lang=scss
 @ ./src/App.vue?vue&type=style&index=0&id=ff9bf4a4&prod&lang=scss 1:0-444 1:0-444
 @ ./src/App.vue 4:0-80
 @ ./src/main.js 238:0-24 293:9-12

[1m[33mWARNING[39m[22m in [1m./src/App.vue?vue&type=style&index=0&id=ff9bf4a4&prod&lang=scss[39m[22m (./src/App.vue.webpack[javascript/auto]!=!./node_modules/css-loader/dist/cjs.js??clonedRuleSet-9.use[1]!./node_modules/vue-loader/lib/loaders/stylePostLoader.js!./node_modules/postcss-loader/dist/cjs.js??clonedRuleSet-9.use[2]!./node_modules/sass-loader/dist/cjs.js??clonedRuleSet-9.use[3]!./node_modules/vue-loader/lib/index.js??vue-loader-options!./src/App.vue?vue&type=style&index=0&id=ff9bf4a4&prod&lang=scss)
[1mModule Warning (from ./node_modules/sass-loader/dist/cjs.js):
Deprecation Warning on line 10, column 50 of file:///home/Bultut/Downloads/Church-frontend/church-is-frontend-master%20(1)/church-is-frontend-master/node_modules/bootstrap/scss/_functions.scss:10:50:
Global built-in functions are [1m[33mdeprecated[39m[22m[1m and will be removed in Dart Sass 3.0.0.
[1m[33mUse math.unit instead[39m[22m[1m.

More info and automated migrator: https://sass-lang.com/d/import

10 |     @if $prev-num == null or unit($num) == "%" or unit($prev-num) == "%" {


node_modules/bootstrap/scss/_functions.scss 11:51  -assert-ascending()
node_modules/bootstrap/scss/_variables.scss 494:1  @import
node_modules/bootstrap/scss/bootstrap.scss 8:9     @import
src/assets/styles/church-is.scss 1:9               @import
src/App.vue 3:9                                    root stylesheet
[39m[22m
 @ ./node_modules/mini-css-extract-plugin/dist/loader.js!./node_modules/css-loader/dist/cjs.js??clonedRuleSet-9.use[1]!./node_modules/vue-loader/lib/loaders/stylePostLoader.js!./node_modules/postcss-loader/dist/cjs.js??clonedRuleSet-9.use[2]!./node_modules/sass-loader/dist/cjs.js??clonedRuleSet-9.use[3]!./node_modules/vue-loader/lib/index.js??vue-loader-options!./src/App.vue?vue&type=style&index=0&id=ff9bf4a4&prod&lang=scss
 @ ./src/App.vue?vue&type=style&index=0&id=ff9bf4a4&prod&lang=scss 1:0-444 1:0-444
 @ ./src/App.vue 4:0-80
 @ ./src/main.js 238:0-24 293:9-12

[1m[33mWARNING[39m[22m in [1m./src/App.vue?vue&type=style&index=0&id=ff9bf4a4&prod&lang=scss[39m[22m (./src/App.vue.webpack[javascript/auto]!=!./node_modules/css-loader/dist/cjs.js??clonedRuleSet-9.use[1]!./node_modules/vue-loader/lib/loaders/stylePostLoader.js!./node_modules/postcss-loader/dist/cjs.js??clonedRuleSet-9.use[2]!./node_modules/sass-loader/dist/cjs.js??clonedRuleSet-9.use[3]!./node_modules/vue-loader/lib/index.js??vue-loader-options!./src/App.vue?vue&type=style&index=0&id=ff9bf4a4&prod&lang=scss)
[1mModule Warning (from ./node_modules/sass-loader/dist/cjs.js):
Deprecation Warning on line 36, column 10 of file:///home/Bultut/Downloads/Church-frontend/church-is-frontend-master%20(1)/church-is-frontend-master/node_modules/bootstrap/scss/_functions.scss:36:10:
red() is [1m[33mdeprecated[39m[22m[1m. Suggestion:

color.channel($color, "red", $space: rgb)

More info: https://sass-lang.com/d/color-functions

36 |   @return red($value), green($value), blue($value);


node_modules/bootstrap/scss/_functions.scss 37:11   to-rgb()
node_modules/bootstrap/scss/_variables.scss 846:31  @import
node_modules/bootstrap/scss/bootstrap.scss 8:9      @import
src/assets/styles/church-is.scss 1:9                @import
src/App.vue 3:9                                     root stylesheet
[39m[22m
 @ ./node_modules/mini-css-extract-plugin/dist/loader.js!./node_modules/css-loader/dist/cjs.js??clonedRuleSet-9.use[1]!./node_modules/vue-loader/lib/loaders/stylePostLoader.js!./node_modules/postcss-loader/dist/cjs.js??clonedRuleSet-9.use[2]!./node_modules/sass-loader/dist/cjs.js??clonedRuleSet-9.use[3]!./node_modules/vue-loader/lib/index.js??vue-loader-options!./src/App.vue?vue&type=style&index=0&id=ff9bf4a4&prod&lang=scss
 @ ./src/App.vue?vue&type=style&index=0&id=ff9bf4a4&prod&lang=scss 1:0-444 1:0-444
 @ ./src/App.vue 4:0-80
 @ ./src/main.js 238:0-24 293:9-12

[1m[33mWARNING[39m[22m in [1m./src/App.vue?vue&type=style&index=0&id=ff9bf4a4&prod&lang=scss[39m[22m (./src/App.vue.webpack[javascript/auto]!=!./node_modules/css-loader/dist/cjs.js??clonedRuleSet-9.use[1]!./node_modules/vue-loader/lib/loaders/stylePostLoader.js!./node_modules/postcss-loader/dist/cjs.js??clonedRuleSet-9.use[2]!./node_modules/sass-loader/dist/cjs.js??clonedRuleSet-9.use[3]!./node_modules/vue-loader/lib/index.js??vue-loader-options!./src/App.vue?vue&type=style&index=0&id=ff9bf4a4&prod&lang=scss)
[1mModule Warning (from ./node_modules/sass-loader/dist/cjs.js):
Deprecation Warning on line 36, column 23 of file:///home/Bultut/Downloads/Church-frontend/church-is-frontend-master%20(1)/church-is-frontend-master/node_modules/bootstrap/scss/_functions.scss:36:23:
green() is [1m[33mdeprecated[39m[22m[1m. Suggestion:

color.channel($color, "green", $space: rgb)

More info: https://sass-lang.com/d/color-functions

36 |   @return red($value), green($value), blue($value);


node_modules/bootstrap/scss/_functions.scss 37:24   to-rgb()
node_modules/bootstrap/scss/_variables.scss 846:31  @import
node_modules/bootstrap/scss/bootstrap.scss 8:9      @import
src/assets/styles/church-is.scss 1:9                @import
src/App.vue 3:9                                     root stylesheet
[39m[22m
 @ ./node_modules/mini-css-extract-plugin/dist/loader.js!./node_modules/css-loader/dist/cjs.js??clonedRuleSet-9.use[1]!./node_modules/vue-loader/lib/loaders/stylePostLoader.js!./node_modules/postcss-loader/dist/cjs.js??clonedRuleSet-9.use[2]!./node_modules/sass-loader/dist/cjs.js??clonedRuleSet-9.use[3]!./node_modules/vue-loader/lib/index.js??vue-loader-options!./src/App.vue?vue&type=style&index=0&id=ff9bf4a4&prod&lang=scss
 @ ./src/App.vue?vue&type=style&index=0&id=ff9bf4a4&prod&lang=scss 1:0-444 1:0-444
 @ ./src/App.vue 4:0-80
 @ ./src/main.js 238:0-24 293:9-12

[1m[33mWARNING[39m[22m in [1m./src/App.vue?vue&type=style&index=0&id=ff9bf4a4&prod&lang=scss[39m[22m (./src/App.vue.webpack[javascript/auto]!=!./node_modules/css-loader/dist/cjs.js??clonedRuleSet-9.use[1]!./node_modules/vue-loader/lib/loaders/stylePostLoader.js!./node_modules/postcss-loader/dist/cjs.js??clonedRuleSet-9.use[2]!./node_modules/sass-loader/dist/cjs.js??clonedRuleSet-9.use[3]!./node_modules/vue-loader/lib/index.js??vue-loader-options!./src/App.vue?vue&type=style&index=0&id=ff9bf4a4&prod&lang=scss)
[1mModule Warning (from ./node_modules/sass-loader/dist/cjs.js):
Deprecation Warning on line 184, column 9 of file:///home/Bultut/Downloads/Church-frontend/church-is-frontend-master%20(1)/church-is-frontend-master/node_modules/bootstrap/scss/_functions.scss:184:9:
red() is [1m[33mdeprecated[39m[22m[1m. Suggestion:

color.channel($color, "red", $space: rgb)

More info: https://sass-lang.com/d/color-functions

184 |     "r": red($color),


node_modules/bootstrap/scss/_functions.scss 185:10  luminance()
node_modules/bootstrap/scss/_functions.scss 174:8   contrast-ratio()
node_modules/bootstrap/scss/_functions.scss 159:22  color-contrast()
node_modules/bootstrap/scss/_variables.scss 846:42  @import
node_modules/bootstrap/scss/bootstrap.scss 8:9      @import
src/assets/styles/church-is.scss 1:9                @import
src/App.vue 3:9                                     root stylesheet
[39m[22m
 @ ./node_modules/mini-css-extract-plugin/dist/loader.js!./node_modules/css-loader/dist/cjs.js??clonedRuleSet-9.use[1]!./node_modules/vue-loader/lib/loaders/stylePostLoader.js!./node_modules/postcss-loader/dist/cjs.js??clonedRuleSet-9.use[2]!./node_modules/sass-loader/dist/cjs.js??clonedRuleSet-9.use[3]!./node_modules/vue-loader/lib/index.js??vue-loader-options!./src/App.vue?vue&type=style&index=0&id=ff9bf4a4&prod&lang=scss
 @ ./src/App.vue?vue&type=style&index=0&id=ff9bf4a4&prod&lang=scss 1:0-444 1:0-444
 @ ./src/App.vue 4:0-80
 @ ./src/main.js 238:0-24 293:9-12

[1m[33mWARNING[39m[22m in [1m./src/App.vue?vue&type=style&index=0&id=ff9bf4a4&prod&lang=scss[39m[22m (./src/App.vue.webpack[javascript/auto]!=!./node_modules/css-loader/dist/cjs.js??clonedRuleSet-9.use[1]!./node_modules/vue-loader/lib/loaders/stylePostLoader.js!./node_modules/postcss-loader/dist/cjs.js??clonedRuleSet-9.use[2]!./node_modules/sass-loader/dist/cjs.js??clonedRuleSet-9.use[3]!./node_modules/vue-loader/lib/index.js??vue-loader-options!./src/App.vue?vue&type=style&index=0&id=ff9bf4a4&prod&lang=scss)
[1mModule Warning (from ./node_modules/sass-loader/dist/cjs.js):
Deprecation Warning on line 185, column 9 of file:///home/Bultut/Downloads/Church-frontend/church-is-frontend-master%20(1)/church-is-frontend-master/node_modules/bootstrap/scss/_functions.scss:185:9:
green() is [1m[33mdeprecated[39m[22m[1m. Suggestion:

color.channel($color, "green", $space: rgb)

More info: https://sass-lang.com/d/color-functions

185 |     "g": green($color),


node_modules/bootstrap/scss/_functions.scss 186:10  luminance()
node_modules/bootstrap/scss/_functions.scss 174:8   contrast-ratio()
node_modules/bootstrap/scss/_functions.scss 159:22  color-contrast()
node_modules/bootstrap/scss/_variables.scss 846:42  @import
node_modules/bootstrap/scss/bootstrap.scss 8:9      @import
src/assets/styles/church-is.scss 1:9                @import
src/App.vue 3:9                                     root stylesheet
[39m[22m
 @ ./node_modules/mini-css-extract-plugin/dist/loader.js!./node_modules/css-loader/dist/cjs.js??clonedRuleSet-9.use[1]!./node_modules/vue-loader/lib/loaders/stylePostLoader.js!./node_modules/postcss-loader/dist/cjs.js??clonedRuleSet-9.use[2]!./node_modules/sass-loader/dist/cjs.js??clonedRuleSet-9.use[3]!./node_modules/vue-loader/lib/index.js??vue-loader-options!./src/App.vue?vue&type=style&index=0&id=ff9bf4a4&prod&lang=scss
 @ ./src/App.vue?vue&type=style&index=0&id=ff9bf4a4&prod&lang=scss 1:0-444 1:0-444
 @ ./src/App.vue 4:0-80
 @ ./src/main.js 238:0-24 293:9-12

[1m[33mWARNING[39m[22m in [1m./src/App.vue?vue&type=style&index=0&id=ff9bf4a4&prod&lang=scss[39m[22m (./src/App.vue.webpack[javascript/auto]!=!./node_modules/css-loader/dist/cjs.js??clonedRuleSet-9.use[1]!./node_modules/vue-loader/lib/loaders/stylePostLoader.js!./node_modules/postcss-loader/dist/cjs.js??clonedRuleSet-9.use[2]!./node_modules/sass-loader/dist/cjs.js??clonedRuleSet-9.use[3]!./node_modules/vue-loader/lib/index.js??vue-loader-options!./src/App.vue?vue&type=style&index=0&id=ff9bf4a4&prod&lang=scss)
[1mModule Warning (from ./node_modules/sass-loader/dist/cjs.js):
Deprecation Warning on line 186, column 9 of file:///home/Bultut/Downloads/Church-frontend/church-is-frontend-master%20(1)/church-is-frontend-master/node_modules/bootstrap/scss/_functions.scss:186:9:
blue() is [1m[33mdeprecated[39m[22m[1m. Suggestion:

color.channel($color, "blue", $space: rgb)

More info: https://sass-lang.com/d/color-functions

186 |     "b": blue($color)


node_modules/bootstrap/scss/_functions.scss 187:10  luminance()
node_modules/bootstrap/scss/_functions.scss 174:8   contrast-ratio()
node_modules/bootstrap/scss/_functions.scss 159:22  color-contrast()
node_modules/bootstrap/scss/_variables.scss 846:42  @import
node_modules/bootstrap/scss/bootstrap.scss 8:9      @import
src/assets/styles/church-is.scss 1:9                @import
src/App.vue 3:9                                     root stylesheet
[39m[22m
 @ ./node_modules/mini-css-extract-plugin/dist/loader.js!./node_modules/css-loader/dist/cjs.js??clonedRuleSet-9.use[1]!./node_modules/vue-loader/lib/loaders/stylePostLoader.js!./node_modules/postcss-loader/dist/cjs.js??clonedRuleSet-9.use[2]!./node_modules/sass-loader/dist/cjs.js??clonedRuleSet-9.use[3]!./node_modules/vue-loader/lib/index.js??vue-loader-options!./src/App.vue?vue&type=style&index=0&id=ff9bf4a4&prod&lang=scss
 @ ./src/App.vue?vue&type=style&index=0&id=ff9bf4a4&prod&lang=scss 1:0-444 1:0-444
 @ ./src/App.vue 4:0-80
 @ ./src/main.js 238:0-24 293:9-12

[1m[33mWARNING[39m[22m in [1m./src/App.vue?vue&type=style&index=0&id=ff9bf4a4&prod&lang=scss[39m[22m (./src/App.vue.webpack[javascript/auto]!=!./node_modules/css-loader/dist/cjs.js??clonedRuleSet-9.use[1]!./node_modules/vue-loader/lib/loaders/stylePostLoader.js!./node_modules/postcss-loader/dist/cjs.js??clonedRuleSet-9.use[2]!./node_modules/sass-loader/dist/cjs.js??clonedRuleSet-9.use[3]!./node_modules/vue-loader/lib/index.js??vue-loader-options!./src/App.vue?vue&type=style&index=0&id=ff9bf4a4&prod&lang=scss)
[1mModule Warning (from ./node_modules/sass-loader/dist/cjs.js):
Deprecation Warning on line 206, column 10 of file:///home/Bultut/Downloads/Church-frontend/church-is-frontend-master%20(1)/church-is-frontend-master/node_modules/bootstrap/scss/_functions.scss:206:10:
Global built-in functions are [1m[33mdeprecated[39m[22m[1m and will be removed in Dart Sass 3.0.0.
[1m[33mUse color.mix instead[39m[22m[1m.

More info and automated migrator: https://sass-lang.com/d/import

206 |   @return mix(white, $color, $weight);


node_modules/bootstrap/scss/_functions.scss 207:11  tint-color()
node_modules/bootstrap/scss/_variables.scss 79:12   @import
node_modules/bootstrap/scss/bootstrap.scss 8:9      @import
src/assets/styles/church-is.scss 1:9                @import
src/App.vue 3:9                                     root stylesheet
[39m[22m
 @ ./node_modules/mini-css-extract-plugin/dist/loader.js!./node_modules/css-loader/dist/cjs.js??clonedRuleSet-9.use[1]!./node_modules/vue-loader/lib/loaders/stylePostLoader.js!./node_modules/postcss-loader/dist/cjs.js??clonedRuleSet-9.use[2]!./node_modules/sass-loader/dist/cjs.js??clonedRuleSet-9.use[3]!./node_modules/vue-loader/lib/index.js??vue-loader-options!./src/App.vue?vue&type=style&index=0&id=ff9bf4a4&prod&lang=scss
 @ ./src/App.vue?vue&type=style&index=0&id=ff9bf4a4&prod&lang=scss 1:0-444 1:0-444
 @ ./src/App.vue 4:0-80
 @ ./src/main.js 238:0-24 293:9-12

[1m[33mWARNING[39m[22m in [1m./src/App.vue?vue&type=style&index=0&id=ff9bf4a4&prod&lang=scss[39m[22m (./src/App.vue.webpack[javascript/auto]!=!./node_modules/css-loader/dist/cjs.js??clonedRuleSet-9.use[1]!./node_modules/vue-loader/lib/loaders/stylePostLoader.js!./node_modules/postcss-loader/dist/cjs.js??clonedRuleSet-9.use[2]!./node_modules/sass-loader/dist/cjs.js??clonedRuleSet-9.use[3]!./node_modules/vue-loader/lib/index.js??vue-loader-options!./src/App.vue?vue&type=style&index=0&id=ff9bf4a4&prod&lang=scss)
[1mModule Warning (from ./node_modules/sass-loader/dist/cjs.js):
Deprecation Warning on line 211, column 10 of file:///home/Bultut/Downloads/Church-frontend/church-is-frontend-master%20(1)/church-is-frontend-master/node_modules/bootstrap/scss/_functions.scss:211:10:
Global built-in functions are [1m[33mdeprecated[39m[22m[1m and will be removed in Dart Sass 3.0.0.
[1m[33mUse color.mix instead[39m[22m[1m.

More info and automated migrator: https://sass-lang.com/d/import

211 |   @return mix(black, $color, $weight);


node_modules/bootstrap/scss/_functions.scss 212:11  shade-color()
node_modules/bootstrap/scss/_variables.scss 84:12   @import
node_modules/bootstrap/scss/bootstrap.scss 8:9      @import
src/assets/styles/church-is.scss 1:9                @import
src/App.vue 3:9                                     root stylesheet
[39m[22m
 @ ./node_modules/mini-css-extract-plugin/dist/loader.js!./node_modules/css-loader/dist/cjs.js??clonedRuleSet-9.use[1]!./node_modules/vue-loader/lib/loaders/stylePostLoader.js!./node_modules/postcss-loader/dist/cjs.js??clonedRuleSet-9.use[2]!./node_modules/sass-loader/dist/cjs.js??clonedRuleSet-9.use[3]!./node_modules/vue-loader/lib/index.js??vue-loader-options!./src/App.vue?vue&type=style&index=0&id=ff9bf4a4&prod&lang=scss
 @ ./src/App.vue?vue&type=style&index=0&id=ff9bf4a4&prod&lang=scss 1:0-444 1:0-444
 @ ./src/App.vue 4:0-80
 @ ./src/main.js 238:0-24 293:9-12

[1m[33mWARNING[39m[22m in [1m./src/App.vue?vue&type=style&index=0&id=ff9bf4a4&prod&lang=scss[39m[22m (./src/App.vue.webpack[javascript/auto]!=!./node_modules/css-loader/dist/cjs.js??clonedRuleSet-9.use[1]!./node_modules/vue-loader/lib/loaders/stylePostLoader.js!./node_modules/postcss-loader/dist/cjs.js??clonedRuleSet-9.use[2]!./node_modules/sass-loader/dist/cjs.js??clonedRuleSet-9.use[3]!./node_modules/vue-loader/lib/index.js??vue-loader-options!./src/App.vue?vue&type=style&index=0&id=ff9bf4a4&prod&lang=scss)
[1mModule Warning (from ./node_modules/sass-loader/dist/cjs.js):
Deprecation Warning on line 341, column 26 of file:///home/Bultut/Downloads/Church-frontend/church-is-frontend-master%20(1)/church-is-frontend-master/node_modules/bootstrap/scss/_variables.scss:341:26:
Global built-in functions are [1m[33mdeprecated[39m[22m[1m and will be removed in Dart Sass 3.0.0.
[1m[33mUse color.mix instead[39m[22m[1m.

More info and automated migrator: https://sass-lang.com/d/import

341 | $light-bg-subtle:         mix($gray-100, $white) !default;


node_modules/bootstrap/scss/_variables.scss 342:27  @import
node_modules/bootstrap/scss/bootstrap.scss 8:9      @import
src/assets/styles/church-is.scss 1:9                @import
src/App.vue 3:9                                     root stylesheet
[39m[22m
 @ ./node_modules/mini-css-extract-plugin/dist/loader.js!./node_modules/css-loader/dist/cjs.js??clonedRuleSet-9.use[1]!./node_modules/vue-loader/lib/loaders/stylePostLoader.js!./node_modules/postcss-loader/dist/cjs.js??clonedRuleSet-9.use[2]!./node_modules/sass-loader/dist/cjs.js??clonedRuleSet-9.use[3]!./node_modules/vue-loader/lib/index.js??vue-loader-options!./src/App.vue?vue&type=style&index=0&id=ff9bf4a4&prod&lang=scss
 @ ./src/App.vue?vue&type=style&index=0&id=ff9bf4a4&prod&lang=scss 1:0-444 1:0-444
 @ ./src/App.vue 4:0-80
 @ ./src/main.js 238:0-24 293:9-12

[1m[33mWARNING[39m[22m in [1m./src/App.vue?vue&type=style&index=0&id=ff9bf4a4&prod&lang=scss[39m[22m (./src/App.vue.webpack[javascript/auto]!=!./node_modules/css-loader/dist/cjs.js??clonedRuleSet-9.use[1]!./node_modules/vue-loader/lib/loaders/stylePostLoader.js!./node_modules/postcss-loader/dist/cjs.js??clonedRuleSet-9.use[2]!./node_modules/sass-loader/dist/cjs.js??clonedRuleSet-9.use[3]!./node_modules/vue-loader/lib/index.js??vue-loader-options!./src/App.vue?vue&type=style&index=0&id=ff9bf4a4&prod&lang=scss)
[1mModule Warning (from ./node_modules/sass-loader/dist/cjs.js):
234 repetitive deprecation warnings omitted.[39m[22m
 @ ./node_modules/mini-css-extract-plugin/dist/loader.js!./node_modules/css-loader/dist/cjs.js??clonedRuleSet-9.use[1]!./node_modules/vue-loader/lib/loaders/stylePostLoader.js!./node_modules/postcss-loader/dist/cjs.js??clonedRuleSet-9.use[2]!./node_modules/sass-loader/dist/cjs.js??clonedRuleSet-9.use[3]!./node_modules/vue-loader/lib/index.js??vue-loader-options!./src/App.vue?vue&type=style&index=0&id=ff9bf4a4&prod&lang=scss
 @ ./src/App.vue?vue&type=style&index=0&id=ff9bf4a4&prod&lang=scss 1:0-444 1:0-444
 @ ./src/App.vue 4:0-80
 @ ./src/main.js 238:0-24 293:9-12

[1m[33mWARNING[39m[22m in [1m./src/components/finance/generalFinance.vue?vue&type=style&index=0&id=61bbfb58&prod&scoped=true&lang=scss[39m[22m (./src/components/finance/generalFinance.vue.webpack[javascript/auto]!=!./node_modules/css-loader/dist/cjs.js??clonedRuleSet-9.use[1]!./node_modules/vue-loader/lib/loaders/stylePostLoader.js!./node_modules/postcss-loader/dist/cjs.js??clonedRuleSet-9.use[2]!./node_modules/sass-loader/dist/cjs.js??clonedRuleSet-9.use[3]!./node_modules/vue-loader/lib/index.js??vue-loader-options!./src/components/finance/generalFinance.vue?vue&type=style&index=0&id=61bbfb58&prod&scoped=true&lang=scss)
[1mModule Warning (from ./node_modules/sass-loader/dist/cjs.js):
Deprecation The legacy JS API is [1m[33mdeprecated[39m[22m[1m and will be removed in Dart Sass 2.0.0.

More info: https://sass-lang.com/d/legacy-js-api[39m[22m
 @ ./node_modules/mini-css-extract-plugin/dist/loader.js!./node_modules/css-loader/dist/cjs.js??clonedRuleSet-9.use[1]!./node_modules/vue-loader/lib/loaders/stylePostLoader.js!./node_modules/postcss-loader/dist/cjs.js??clonedRuleSet-9.use[2]!./node_modules/sass-loader/dist/cjs.js??clonedRuleSet-9.use[3]!./node_modules/vue-loader/lib/index.js??vue-loader-options!./src/components/finance/generalFinance.vue?vue&type=style&index=0&id=61bbfb58&prod&scoped=true&lang=scss
 @ ./src/components/finance/generalFinance.vue?vue&type=style&index=0&id=61bbfb58&prod&scoped=true&lang=scss 1:0-503 1:0-503
 @ ./src/components/finance/generalFinance.vue 4:0-103
 @ ./src/router/index.js 17:0-65 100:15-29
 @ ./src/main.js

[1m[33mWARNING[39m[22m in [1mconfiguration
The value 'hashed' for option 'optimization.moduleIds' is [1m[33mdeprecated[39m[22m[1m. [1m[33mUse 'deterministic' instead[39m[22m[1m.[39m[22m

[1m[31mERROR[39m[22m in [1m./node_modules/bootstrap/dist/css/bootstrap.min.css[39m[22m (./node_modules/bootstrap/dist/css/bootstrap.min.css.webpack[javascript/auto]!=!./node_modules/css-loader/dist/cjs.js??clonedRuleSet-5.use[1]!./node_modules/postcss-loader/dist/cjs.js??clonedRuleSet-5.use[2]!./node_modules/bootstrap/dist/css/bootstrap.min.css)
[1mModule build [1m[31mfailed[39m[22m[1m (from ./node_modules/postcss-loader/dist/cjs.js):
TypeError: bundle.findLastIndex is not a function
    at applyConditions (/home/Bultut/Downloads/Church-frontend/church-is-frontend-master (1)/church-is-frontend-master/node_modules/postcss-import/lib/apply-conditions.js:9:43)
    at Object.Once (/home/Bultut/Downloads/Church-frontend/church-is-frontend-master (1)/church-is-frontend-master/node_modules/postcss-import/index.js:62:7)
    at async LazyResult.runAsync (/home/Bultut/Downloads/Church-frontend/church-is-frontend-master (1)/church-is-frontend-master/node_modules/postcss/lib/lazy-result.js:293:11)
    at async Object.loader (/home/Bultut/Downloads/Church-frontend/church-is-frontend-master (1)/church-is-frontend-master/node_modules/postcss-loader/dist/index.js:84:14)[39m[22m
 @ ./node_modules/bootstrap/dist/css/bootstrap.min.css
 @ ./src/main.js 241:0-46

[1m[31mERROR[39m[22m in [1m./node_modules/quill/dist/quill.bubble.css[39m[22m (./node_modules/quill/dist/quill.bubble.css.webpack[javascript/auto]!=!./node_modules/css-loader/dist/cjs.js??clonedRuleSet-5.use[1]!./node_modules/postcss-loader/dist/cjs.js??clonedRuleSet-5.use[2]!./node_modules/quill/dist/quill.bubble.css)
[1mModule build [1m[31mfailed[39m[22m[1m (from ./node_modules/postcss-loader/dist/cjs.js):
TypeError: bundle.findLastIndex is not a function
    at applyConditions (/home/Bultut/Downloads/Church-frontend/church-is-frontend-master (1)/church-is-frontend-master/node_modules/postcss-import/lib/apply-conditions.js:9:43)
    at Object.Once (/home/Bultut/Downloads/Church-frontend/church-is-frontend-master (1)/church-is-frontend-master/node_modules/postcss-import/index.js:62:7)
    at async LazyResult.runAsync (/home/Bultut/Downloads/Church-frontend/church-is-frontend-master (1)/church-is-frontend-master/node_modules/postcss/lib/lazy-result.js:293:11)
    at async Object.loader (/home/Bultut/Downloads/Church-frontend/church-is-frontend-master (1)/church-is-frontend-master/node_modules/postcss-loader/dist/index.js:84:14)[39m[22m
 @ ./node_modules/quill/dist/quill.bubble.css
 @ ./src/main.js 252:0-37

[1m[31mERROR[39m[22m in [1m./node_modules/quill/dist/quill.core.css[39m[22m (./node_modules/quill/dist/quill.core.css.webpack[javascript/auto]!=!./node_modules/css-loader/dist/cjs.js??clonedRuleSet-5.use[1]!./node_modules/postcss-loader/dist/cjs.js??clonedRuleSet-5.use[2]!./node_modules/quill/dist/quill.core.css)
[1mModule build [1m[31mfailed[39m[22m[1m (from ./node_modules/postcss-loader/dist/cjs.js):
TypeError: bundle.findLastIndex is not a function
    at applyConditions (/home/Bultut/Downloads/Church-frontend/church-is-frontend-master (1)/church-is-frontend-master/node_modules/postcss-import/lib/apply-conditions.js:9:43)
    at Object.Once (/home/Bultut/Downloads/Church-frontend/church-is-frontend-master (1)/church-is-frontend-master/node_modules/postcss-import/index.js:62:7)
    at async LazyResult.runAsync (/home/Bultut/Downloads/Church-frontend/church-is-frontend-master (1)/church-is-frontend-master/node_modules/postcss/lib/lazy-result.js:293:11)
    at async Object.loader (/home/Bultut/Downloads/Church-frontend/church-is-frontend-master (1)/church-is-frontend-master/node_modules/postcss-loader/dist/index.js:84:14)[39m[22m
 @ ./node_modules/quill/dist/quill.core.css
 @ ./src/main.js 250:0-35

[1m[31mERROR[39m[22m in [1m./node_modules/quill/dist/quill.snow.css[39m[22m (./node_modules/quill/dist/quill.snow.css.webpack[javascript/auto]!=!./node_modules/css-loader/dist/cjs.js??clonedRuleSet-5.use[1]!./node_modules/postcss-loader/dist/cjs.js??clonedRuleSet-5.use[2]!./node_modules/quill/dist/quill.snow.css)
[1mModule build [1m[31mfailed[39m[22m[1m (from ./node_modules/postcss-loader/dist/cjs.js):
TypeError: bundle.findLastIndex is not a function
    at applyConditions (/home/Bultut/Downloads/Church-frontend/church-is-frontend-master (1)/church-is-frontend-master/node_modules/postcss-import/lib/apply-conditions.js:9:43)
    at Object.Once (/home/Bultut/Downloads/Church-frontend/church-is-frontend-master (1)/church-is-frontend-master/node_modules/postcss-import/index.js:62:7)
    at async LazyResult.runAsync (/home/Bultut/Downloads/Church-frontend/church-is-frontend-master (1)/church-is-frontend-master/node_modules/postcss/lib/lazy-result.js:293:11)
    at async Object.loader (/home/Bultut/Downloads/Church-frontend/church-is-frontend-master (1)/church-is-frontend-master/node_modules/postcss-loader/dist/index.js:84:14)[39m[22m
 @ ./node_modules/quill/dist/quill.snow.css
 @ ./src/main.js 251:0-35

[1m[31mERROR[39m[22m in [1m./node_modules/vue-cal/dist/vuecal.css[39m[22m (./node_modules/vue-cal/dist/vuecal.css.webpack[javascript/auto]!=!./node_modules/css-loader/dist/cjs.js??clonedRuleSet-5.use[1]!./node_modules/postcss-loader/dist/cjs.js??clonedRuleSet-5.use[2]!./node_modules/vue-cal/dist/vuecal.css)
[1mModule build [1m[31mfailed[39m[22m[1m (from ./node_modules/postcss-loader/dist/cjs.js):
TypeError: bundle.findLastIndex is not a function
    at applyConditions (/home/Bultut/Downloads/Church-frontend/church-is-frontend-master (1)/church-is-frontend-master/node_modules/postcss-import/lib/apply-conditions.js:9:43)
    at Object.Once (/home/Bultut/Downloads/Church-frontend/church-is-frontend-master (1)/church-is-frontend-master/node_modules/postcss-import/index.js:62:7)
    at async LazyResult.runAsync (/home/Bultut/Downloads/Church-frontend/church-is-frontend-master (1)/church-is-frontend-master/node_modules/postcss/lib/lazy-result.js:293:11)
    at async Object.loader (/home/Bultut/Downloads/Church-frontend/church-is-frontend-master (1)/church-is-frontend-master/node_modules/postcss-loader/dist/index.js:84:14)[39m[22m
 @ ./node_modules/vue-cal/dist/vuecal.css
 @ ./node_modules/babel-loader/lib/index.js!./node_modules/vue-loader/lib/index.js??vue-loader-options!./src/components/events/events.vue?vue&type=script&lang=js 3:0-33
 @ ./src/components/events/events.vue?vue&type=script&lang=js 1:0-171 1:187-190 1:192-360 1:192-360
 @ ./src/components/events/events.vue 2:0-57 3:0-52 3:0-52 9:2-8
 @ ./src/router/index.js 12:0-48 80:15-21
 @ ./src/main.js

[1m[31mERROR[39m[22m in [1m./node_modules/vue-loading-overlay/dist/vue-loading.css[39m[22m (./node_modules/vue-loading-overlay/dist/vue-loading.css.webpack[javascript/auto]!=!./node_modules/css-loader/dist/cjs.js??clonedRuleSet-5.use[1]!./node_modules/postcss-loader/dist/cjs.js??clonedRuleSet-5.use[2]!./node_modules/vue-loading-overlay/dist/vue-loading.css)
[1mModule build [1m[31mfailed[39m[22m[1m (from ./node_modules/postcss-loader/dist/cjs.js):
TypeError: bundle.findLastIndex is not a function
    at applyConditions (/home/Bultut/Downloads/Church-frontend/church-is-frontend-master (1)/church-is-frontend-master/node_modules/postcss-import/lib/apply-conditions.js:9:43)
    at Object.Once (/home/Bultut/Downloads/Church-frontend/church-is-frontend-master (1)/church-is-frontend-master/node_modules/postcss-import/index.js:62:7)
    at async LazyResult.runAsync (/home/Bultut/Downloads/Church-frontend/church-is-frontend-master (1)/church-is-frontend-master/node_modules/postcss/lib/lazy-result.js:293:11)
    at async Object.loader (/home/Bultut/Downloads/Church-frontend/church-is-frontend-master (1)/church-is-frontend-master/node_modules/postcss-loader/dist/index.js:84:14)[39m[22m
 @ ./node_modules/vue-loading-overlay/dist/vue-loading.css
 @ ./node_modules/babel-loader/lib/index.js!./node_modules/vue-loader/lib/index.js??vue-loader-options!./src/App.vue?vue&type=script&lang=js 3:0-50
 @ ./src/App.vue?vue&type=script&lang=js 1:0-156 1:172-175 1:177-330 1:177-330
 @ ./src/App.vue 2:0-54 3:0-49 3:0-49 10:2-8
 @ ./src/main.js 238:0-24 293:9-12

[1m[31mERROR[39m[22m in [1m./src/components/daily-verses/dailyVerse.vue?vue&type=style&index=0&id=11f35ef3&prod&scoped=true&lang=css[39m[22m (./src/components/daily-verses/dailyVerse.vue.webpack[javascript/auto]!=!./node_modules/css-loader/dist/cjs.js??clonedRuleSet-5.use[1]!./node_modules/vue-loader/lib/loaders/stylePostLoader.js!./node_modules/postcss-loader/dist/cjs.js??clonedRuleSet-5.use[2]!./node_modules/vue-loader/lib/index.js??vue-loader-options!./src/components/daily-verses/dailyVerse.vue?vue&type=style&index=0&id=11f35ef3&prod&scoped=true&lang=css)
[1mModule build [1m[31mfailed[39m[22m[1m (from ./node_modules/postcss-loader/dist/cjs.js):
TypeError: bundle.findLastIndex is not a function
    at applyConditions (/home/Bultut/Downloads/Church-frontend/church-is-frontend-master (1)/church-is-frontend-master/node_modules/postcss-import/lib/apply-conditions.js:9:43)
    at Object.Once (/home/Bultut/Downloads/Church-frontend/church-is-frontend-master (1)/church-is-frontend-master/node_modules/postcss-import/index.js:62:7)
    at async LazyResult.runAsync (/home/Bultut/Downloads/Church-frontend/church-is-frontend-master (1)/church-is-frontend-master/node_modules/postcss/lib/lazy-result.js:293:11)
    at async Object.loader (/home/Bultut/Downloads/Church-frontend/church-is-frontend-master (1)/church-is-frontend-master/node_modules/postcss-loader/dist/index.js:84:14)[39m[22m
 @ ./node_modules/mini-css-extract-plugin/dist/loader.js!./node_modules/css-loader/dist/cjs.js??clonedRuleSet-5.use[1]!./node_modules/vue-loader/lib/loaders/stylePostLoader.js!./node_modules/postcss-loader/dist/cjs.js??clonedRuleSet-5.use[2]!./node_modules/vue-loader/lib/index.js??vue-loader-options!./src/components/daily-verses/dailyVerse.vue?vue&type=style&index=0&id=11f35ef3&prod&scoped=true&lang=css
 @ ./src/components/daily-verses/dailyVerse.vue?vue&type=style&index=0&id=11f35ef3&prod&scoped=true&lang=css 1:0-428 1:0-428
 @ ./src/components/daily-verses/dailyVerse.vue 4:0-98
 @ ./src/router/index.js 20:0-62 112:15-25
 @ ./src/main.js

[1m[31mERROR[39m[22m in [1m./src/App.vue?vue&type=style&index=0&id=ff9bf4a4&prod&lang=scss[39m[22m (./src/App.vue.webpack[javascript/auto]!=!./node_modules/css-loader/dist/cjs.js??clonedRuleSet-9.use[1]!./node_modules/vue-loader/lib/loaders/stylePostLoader.js!./node_modules/postcss-loader/dist/cjs.js??clonedRuleSet-9.use[2]!./node_modules/sass-loader/dist/cjs.js??clonedRuleSet-9.use[3]!./node_modules/vue-loader/lib/index.js??vue-loader-options!./src/App.vue?vue&type=style&index=0&id=ff9bf4a4&prod&lang=scss)
[1mModule build [1m[31mfailed[39m[22m[1m (from ./node_modules/postcss-loader/dist/cjs.js):
TypeError: bundle.findLastIndex is not a function
    at applyConditions (/home/Bultut/Downloads/Church-frontend/church-is-frontend-master (1)/church-is-frontend-master/node_modules/postcss-import/lib/apply-conditions.js:9:43)
    at Object.Once (/home/Bultut/Downloads/Church-frontend/church-is-frontend-master (1)/church-is-frontend-master/node_modules/postcss-import/index.js:62:7)
    at async LazyResult.runAsync (/home/Bultut/Downloads/Church-frontend/church-is-frontend-master (1)/church-is-frontend-master/node_modules/postcss/lib/lazy-result.js:293:11)
    at async Object.loader (/home/Bultut/Downloads/Church-frontend/church-is-frontend-master (1)/church-is-frontend-master/node_modules/postcss-loader/dist/index.js:84:14)[39m[22m
 @ ./node_modules/mini-css-extract-plugin/dist/loader.js!./node_modules/css-loader/dist/cjs.js??clonedRuleSet-9.use[1]!./node_modules/vue-loader/lib/loaders/stylePostLoader.js!./node_modules/postcss-loader/dist/cjs.js??clonedRuleSet-9.use[2]!./node_modules/sass-loader/dist/cjs.js??clonedRuleSet-9.use[3]!./node_modules/vue-loader/lib/index.js??vue-loader-options!./src/App.vue?vue&type=style&index=0&id=ff9bf4a4&prod&lang=scss
 @ ./src/App.vue?vue&type=style&index=0&id=ff9bf4a4&prod&lang=scss 1:0-444 1:0-444
 @ ./src/App.vue 4:0-80
 @ ./src/main.js 238:0-24 293:9-12

[1m[31mERROR[39m[22m in [1m./src/components/finance/generalFinance.vue?vue&type=style&index=0&id=61bbfb58&prod&scoped=true&lang=scss[39m[22m (./src/components/finance/generalFinance.vue.webpack[javascript/auto]!=!./node_modules/css-loader/dist/cjs.js??clonedRuleSet-9.use[1]!./node_modules/vue-loader/lib/loaders/stylePostLoader.js!./node_modules/postcss-loader/dist/cjs.js??clonedRuleSet-9.use[2]!./node_modules/sass-loader/dist/cjs.js??clonedRuleSet-9.use[3]!./node_modules/vue-loader/lib/index.js??vue-loader-options!./src/components/finance/generalFinance.vue?vue&type=style&index=0&id=61bbfb58&prod&scoped=true&lang=scss)
[1mModule build [1m[31mfailed[39m[22m[1m (from ./node_modules/postcss-loader/dist/cjs.js):
TypeError: bundle.findLastIndex is not a function
    at applyConditions (/home/Bultut/Downloads/Church-frontend/church-is-frontend-master (1)/church-is-frontend-master/node_modules/postcss-import/lib/apply-conditions.js:9:43)
    at Object.Once (/home/Bultut/Downloads/Church-frontend/church-is-frontend-master (1)/church-is-frontend-master/node_modules/postcss-import/index.js:62:7)
    at async LazyResult.runAsync (/home/Bultut/Downloads/Church-frontend/church-is-frontend-master (1)/church-is-frontend-master/node_modules/postcss/lib/lazy-result.js:293:11)
    at async Object.loader (/home/Bultut/Downloads/Church-frontend/church-is-frontend-master (1)/church-is-frontend-master/node_modules/postcss-loader/dist/index.js:84:14)[39m[22m
 @ ./node_modules/mini-css-extract-plugin/dist/loader.js!./node_modules/css-loader/dist/cjs.js??clonedRuleSet-9.use[1]!./node_modules/vue-loader/lib/loaders/stylePostLoader.js!./node_modules/postcss-loader/dist/cjs.js??clonedRuleSet-9.use[2]!./node_modules/sass-loader/dist/cjs.js??clonedRuleSet-9.use[3]!./node_modules/vue-loader/lib/index.js??vue-loader-options!./src/components/finance/generalFinance.vue?vue&type=style&index=0&id=61bbfb58&prod&scoped=true&lang=scss
 @ ./src/components/finance/generalFinance.vue?vue&type=style&index=0&id=61bbfb58&prod&scoped=true&lang=scss 1:0-503 1:0-503
 @ ./src/components/finance/generalFinance.vue 4:0-103
 @ ./src/router/index.js 17:0-65 100:15-29
 @ ./src/main.js

[1m[31mERROR[39m[22m in [1m./node_modules/bootstrap/dist/css/bootstrap.min.css[39m[22m
[1mModule build [1m[31mfailed[39m[22m[1m (from ./node_modules/mini-css-extract-plugin/dist/loader.js):
HookWebpackError: Module build [1m[31mfailed[39m[22m[1m (from ./node_modules/postcss-loader/dist/cjs.js):
TypeError: bundle.findLastIndex is not a function
    at applyConditions (/home/Bultut/Downloads/Church-frontend/church-is-frontend-master (1)/church-is-frontend-master/node_modules/postcss-import/lib/apply-conditions.js:9:43)
    at Object.Once (/home/Bultut/Downloads/Church-frontend/church-is-frontend-master (1)/church-is-frontend-master/node_modules/postcss-import/index.js:62:7)
    at async LazyResult.runAsync (/home/Bultut/Downloads/Church-frontend/church-is-frontend-master (1)/church-is-frontend-master/node_modules/postcss/lib/lazy-result.js:293:11)
    at async Object.loader (/home/Bultut/Downloads/Church-frontend/church-is-frontend-master (1)/church-is-frontend-master/node_modules/postcss-loader/dist/index.js:84:14)
    at tryRunOrWebpackError (/home/Bultut/Downloads/Church-frontend/church-is-frontend-master (1)/church-is-frontend-master/node_modules/webpack/lib/HookWebpackError.js:86:9)
    at __webpack_require_module__ (/home/Bultut/Downloads/Church-frontend/church-is-frontend-master (1)/church-is-frontend-master/node_modules/webpack/lib/Compilation.js:5464:12)
    at __webpack_require__ (/home/Bultut/Downloads/Church-frontend/church-is-frontend-master (1)/church-is-frontend-master/node_modules/webpack/lib/Compilation.js:5411:18)
    at /home/Bultut/Downloads/Church-frontend/church-is-frontend-master (1)/church-is-frontend-master/node_modules/webpack/lib/Compilation.js:5498:20
    at symbolIterator (/home/Bultut/Downloads/Church-frontend/church-is-frontend-master (1)/church-is-frontend-master/node_modules/neo-async/async.js:3485:9)
    at done (/home/Bultut/Downloads/Church-frontend/church-is-frontend-master (1)/church-is-frontend-master/node_modules/neo-async/async.js:3527:9)
    at Hook.eval [as callAsync] (eval at create (/home/Bultut/Downloads/Church-frontend/church-is-frontend-master (1)/church-is-frontend-master/node_modules/tapable/lib/HookCodeFactory.js:33:10), <anonymous>:15:1)
    at /home/Bultut/Downloads/Church-frontend/church-is-frontend-master (1)/church-is-frontend-master/node_modules/webpack/lib/Compilation.js:5386:43
    at symbolIterator (/home/Bultut/Downloads/Church-frontend/church-is-frontend-master (1)/church-is-frontend-master/node_modules/neo-async/async.js:3482:9)
    at timesSync (/home/Bultut/Downloads/Church-frontend/church-is-frontend-master (1)/church-is-frontend-master/node_modules/neo-async/async.js:2297:7)
    at Object.eachLimit (/home/Bultut/Downloads/Church-frontend/church-is-frontend-master (1)/church-is-frontend-master/node_modules/neo-async/async.js:3463:5)
    at /home/Bultut/Downloads/Church-frontend/church-is-frontend-master (1)/church-is-frontend-master/node_modules/webpack/lib/Compilation.js:5348:16
    at symbolIterator (/home/Bultut/Downloads/Church-frontend/church-is-frontend-master (1)/church-is-frontend-master/node_modules/neo-async/async.js:3485:9)
    at timesSync (/home/Bultut/Downloads/Church-frontend/church-is-frontend-master (1)/church-is-frontend-master/node_modules/neo-async/async.js:2297:7)
    at Object.eachLimit (/home/Bultut/Downloads/Church-frontend/church-is-frontend-master (1)/church-is-frontend-master/node_modules/neo-async/async.js:3463:5)
    at /home/Bultut/Downloads/Church-frontend/church-is-frontend-master (1)/church-is-frontend-master/node_modules/webpack/lib/Compilation.js:5316:15
    at symbolIterator (/home/Bultut/Downloads/Church-frontend/church-is-frontend-master (1)/church-is-frontend-master/node_modules/neo-async/async.js:3485:9)
    at done (/home/Bultut/Downloads/Church-frontend/church-is-frontend-master (1)/church-is-frontend-master/node_modules/neo-async/async.js:3527:9)
    at /home/Bultut/Downloads/Church-frontend/church-is-frontend-master (1)/church-is-frontend-master/node_modules/webpack/lib/Compilation.js:5262:8
    at /home/Bultut/Downloads/Church-frontend/church-is-frontend-master (1)/church-is-frontend-master/node_modules/webpack/lib/Compilation.js:3677:6
    at /home/Bultut/Downloads/Church-frontend/church-is-frontend-master (1)/church-is-frontend-master/node_modules/webpack/lib/HookWebpackError.js:67:2
    at Hook.eval [as callAsync] (eval at create (/home/Bultut/Downloads/Church-frontend/church-is-frontend-master (1)/church-is-frontend-master/node_modules/tapable/lib/HookCodeFactory.js:33:10), <anonymous>:6:1)
    at Cache.store (/home/Bultut/Downloads/Church-frontend/church-is-frontend-master (1)/church-is-frontend-master/node_modules/webpack/lib/Cache.js:113:20)
    at ItemCacheFacade.store (/home/Bultut/Downloads/Church-frontend/church-is-frontend-master (1)/church-is-frontend-master/node_modules/webpack/lib/CacheFacade.js:142:15)
    at /home/Bultut/Downloads/Church-frontend/church-is-frontend-master (1)/church-is-frontend-master/node_modules/webpack/lib/Compilation.js:3676:11
    at /home/Bultut/Downloads/Church-frontend/church-is-frontend-master (1)/church-is-frontend-master/node_modules/webpack/lib/Cache.js:99:5
    at Hook.eval [as callAsync] (eval at create (/home/Bultut/Downloads/Church-frontend/church-is-frontend-master (1)/church-is-frontend-master/node_modules/tapable/lib/HookCodeFactory.js:33:10), <anonymous>:6:1)
    at Cache.get (/home/Bultut/Downloads/Church-frontend/church-is-frontend-master (1)/church-is-frontend-master/node_modules/webpack/lib/Cache.js:81:18)
    at ItemCacheFacade.get (/home/Bultut/Downloads/Church-frontend/church-is-frontend-master (1)/church-is-frontend-master/node_modules/webpack/lib/CacheFacade.js:116:15)
    at Compilation._codeGenerationModule (/home/Bultut/Downloads/Church-frontend/church-is-frontend-master (1)/church-is-frontend-master/node_modules/webpack/lib/Compilation.js:3644:9)
    at codeGen (/home/Bultut/Downloads/Church-frontend/church-is-frontend-master (1)/church-is-frontend-master/node_modules/webpack/lib/Compilation.js:5250:11)
    at symbolIterator (/home/Bultut/Downloads/Church-frontend/church-is-frontend-master (1)/church-is-frontend-master/node_modules/neo-async/async.js:3482:9)
    at timesSync (/home/Bultut/Downloads/Church-frontend/church-is-frontend-master (1)/church-is-frontend-master/node_modules/neo-async/async.js:2297:7)
    at Object.eachLimit (/home/Bultut/Downloads/Church-frontend/church-is-frontend-master (1)/church-is-frontend-master/node_modules/neo-async/async.js:3463:5)
    at /home/Bultut/Downloads/Church-frontend/church-is-frontend-master (1)/church-is-frontend-master/node_modules/webpack/lib/Compilation.js:5280:14
    at processQueue (/home/Bultut/Downloads/Church-frontend/church-is-frontend-master (1)/church-is-frontend-master/node_modules/webpack/lib/util/processAsyncTree.js:61:4)
    at processTicksAndRejections (node:internal/process/task_queues:78:11)
-- inner [1m[31merror[39m[22m[1m --
[1m[31mError[39m[22m[1m: Module build [1m[31mfailed[39m[22m[1m (from ./node_modules/postcss-loader/dist/cjs.js):
TypeError: bundle.findLastIndex is not a function
    at applyConditions (/home/Bultut/Downloads/Church-frontend/church-is-frontend-master (1)/church-is-frontend-master/node_modules/postcss-import/lib/apply-conditions.js:9:43)
    at Object.Once (/home/Bultut/Downloads/Church-frontend/church-is-frontend-master (1)/church-is-frontend-master/node_modules/postcss-import/index.js:62:7)
    at async LazyResult.runAsync (/home/Bultut/Downloads/Church-frontend/church-is-frontend-master (1)/church-is-frontend-master/node_modules/postcss/lib/lazy-result.js:293:11)
    at async Object.loader (/home/Bultut/Downloads/Church-frontend/church-is-frontend-master (1)/church-is-frontend-master/node_modules/postcss-loader/dist/index.js:84:14)
    at Object.<anonymous> (/home/Bultut/Downloads/Church-frontend/church-is-frontend-master (1)/church-is-frontend-master/node_modules/css-loader/dist/cjs.js??clonedRuleSet-5.use[1]!/home/Bultut/Downloads/Church-frontend/church-is-frontend-master (1)/church-is-frontend-master/node_modules/postcss-loader/dist/cjs.js??clonedRuleSet-5.use[2]!/home/Bultut/Downloads/Church-frontend/church-is-frontend-master (1)/church-is-frontend-master/node_modules/bootstrap/dist/css/bootstrap.min.css:1:7)
    at /home/Bultut/Downloads/Church-frontend/church-is-frontend-master (1)/church-is-frontend-master/node_modules/webpack/lib/javascript/JavascriptModulesPlugin.js:518:10
    at Hook.eval [as call] (eval at create (/home/Bultut/Downloads/Church-frontend/church-is-frontend-master (1)/church-is-frontend-master/node_modules/tapable/lib/HookCodeFactory.js:19:10), <anonymous>:7:1)
    at /home/Bultut/Downloads/Church-frontend/church-is-frontend-master (1)/church-is-frontend-master/node_modules/webpack/lib/Compilation.js:5466:39
    at tryRunOrWebpackError (/home/Bultut/Downloads/Church-frontend/church-is-frontend-master (1)/church-is-frontend-master/node_modules/webpack/lib/HookWebpackError.js:81:7)
    at __webpack_require_module__ (/home/Bultut/Downloads/Church-frontend/church-is-frontend-master (1)/church-is-frontend-master/node_modules/webpack/lib/Compilation.js:5464:12)
    at __webpack_require__ (/home/Bultut/Downloads/Church-frontend/church-is-frontend-master (1)/church-is-frontend-master/node_modules/webpack/lib/Compilation.js:5411:18)
    at /home/Bultut/Downloads/Church-frontend/church-is-frontend-master (1)/church-is-frontend-master/node_modules/webpack/lib/Compilation.js:5498:20
    at symbolIterator (/home/Bultut/Downloads/Church-frontend/church-is-frontend-master (1)/church-is-frontend-master/node_modules/neo-async/async.js:3485:9)
    at done (/home/Bultut/Downloads/Church-frontend/church-is-frontend-master (1)/church-is-frontend-master/node_modules/neo-async/async.js:3527:9)
    at Hook.eval [as callAsync] (eval at create (/home/Bultut/Downloads/Church-frontend/church-is-frontend-master (1)/church-is-frontend-master/node_modules/tapable/lib/HookCodeFactory.js:33:10), <anonymous>:15:1)
    at /home/Bultut/Downloads/Church-frontend/church-is-frontend-master (1)/church-is-frontend-master/node_modules/webpack/lib/Compilation.js:5386:43
    at symbolIterator (/home/Bultut/Downloads/Church-frontend/church-is-frontend-master (1)/church-is-frontend-master/node_modules/neo-async/async.js:3482:9)
    at timesSync (/home/Bultut/Downloads/Church-frontend/church-is-frontend-master (1)/church-is-frontend-master/node_modules/neo-async/async.js:2297:7)
    at Object.eachLimit (/home/Bultut/Downloads/Church-frontend/church-is-frontend-master (1)/church-is-frontend-master/node_modules/neo-async/async.js:3463:5)
    at /home/Bultut/Downloads/Church-frontend/church-is-frontend-master (1)/church-is-frontend-master/node_modules/webpack/lib/Compilation.js:5348:16
    at symbolIterator (/home/Bultut/Downloads/Church-frontend/church-is-frontend-master (1)/church-is-frontend-master/node_modules/neo-async/async.js:3485:9)
    at timesSync (/home/Bultut/Downloads/Church-frontend/church-is-frontend-master (1)/church-is-frontend-master/node_modules/neo-async/async.js:2297:7)
    at Object.eachLimit (/home/Bultut/Downloads/Church-frontend/church-is-frontend-master (1)/church-is-frontend-master/node_modules/neo-async/async.js:3463:5)
    at /home/Bultut/Downloads/Church-frontend/church-is-frontend-master (1)/church-is-frontend-master/node_modules/webpack/lib/Compilation.js:5316:15
    at symbolIterator (/home/Bultut/Downloads/Church-frontend/church-is-frontend-master (1)/church-is-frontend-master/node_modules/neo-async/async.js:3485:9)
    at done (/home/Bultut/Downloads/Church-frontend/church-is-frontend-master (1)/church-is-frontend-master/node_modules/neo-async/async.js:3527:9)
    at /home/Bultut/Downloads/Church-frontend/church-is-frontend-master (1)/church-is-frontend-master/node_modules/webpack/lib/Compilation.js:5262:8
    at /home/Bultut/Downloads/Church-frontend/church-is-frontend-master (1)/church-is-frontend-master/node_modules/webpack/lib/Compilation.js:3677:6
    at /home/Bultut/Downloads/Church-frontend/church-is-frontend-master (1)/church-is-frontend-master/node_modules/webpack/lib/HookWebpackError.js:67:2
    at Hook.eval [as callAsync] (eval at create (/home/Bultut/Downloads/Church-frontend/church-is-frontend-master (1)/church-is-frontend-master/node_modules/tapable/lib/HookCodeFactory.js:33:10), <anonymous>:6:1)
    at Cache.store (/home/Bultut/Downloads/Church-frontend/church-is-frontend-master (1)/church-is-frontend-master/node_modules/webpack/lib/Cache.js:113:20)
    at ItemCacheFacade.store (/home/Bultut/Downloads/Church-frontend/church-is-frontend-master (1)/church-is-frontend-master/node_modules/webpack/lib/CacheFacade.js:142:15)
    at /home/Bultut/Downloads/Church-frontend/church-is-frontend-master (1)/church-is-frontend-master/node_modules/webpack/lib/Compilation.js:3676:11
    at /home/Bultut/Downloads/Church-frontend/church-is-frontend-master (1)/church-is-frontend-master/node_modules/webpack/lib/Cache.js:99:5
    at Hook.eval [as callAsync] (eval at create (/home/Bultut/Downloads/Church-frontend/church-is-frontend-master (1)/church-is-frontend-master/node_modules/tapable/lib/HookCodeFactory.js:33:10), <anonymous>:6:1)
    at Cache.get (/home/Bultut/Downloads/Church-frontend/church-is-frontend-master (1)/church-is-frontend-master/node_modules/webpack/lib/Cache.js:81:18)
    at ItemCacheFacade.get (/home/Bultut/Downloads/Church-frontend/church-is-frontend-master (1)/church-is-frontend-master/node_modules/webpack/lib/CacheFacade.js:116:15)
    at Compilation._codeGenerationModule (/home/Bultut/Downloads/Church-frontend/church-is-frontend-master (1)/church-is-frontend-master/node_modules/webpack/lib/Compilation.js:3644:9)
    at codeGen (/home/Bultut/Downloads/Church-frontend/church-is-frontend-master (1)/church-is-frontend-master/node_modules/webpack/lib/Compilation.js:5250:11)
    at symbolIterator (/home/Bultut/Downloads/Church-frontend/church-is-frontend-master (1)/church-is-frontend-master/node_modules/neo-async/async.js:3482:9)
    at timesSync (/home/Bultut/Downloads/Church-frontend/church-is-frontend-master (1)/church-is-frontend-master/node_modules/neo-async/async.js:2297:7)
    at Object.eachLimit (/home/Bultut/Downloads/Church-frontend/church-is-frontend-master (1)/church-is-frontend-master/node_modules/neo-async/async.js:3463:5)
    at /home/Bultut/Downloads/Church-frontend/church-is-frontend-master (1)/church-is-frontend-master/node_modules/webpack/lib/Compilation.js:5280:14
    at processQueue (/home/Bultut/Downloads/Church-frontend/church-is-frontend-master (1)/church-is-frontend-master/node_modules/webpack/lib/util/processAsyncTree.js:61:4)
    at processTicksAndRejections (node:internal/process/task_queues:78:11)

Generated code for /home/Bultut/Downloads/Church-frontend/church-is-frontend-master (1)/church-is-frontend-master/node_modules/css-loader/dist/cjs.js??clonedRuleSet-5.use[1]!/home/Bultut/Downloads/Church-frontend/church-is-frontend-master (1)/church-is-frontend-master/node_modules/postcss-loader/dist/cjs.js??clonedRuleSet-5.use[2]!/home/Bultut/Downloads/Church-frontend/church-is-frontend-master (1)/church-is-frontend-master/node_modules/bootstrap/dist/css/bootstrap.min.css
1 | throw new [1m[31mError[39m[22m[1m("Module build [1m[31mfailed[39m[22m[1m (from ./node_modules/postcss-loader/dist/cjs.js):\nTypeError: bundle.findLastIndex is not a function\n    at applyConditions (/home/Bultut/Downloads/Church-frontend/church-is-frontend-master (1)/church-is-frontend-master/node_modules/postcss-import/lib/apply-conditions.js:9:43)\n    at Object.Once (/home/Bultut/Downloads/Church-frontend/church-is-frontend-master (1)/church-is-frontend-master/node_modules/postcss-import/index.js:62:7)\n    at async LazyResult.runAsync (/home/Bultut/Downloads/Church-frontend/church-is-frontend-master (1)/church-is-frontend-master/node_modules/postcss/lib/lazy-result.js:293:11)\n    at async Object.loader (/home/Bultut/Downloads/Church-frontend/church-is-frontend-master (1)/church-is-frontend-master/node_modules/postcss-loader/dist/index.js:84:14)");[39m[22m
 @ ./src/main.js 241:0-46

[1m[31mERROR[39m[22m in [1m./node_modules/quill/dist/quill.bubble.css[39m[22m
[1mModule build [1m[31mfailed[39m[22m[1m (from ./node_modules/mini-css-extract-plugin/dist/loader.js):
HookWebpackError: Module build [1m[31mfailed[39m[22m[1m (from ./node_modules/postcss-loader/dist/cjs.js):
TypeError: bundle.findLastIndex is not a function
    at applyConditions (/home/Bultut/Downloads/Church-frontend/church-is-frontend-master (1)/church-is-frontend-master/node_modules/postcss-import/lib/apply-conditions.js:9:43)
    at Object.Once (/home/Bultut/Downloads/Church-frontend/church-is-frontend-master (1)/church-is-frontend-master/node_modules/postcss-import/index.js:62:7)
    at async LazyResult.runAsync (/home/Bultut/Downloads/Church-frontend/church-is-frontend-master (1)/church-is-frontend-master/node_modules/postcss/lib/lazy-result.js:293:11)
    at async Object.loader (/home/Bultut/Downloads/Church-frontend/church-is-frontend-master (1)/church-is-frontend-master/node_modules/postcss-loader/dist/index.js:84:14)
    at tryRunOrWebpackError (/home/Bultut/Downloads/Church-frontend/church-is-frontend-master (1)/church-is-frontend-master/node_modules/webpack/lib/HookWebpackError.js:86:9)
    at __webpack_require_module__ (/home/Bultut/Downloads/Church-frontend/church-is-frontend-master (1)/church-is-frontend-master/node_modules/webpack/lib/Compilation.js:5464:12)
    at __webpack_require__ (/home/Bultut/Downloads/Church-frontend/church-is-frontend-master (1)/church-is-frontend-master/node_modules/webpack/lib/Compilation.js:5411:18)
    at /home/Bultut/Downloads/Church-frontend/church-is-frontend-master (1)/church-is-frontend-master/node_modules/webpack/lib/Compilation.js:5498:20
    at symbolIterator (/home/Bultut/Downloads/Church-frontend/church-is-frontend-master (1)/church-is-frontend-master/node_modules/neo-async/async.js:3485:9)
    at done (/home/Bultut/Downloads/Church-frontend/church-is-frontend-master (1)/church-is-frontend-master/node_modules/neo-async/async.js:3527:9)
    at Hook.eval [as callAsync] (eval at create (/home/Bultut/Downloads/Church-frontend/church-is-frontend-master (1)/church-is-frontend-master/node_modules/tapable/lib/HookCodeFactory.js:33:10), <anonymous>:15:1)
    at /home/Bultut/Downloads/Church-frontend/church-is-frontend-master (1)/church-is-frontend-master/node_modules/webpack/lib/Compilation.js:5386:43
    at symbolIterator (/home/Bultut/Downloads/Church-frontend/church-is-frontend-master (1)/church-is-frontend-master/node_modules/neo-async/async.js:3482:9)
    at timesSync (/home/Bultut/Downloads/Church-frontend/church-is-frontend-master (1)/church-is-frontend-master/node_modules/neo-async/async.js:2297:7)
    at Object.eachLimit (/home/Bultut/Downloads/Church-frontend/church-is-frontend-master (1)/church-is-frontend-master/node_modules/neo-async/async.js:3463:5)
    at /home/Bultut/Downloads/Church-frontend/church-is-frontend-master (1)/church-is-frontend-master/node_modules/webpack/lib/Compilation.js:5348:16
    at symbolIterator (/home/Bultut/Downloads/Church-frontend/church-is-frontend-master (1)/church-is-frontend-master/node_modules/neo-async/async.js:3485:9)
    at timesSync (/home/Bultut/Downloads/Church-frontend/church-is-frontend-master (1)/church-is-frontend-master/node_modules/neo-async/async.js:2297:7)
    at Object.eachLimit (/home/Bultut/Downloads/Church-frontend/church-is-frontend-master (1)/church-is-frontend-master/node_modules/neo-async/async.js:3463:5)
    at /home/Bultut/Downloads/Church-frontend/church-is-frontend-master (1)/church-is-frontend-master/node_modules/webpack/lib/Compilation.js:5316:15
    at symbolIterator (/home/Bultut/Downloads/Church-frontend/church-is-frontend-master (1)/church-is-frontend-master/node_modules/neo-async/async.js:3485:9)
    at done (/home/Bultut/Downloads/Church-frontend/church-is-frontend-master (1)/church-is-frontend-master/node_modules/neo-async/async.js:3527:9)
    at /home/Bultut/Downloads/Church-frontend/church-is-frontend-master (1)/church-is-frontend-master/node_modules/webpack/lib/Compilation.js:5262:8
    at /home/Bultut/Downloads/Church-frontend/church-is-frontend-master (1)/church-is-frontend-master/node_modules/webpack/lib/Compilation.js:3677:6
    at /home/Bultut/Downloads/Church-frontend/church-is-frontend-master (1)/church-is-frontend-master/node_modules/webpack/lib/HookWebpackError.js:67:2
    at Hook.eval [as callAsync] (eval at create (/home/Bultut/Downloads/Church-frontend/church-is-frontend-master (1)/church-is-frontend-master/node_modules/tapable/lib/HookCodeFactory.js:33:10), <anonymous>:6:1)
    at Cache.store (/home/Bultut/Downloads/Church-frontend/church-is-frontend-master (1)/church-is-frontend-master/node_modules/webpack/lib/Cache.js:113:20)
    at ItemCacheFacade.store (/home/Bultut/Downloads/Church-frontend/church-is-frontend-master (1)/church-is-frontend-master/node_modules/webpack/lib/CacheFacade.js:142:15)
    at /home/Bultut/Downloads/Church-frontend/church-is-frontend-master (1)/church-is-frontend-master/node_modules/webpack/lib/Compilation.js:3676:11
    at /home/Bultut/Downloads/Church-frontend/church-is-frontend-master (1)/church-is-frontend-master/node_modules/webpack/lib/Cache.js:99:5
    at Hook.eval [as callAsync] (eval at create (/home/Bultut/Downloads/Church-frontend/church-is-frontend-master (1)/church-is-frontend-master/node_modules/tapable/lib/HookCodeFactory.js:33:10), <anonymous>:6:1)
    at Cache.get (/home/Bultut/Downloads/Church-frontend/church-is-frontend-master (1)/church-is-frontend-master/node_modules/webpack/lib/Cache.js:81:18)
    at ItemCacheFacade.get (/home/Bultut/Downloads/Church-frontend/church-is-frontend-master (1)/church-is-frontend-master/node_modules/webpack/lib/CacheFacade.js:116:15)
    at Compilation._codeGenerationModule (/home/Bultut/Downloads/Church-frontend/church-is-frontend-master (1)/church-is-frontend-master/node_modules/webpack/lib/Compilation.js:3644:9)
    at codeGen (/home/Bultut/Downloads/Church-frontend/church-is-frontend-master (1)/church-is-frontend-master/node_modules/webpack/lib/Compilation.js:5250:11)
    at symbolIterator (/home/Bultut/Downloads/Church-frontend/church-is-frontend-master (1)/church-is-frontend-master/node_modules/neo-async/async.js:3482:9)
    at timesSync (/home/Bultut/Downloads/Church-frontend/church-is-frontend-master (1)/church-is-frontend-master/node_modules/neo-async/async.js:2297:7)
    at Object.eachLimit (/home/Bultut/Downloads/Church-frontend/church-is-frontend-master (1)/church-is-frontend-master/node_modules/neo-async/async.js:3463:5)
    at /home/Bultut/Downloads/Church-frontend/church-is-frontend-master (1)/church-is-frontend-master/node_modules/webpack/lib/Compilation.js:5280:14
    at processQueue (/home/Bultut/Downloads/Church-frontend/church-is-frontend-master (1)/church-is-frontend-master/node_modules/webpack/lib/util/processAsyncTree.js:61:4)
    at processTicksAndRejections (node:internal/process/task_queues:78:11)
-- inner [1m[31merror[39m[22m[1m --
[1m[31mError[39m[22m[1m: Module build [1m[31mfailed[39m[22m[1m (from ./node_modules/postcss-loader/dist/cjs.js):
TypeError: bundle.findLastIndex is not a function
    at applyConditions (/home/Bultut/Downloads/Church-frontend/church-is-frontend-master (1)/church-is-frontend-master/node_modules/postcss-import/lib/apply-conditions.js:9:43)
    at Object.Once (/home/Bultut/Downloads/Church-frontend/church-is-frontend-master (1)/church-is-frontend-master/node_modules/postcss-import/index.js:62:7)
    at async LazyResult.runAsync (/home/Bultut/Downloads/Church-frontend/church-is-frontend-master (1)/church-is-frontend-master/node_modules/postcss/lib/lazy-result.js:293:11)
    at async Object.loader (/home/Bultut/Downloads/Church-frontend/church-is-frontend-master (1)/church-is-frontend-master/node_modules/postcss-loader/dist/index.js:84:14)
    at Object.<anonymous> (/home/Bultut/Downloads/Church-frontend/church-is-frontend-master (1)/church-is-frontend-master/node_modules/css-loader/dist/cjs.js??clonedRuleSet-5.use[1]!/home/Bultut/Downloads/Church-frontend/church-is-frontend-master (1)/church-is-frontend-master/node_modules/postcss-loader/dist/cjs.js??clonedRuleSet-5.use[2]!/home/Bultut/Downloads/Church-frontend/church-is-frontend-master (1)/church-is-frontend-master/node_modules/quill/dist/quill.bubble.css:1:7)
    at /home/Bultut/Downloads/Church-frontend/church-is-frontend-master (1)/church-is-frontend-master/node_modules/webpack/lib/javascript/JavascriptModulesPlugin.js:518:10
    at Hook.eval [as call] (eval at create (/home/Bultut/Downloads/Church-frontend/church-is-frontend-master (1)/church-is-frontend-master/node_modules/tapable/lib/HookCodeFactory.js:19:10), <anonymous>:7:1)
    at /home/Bultut/Downloads/Church-frontend/church-is-frontend-master (1)/church-is-frontend-master/node_modules/webpack/lib/Compilation.js:5466:39
    at tryRunOrWebpackError (/home/Bultut/Downloads/Church-frontend/church-is-frontend-master (1)/church-is-frontend-master/node_modules/webpack/lib/HookWebpackError.js:81:7)
    at __webpack_require_module__ (/home/Bultut/Downloads/Church-frontend/church-is-frontend-master (1)/church-is-frontend-master/node_modules/webpack/lib/Compilation.js:5464:12)
    at __webpack_require__ (/home/Bultut/Downloads/Church-frontend/church-is-frontend-master (1)/church-is-frontend-master/node_modules/webpack/lib/Compilation.js:5411:18)
    at /home/Bultut/Downloads/Church-frontend/church-is-frontend-master (1)/church-is-frontend-master/node_modules/webpack/lib/Compilation.js:5498:20
    at symbolIterator (/home/Bultut/Downloads/Church-frontend/church-is-frontend-master (1)/church-is-frontend-master/node_modules/neo-async/async.js:3485:9)
    at done (/home/Bultut/Downloads/Church-frontend/church-is-frontend-master (1)/church-is-frontend-master/node_modules/neo-async/async.js:3527:9)
    at Hook.eval [as callAsync] (eval at create (/home/Bultut/Downloads/Church-frontend/church-is-frontend-master (1)/church-is-frontend-master/node_modules/tapable/lib/HookCodeFactory.js:33:10), <anonymous>:15:1)
    at /home/Bultut/Downloads/Church-frontend/church-is-frontend-master (1)/church-is-frontend-master/node_modules/webpack/lib/Compilation.js:5386:43
    at symbolIterator (/home/Bultut/Downloads/Church-frontend/church-is-frontend-master (1)/church-is-frontend-master/node_modules/neo-async/async.js:3482:9)
    at timesSync (/home/Bultut/Downloads/Church-frontend/church-is-frontend-master (1)/church-is-frontend-master/node_modules/neo-async/async.js:2297:7)
    at Object.eachLimit (/home/Bultut/Downloads/Church-frontend/church-is-frontend-master (1)/church-is-frontend-master/node_modules/neo-async/async.js:3463:5)
    at /home/Bultut/Downloads/Church-frontend/church-is-frontend-master (1)/church-is-frontend-master/node_modules/webpack/lib/Compilation.js:5348:16
    at symbolIterator (/home/Bultut/Downloads/Church-frontend/church-is-frontend-master (1)/church-is-frontend-master/node_modules/neo-async/async.js:3485:9)
    at timesSync (/home/Bultut/Downloads/Church-frontend/church-is-frontend-master (1)/church-is-frontend-master/node_modules/neo-async/async.js:2297:7)
    at Object.eachLimit (/home/Bultut/Downloads/Church-frontend/church-is-frontend-master (1)/church-is-frontend-master/node_modules/neo-async/async.js:3463:5)
    at /home/Bultut/Downloads/Church-frontend/church-is-frontend-master (1)/church-is-frontend-master/node_modules/webpack/lib/Compilation.js:5316:15
    at symbolIterator (/home/Bultut/Downloads/Church-frontend/church-is-frontend-master (1)/church-is-frontend-master/node_modules/neo-async/async.js:3485:9)
    at done (/home/Bultut/Downloads/Church-frontend/church-is-frontend-master (1)/church-is-frontend-master/node_modules/neo-async/async.js:3527:9)
    at /home/Bultut/Downloads/Church-frontend/church-is-frontend-master (1)/church-is-frontend-master/node_modules/webpack/lib/Compilation.js:5262:8
    at /home/Bultut/Downloads/Church-frontend/church-is-frontend-master (1)/church-is-frontend-master/node_modules/webpack/lib/Compilation.js:3677:6
    at /home/Bultut/Downloads/Church-frontend/church-is-frontend-master (1)/church-is-frontend-master/node_modules/webpack/lib/HookWebpackError.js:67:2
    at Hook.eval [as callAsync] (eval at create (/home/Bultut/Downloads/Church-frontend/church-is-frontend-master (1)/church-is-frontend-master/node_modules/tapable/lib/HookCodeFactory.js:33:10), <anonymous>:6:1)
    at Cache.store (/home/Bultut/Downloads/Church-frontend/church-is-frontend-master (1)/church-is-frontend-master/node_modules/webpack/lib/Cache.js:113:20)
    at ItemCacheFacade.store (/home/Bultut/Downloads/Church-frontend/church-is-frontend-master (1)/church-is-frontend-master/node_modules/webpack/lib/CacheFacade.js:142:15)
    at /home/Bultut/Downloads/Church-frontend/church-is-frontend-master (1)/church-is-frontend-master/node_modules/webpack/lib/Compilation.js:3676:11
    at /home/Bultut/Downloads/Church-frontend/church-is-frontend-master (1)/church-is-frontend-master/node_modules/webpack/lib/Cache.js:99:5
    at Hook.eval [as callAsync] (eval at create (/home/Bultut/Downloads/Church-frontend/church-is-frontend-master (1)/church-is-frontend-master/node_modules/tapable/lib/HookCodeFactory.js:33:10), <anonymous>:6:1)
    at Cache.get (/home/Bultut/Downloads/Church-frontend/church-is-frontend-master (1)/church-is-frontend-master/node_modules/webpack/lib/Cache.js:81:18)
    at ItemCacheFacade.get (/home/Bultut/Downloads/Church-frontend/church-is-frontend-master (1)/church-is-frontend-master/node_modules/webpack/lib/CacheFacade.js:116:15)
    at Compilation._codeGenerationModule (/home/Bultut/Downloads/Church-frontend/church-is-frontend-master (1)/church-is-frontend-master/node_modules/webpack/lib/Compilation.js:3644:9)
    at codeGen (/home/Bultut/Downloads/Church-frontend/church-is-frontend-master (1)/church-is-frontend-master/node_modules/webpack/lib/Compilation.js:5250:11)
    at symbolIterator (/home/Bultut/Downloads/Church-frontend/church-is-frontend-master (1)/church-is-frontend-master/node_modules/neo-async/async.js:3482:9)
    at timesSync (/home/Bultut/Downloads/Church-frontend/church-is-frontend-master (1)/church-is-frontend-master/node_modules/neo-async/async.js:2297:7)
    at Object.eachLimit (/home/Bultut/Downloads/Church-frontend/church-is-frontend-master (1)/church-is-frontend-master/node_modules/neo-async/async.js:3463:5)
    at /home/Bultut/Downloads/Church-frontend/church-is-frontend-master (1)/church-is-frontend-master/node_modules/webpack/lib/Compilation.js:5280:14
    at processQueue (/home/Bultut/Downloads/Church-frontend/church-is-frontend-master (1)/church-is-frontend-master/node_modules/webpack/lib/util/processAsyncTree.js:61:4)
    at processTicksAndRejections (node:internal/process/task_queues:78:11)

Generated code for /home/Bultut/Downloads/Church-frontend/church-is-frontend-master (1)/church-is-frontend-master/node_modules/css-loader/dist/cjs.js??clonedRuleSet-5.use[1]!/home/Bultut/Downloads/Church-frontend/church-is-frontend-master (1)/church-is-frontend-master/node_modules/postcss-loader/dist/cjs.js??clonedRuleSet-5.use[2]!/home/Bultut/Downloads/Church-frontend/church-is-frontend-master (1)/church-is-frontend-master/node_modules/quill/dist/quill.bubble.css
1 | throw new [1m[31mError[39m[22m[1m("Module build [1m[31mfailed[39m[22m[1m (from ./node_modules/postcss-loader/dist/cjs.js):\nTypeError: bundle.findLastIndex is not a function\n    at applyConditions (/home/Bultut/Downloads/Church-frontend/church-is-frontend-master (1)/church-is-frontend-master/node_modules/postcss-import/lib/apply-conditions.js:9:43)\n    at Object.Once (/home/Bultut/Downloads/Church-frontend/church-is-frontend-master (1)/church-is-frontend-master/node_modules/postcss-import/index.js:62:7)\n    at async LazyResult.runAsync (/home/Bultut/Downloads/Church-frontend/church-is-frontend-master (1)/church-is-frontend-master/node_modules/postcss/lib/lazy-result.js:293:11)\n    at async Object.loader (/home/Bultut/Downloads/Church-frontend/church-is-frontend-master (1)/church-is-frontend-master/node_modules/postcss-loader/dist/index.js:84:14)");[39m[22m
 @ ./src/main.js 252:0-37

[1m[31mERROR[39m[22m in [1m./node_modules/quill/dist/quill.core.css[39m[22m
[1mModule build [1m[31mfailed[39m[22m[1m (from ./node_modules/mini-css-extract-plugin/dist/loader.js):
HookWebpackError: Module build [1m[31mfailed[39m[22m[1m (from ./node_modules/postcss-loader/dist/cjs.js):
TypeError: bundle.findLastIndex is not a function
    at applyConditions (/home/Bultut/Downloads/Church-frontend/church-is-frontend-master (1)/church-is-frontend-master/node_modules/postcss-import/lib/apply-conditions.js:9:43)
    at Object.Once (/home/Bultut/Downloads/Church-frontend/church-is-frontend-master (1)/church-is-frontend-master/node_modules/postcss-import/index.js:62:7)
    at async LazyResult.runAsync (/home/Bultut/Downloads/Church-frontend/church-is-frontend-master (1)/church-is-frontend-master/node_modules/postcss/lib/lazy-result.js:293:11)
    at async Object.loader (/home/Bultut/Downloads/Church-frontend/church-is-frontend-master (1)/church-is-frontend-master/node_modules/postcss-loader/dist/index.js:84:14)
    at tryRunOrWebpackError (/home/Bultut/Downloads/Church-frontend/church-is-frontend-master (1)/church-is-frontend-master/node_modules/webpack/lib/HookWebpackError.js:86:9)
    at __webpack_require_module__ (/home/Bultut/Downloads/Church-frontend/church-is-frontend-master (1)/church-is-frontend-master/node_modules/webpack/lib/Compilation.js:5464:12)
    at __webpack_require__ (/home/Bultut/Downloads/Church-frontend/church-is-frontend-master (1)/church-is-frontend-master/node_modules/webpack/lib/Compilation.js:5411:18)
    at /home/Bultut/Downloads/Church-frontend/church-is-frontend-master (1)/church-is-frontend-master/node_modules/webpack/lib/Compilation.js:5498:20
    at symbolIterator (/home/Bultut/Downloads/Church-frontend/church-is-frontend-master (1)/church-is-frontend-master/node_modules/neo-async/async.js:3485:9)
    at done (/home/Bultut/Downloads/Church-frontend/church-is-frontend-master (1)/church-is-frontend-master/node_modules/neo-async/async.js:3527:9)
    at Hook.eval [as callAsync] (eval at create (/home/Bultut/Downloads/Church-frontend/church-is-frontend-master (1)/church-is-frontend-master/node_modules/tapable/lib/HookCodeFactory.js:33:10), <anonymous>:15:1)
    at Hook.CALL_ASYNC_DELEGATE [as _callAsync] (/home/Bultut/Downloads/Church-frontend/church-is-frontend-master (1)/church-is-frontend-master/node_modules/tapable/lib/Hook.js:20:14)
    at /home/Bultut/Downloads/Church-frontend/church-is-frontend-master (1)/church-is-frontend-master/node_modules/webpack/lib/Compilation.js:5386:43
    at symbolIterator (/home/Bultut/Downloads/Church-frontend/church-is-frontend-master (1)/church-is-frontend-master/node_modules/neo-async/async.js:3482:9)
    at timesSync (/home/Bultut/Downloads/Church-frontend/church-is-frontend-master (1)/church-is-frontend-master/node_modules/neo-async/async.js:2297:7)
    at Object.eachLimit (/home/Bultut/Downloads/Church-frontend/church-is-frontend-master (1)/church-is-frontend-master/node_modules/neo-async/async.js:3463:5)
    at /home/Bultut/Downloads/Church-frontend/church-is-frontend-master (1)/church-is-frontend-master/node_modules/webpack/lib/Compilation.js:5348:16
    at symbolIterator (/home/Bultut/Downloads/Church-frontend/church-is-frontend-master (1)/church-is-frontend-master/node_modules/neo-async/async.js:3485:9)
    at timesSync (/home/Bultut/Downloads/Church-frontend/church-is-frontend-master (1)/church-is-frontend-master/node_modules/neo-async/async.js:2297:7)
    at Object.eachLimit (/home/Bultut/Downloads/Church-frontend/church-is-frontend-master (1)/church-is-frontend-master/node_modules/neo-async/async.js:3463:5)
    at /home/Bultut/Downloads/Church-frontend/church-is-frontend-master (1)/church-is-frontend-master/node_modules/webpack/lib/Compilation.js:5316:15
    at symbolIterator (/home/Bultut/Downloads/Church-frontend/church-is-frontend-master (1)/church-is-frontend-master/node_modules/neo-async/async.js:3485:9)
    at done (/home/Bultut/Downloads/Church-frontend/church-is-frontend-master (1)/church-is-frontend-master/node_modules/neo-async/async.js:3527:9)
    at /home/Bultut/Downloads/Church-frontend/church-is-frontend-master (1)/church-is-frontend-master/node_modules/webpack/lib/Compilation.js:5262:8
    at /home/Bultut/Downloads/Church-frontend/church-is-frontend-master (1)/church-is-frontend-master/node_modules/webpack/lib/Compilation.js:3677:6
    at /home/Bultut/Downloads/Church-frontend/church-is-frontend-master (1)/church-is-frontend-master/node_modules/webpack/lib/HookWebpackError.js:67:2
    at Hook.eval [as callAsync] (eval at create (/home/Bultut/Downloads/Church-frontend/church-is-frontend-master (1)/church-is-frontend-master/node_modules/tapable/lib/HookCodeFactory.js:33:10), <anonymous>:6:1)
    at Cache.store (/home/Bultut/Downloads/Church-frontend/church-is-frontend-master (1)/church-is-frontend-master/node_modules/webpack/lib/Cache.js:113:20)
    at ItemCacheFacade.store (/home/Bultut/Downloads/Church-frontend/church-is-frontend-master (1)/church-is-frontend-master/node_modules/webpack/lib/CacheFacade.js:142:15)
    at /home/Bultut/Downloads/Church-frontend/church-is-frontend-master (1)/church-is-frontend-master/node_modules/webpack/lib/Compilation.js:3676:11
    at /home/Bultut/Downloads/Church-frontend/church-is-frontend-master (1)/church-is-frontend-master/node_modules/webpack/lib/Cache.js:99:5
    at Hook.eval [as callAsync] (eval at create (/home/Bultut/Downloads/Church-frontend/church-is-frontend-master (1)/church-is-frontend-master/node_modules/tapable/lib/HookCodeFactory.js:33:10), <anonymous>:6:1)
    at Cache.get (/home/Bultut/Downloads/Church-frontend/church-is-frontend-master (1)/church-is-frontend-master/node_modules/webpack/lib/Cache.js:81:18)
    at ItemCacheFacade.get (/home/Bultut/Downloads/Church-frontend/church-is-frontend-master (1)/church-is-frontend-master/node_modules/webpack/lib/CacheFacade.js:116:15)
    at Compilation._codeGenerationModule (/home/Bultut/Downloads/Church-frontend/church-is-frontend-master (1)/church-is-frontend-master/node_modules/webpack/lib/Compilation.js:3644:9)
    at codeGen (/home/Bultut/Downloads/Church-frontend/church-is-frontend-master (1)/church-is-frontend-master/node_modules/webpack/lib/Compilation.js:5250:11)
    at symbolIterator (/home/Bultut/Downloads/Church-frontend/church-is-frontend-master (1)/church-is-frontend-master/node_modules/neo-async/async.js:3482:9)
    at timesSync (/home/Bultut/Downloads/Church-frontend/church-is-frontend-master (1)/church-is-frontend-master/node_modules/neo-async/async.js:2297:7)
    at Object.eachLimit (/home/Bultut/Downloads/Church-frontend/church-is-frontend-master (1)/church-is-frontend-master/node_modules/neo-async/async.js:3463:5)
    at /home/Bultut/Downloads/Church-frontend/church-is-frontend-master (1)/church-is-frontend-master/node_modules/webpack/lib/Compilation.js:5280:14
    at processQueue (/home/Bultut/Downloads/Church-frontend/church-is-frontend-master (1)/church-is-frontend-master/node_modules/webpack/lib/util/processAsyncTree.js:61:4)
    at processTicksAndRejections (node:internal/process/task_queues:78:11)
-- inner [1m[31merror[39m[22m[1m --
[1m[31mError[39m[22m[1m: Module build [1m[31mfailed[39m[22m[1m (from ./node_modules/postcss-loader/dist/cjs.js):
TypeError: bundle.findLastIndex is not a function
    at applyConditions (/home/Bultut/Downloads/Church-frontend/church-is-frontend-master (1)/church-is-frontend-master/node_modules/postcss-import/lib/apply-conditions.js:9:43)
    at Object.Once (/home/Bultut/Downloads/Church-frontend/church-is-frontend-master (1)/church-is-frontend-master/node_modules/postcss-import/index.js:62:7)
    at async LazyResult.runAsync (/home/Bultut/Downloads/Church-frontend/church-is-frontend-master (1)/church-is-frontend-master/node_modules/postcss/lib/lazy-result.js:293:11)
    at async Object.loader (/home/Bultut/Downloads/Church-frontend/church-is-frontend-master (1)/church-is-frontend-master/node_modules/postcss-loader/dist/index.js:84:14)
    at Object.<anonymous> (/home/Bultut/Downloads/Church-frontend/church-is-frontend-master (1)/church-is-frontend-master/node_modules/css-loader/dist/cjs.js??clonedRuleSet-5.use[1]!/home/Bultut/Downloads/Church-frontend/church-is-frontend-master (1)/church-is-frontend-master/node_modules/postcss-loader/dist/cjs.js??clonedRuleSet-5.use[2]!/home/Bultut/Downloads/Church-frontend/church-is-frontend-master (1)/church-is-frontend-master/node_modules/quill/dist/quill.core.css:1:7)
    at /home/Bultut/Downloads/Church-frontend/church-is-frontend-master (1)/church-is-frontend-master/node_modules/webpack/lib/javascript/JavascriptModulesPlugin.js:518:10
    at Hook.eval [as call] (eval at create (/home/Bultut/Downloads/Church-frontend/church-is-frontend-master (1)/church-is-frontend-master/node_modules/tapable/lib/HookCodeFactory.js:19:10), <anonymous>:7:1)
    at Hook.CALL_DELEGATE [as _call] (/home/Bultut/Downloads/Church-frontend/church-is-frontend-master (1)/church-is-frontend-master/node_modules/tapable/lib/Hook.js:16:14)
    at /home/Bultut/Downloads/Church-frontend/church-is-frontend-master (1)/church-is-frontend-master/node_modules/webpack/lib/Compilation.js:5466:39
    at tryRunOrWebpackError (/home/Bultut/Downloads/Church-frontend/church-is-frontend-master (1)/church-is-frontend-master/node_modules/webpack/lib/HookWebpackError.js:81:7)
    at __webpack_require_module__ (/home/Bultut/Downloads/Church-frontend/church-is-frontend-master (1)/church-is-frontend-master/node_modules/webpack/lib/Compilation.js:5464:12)
    at __webpack_require__ (/home/Bultut/Downloads/Church-frontend/church-is-frontend-master (1)/church-is-frontend-master/node_modules/webpack/lib/Compilation.js:5411:18)
    at /home/Bultut/Downloads/Church-frontend/church-is-frontend-master (1)/church-is-frontend-master/node_modules/webpack/lib/Compilation.js:5498:20
    at symbolIterator (/home/Bultut/Downloads/Church-frontend/church-is-frontend-master (1)/church-is-frontend-master/node_modules/neo-async/async.js:3485:9)
    at done (/home/Bultut/Downloads/Church-frontend/church-is-frontend-master (1)/church-is-frontend-master/node_modules/neo-async/async.js:3527:9)
    at Hook.eval [as callAsync] (eval at create (/home/Bultut/Downloads/Church-frontend/church-is-frontend-master (1)/church-is-frontend-master/node_modules/tapable/lib/HookCodeFactory.js:33:10), <anonymous>:15:1)
    at Hook.CALL_ASYNC_DELEGATE [as _callAsync] (/home/Bultut/Downloads/Church-frontend/church-is-frontend-master (1)/church-is-frontend-master/node_modules/tapable/lib/Hook.js:20:14)
    at /home/Bultut/Downloads/Church-frontend/church-is-frontend-master (1)/church-is-frontend-master/node_modules/webpack/lib/Compilation.js:5386:43
    at symbolIterator (/home/Bultut/Downloads/Church-frontend/church-is-frontend-master (1)/church-is-frontend-master/node_modules/neo-async/async.js:3482:9)
    at timesSync (/home/Bultut/Downloads/Church-frontend/church-is-frontend-master (1)/church-is-frontend-master/node_modules/neo-async/async.js:2297:7)
    at Object.eachLimit (/home/Bultut/Downloads/Church-frontend/church-is-frontend-master (1)/church-is-frontend-master/node_modules/neo-async/async.js:3463:5)
    at /home/Bultut/Downloads/Church-frontend/church-is-frontend-master (1)/church-is-frontend-master/node_modules/webpack/lib/Compilation.js:5348:16
    at symbolIterator (/home/Bultut/Downloads/Church-frontend/church-is-frontend-master (1)/church-is-frontend-master/node_modules/neo-async/async.js:3485:9)
    at timesSync (/home/Bultut/Downloads/Church-frontend/church-is-frontend-master (1)/church-is-frontend-master/node_modules/neo-async/async.js:2297:7)
    at Object.eachLimit (/home/Bultut/Downloads/Church-frontend/church-is-frontend-master (1)/church-is-frontend-master/node_modules/neo-async/async.js:3463:5)
    at /home/Bultut/Downloads/Church-frontend/church-is-frontend-master (1)/church-is-frontend-master/node_modules/webpack/lib/Compilation.js:5316:15
    at symbolIterator (/home/Bultut/Downloads/Church-frontend/church-is-frontend-master (1)/church-is-frontend-master/node_modules/neo-async/async.js:3485:9)
    at done (/home/Bultut/Downloads/Church-frontend/church-is-frontend-master (1)/church-is-frontend-master/node_modules/neo-async/async.js:3527:9)
    at /home/Bultut/Downloads/Church-frontend/church-is-frontend-master (1)/church-is-frontend-master/node_modules/webpack/lib/Compilation.js:5262:8
    at /home/Bultut/Downloads/Church-frontend/church-is-frontend-master (1)/church-is-frontend-master/node_modules/webpack/lib/Compilation.js:3677:6
    at /home/Bultut/Downloads/Church-frontend/church-is-frontend-master (1)/church-is-frontend-master/node_modules/webpack/lib/HookWebpackError.js:67:2
    at Hook.eval [as callAsync] (eval at create (/home/Bultut/Downloads/Church-frontend/church-is-frontend-master (1)/church-is-frontend-master/node_modules/tapable/lib/HookCodeFactory.js:33:10), <anonymous>:6:1)
    at Cache.store (/home/Bultut/Downloads/Church-frontend/church-is-frontend-master (1)/church-is-frontend-master/node_modules/webpack/lib/Cache.js:113:20)
    at ItemCacheFacade.store (/home/Bultut/Downloads/Church-frontend/church-is-frontend-master (1)/church-is-frontend-master/node_modules/webpack/lib/CacheFacade.js:142:15)
    at /home/Bultut/Downloads/Church-frontend/church-is-frontend-master (1)/church-is-frontend-master/node_modules/webpack/lib/Compilation.js:3676:11
    at /home/Bultut/Downloads/Church-frontend/church-is-frontend-master (1)/church-is-frontend-master/node_modules/webpack/lib/Cache.js:99:5
    at Hook.eval [as callAsync] (eval at create (/home/Bultut/Downloads/Church-frontend/church-is-frontend-master (1)/church-is-frontend-master/node_modules/tapable/lib/HookCodeFactory.js:33:10), <anonymous>:6:1)
    at Cache.get (/home/Bultut/Downloads/Church-frontend/church-is-frontend-master (1)/church-is-frontend-master/node_modules/webpack/lib/Cache.js:81:18)
    at ItemCacheFacade.get (/home/Bultut/Downloads/Church-frontend/church-is-frontend-master (1)/church-is-frontend-master/node_modules/webpack/lib/CacheFacade.js:116:15)
    at Compilation._codeGenerationModule (/home/Bultut/Downloads/Church-frontend/church-is-frontend-master (1)/church-is-frontend-master/node_modules/webpack/lib/Compilation.js:3644:9)
    at codeGen (/home/Bultut/Downloads/Church-frontend/church-is-frontend-master (1)/church-is-frontend-master/node_modules/webpack/lib/Compilation.js:5250:11)
    at symbolIterator (/home/Bultut/Downloads/Church-frontend/church-is-frontend-master (1)/church-is-frontend-master/node_modules/neo-async/async.js:3482:9)
    at timesSync (/home/Bultut/Downloads/Church-frontend/church-is-frontend-master (1)/church-is-frontend-master/node_modules/neo-async/async.js:2297:7)
    at Object.eachLimit (/home/Bultut/Downloads/Church-frontend/church-is-frontend-master (1)/church-is-frontend-master/node_modules/neo-async/async.js:3463:5)
    at /home/Bultut/Downloads/Church-frontend/church-is-frontend-master (1)/church-is-frontend-master/node_modules/webpack/lib/Compilation.js:5280:14
    at processQueue (/home/Bultut/Downloads/Church-frontend/church-is-frontend-master (1)/church-is-frontend-master/node_modules/webpack/lib/util/processAsyncTree.js:61:4)
    at processTicksAndRejections (node:internal/process/task_queues:78:11)

Generated code for /home/Bultut/Downloads/Church-frontend/church-is-frontend-master (1)/church-is-frontend-master/node_modules/css-loader/dist/cjs.js??clonedRuleSet-5.use[1]!/home/Bultut/Downloads/Church-frontend/church-is-frontend-master (1)/church-is-frontend-master/node_modules/postcss-loader/dist/cjs.js??clonedRuleSet-5.use[2]!/home/Bultut/Downloads/Church-frontend/church-is-frontend-master (1)/church-is-frontend-master/node_modules/quill/dist/quill.core.css
1 | throw new [1m[31mError[39m[22m[1m("Module build [1m[31mfailed[39m[22m[1m (from ./node_modules/postcss-loader/dist/cjs.js):\nTypeError: bundle.findLastIndex is not a function\n    at applyConditions (/home/Bultut/Downloads/Church-frontend/church-is-frontend-master (1)/church-is-frontend-master/node_modules/postcss-import/lib/apply-conditions.js:9:43)\n    at Object.Once (/home/Bultut/Downloads/Church-frontend/church-is-frontend-master (1)/church-is-frontend-master/node_modules/postcss-import/index.js:62:7)\n    at async LazyResult.runAsync (/home/Bultut/Downloads/Church-frontend/church-is-frontend-master (1)/church-is-frontend-master/node_modules/postcss/lib/lazy-result.js:293:11)\n    at async Object.loader (/home/Bultut/Downloads/Church-frontend/church-is-frontend-master (1)/church-is-frontend-master/node_modules/postcss-loader/dist/index.js:84:14)");[39m[22m
 @ ./src/main.js 250:0-35

[1m[31mERROR[39m[22m in [1m./node_modules/quill/dist/quill.snow.css[39m[22m
[1mModule build [1m[31mfailed[39m[22m[1m (from ./node_modules/mini-css-extract-plugin/dist/loader.js):
HookWebpackError: Module build [1m[31mfailed[39m[22m[1m (from ./node_modules/postcss-loader/dist/cjs.js):
TypeError: bundle.findLastIndex is not a function
    at applyConditions (/home/Bultut/Downloads/Church-frontend/church-is-frontend-master (1)/church-is-frontend-master/node_modules/postcss-import/lib/apply-conditions.js:9:43)
    at Object.Once (/home/Bultut/Downloads/Church-frontend/church-is-frontend-master (1)/church-is-frontend-master/node_modules/postcss-import/index.js:62:7)
    at async LazyResult.runAsync (/home/Bultut/Downloads/Church-frontend/church-is-frontend-master (1)/church-is-frontend-master/node_modules/postcss/lib/lazy-result.js:293:11)
    at async Object.loader (/home/Bultut/Downloads/Church-frontend/church-is-frontend-master (1)/church-is-frontend-master/node_modules/postcss-loader/dist/index.js:84:14)
    at tryRunOrWebpackError (/home/Bultut/Downloads/Church-frontend/church-is-frontend-master (1)/church-is-frontend-master/node_modules/webpack/lib/HookWebpackError.js:86:9)
    at __webpack_require_module__ (/home/Bultut/Downloads/Church-frontend/church-is-frontend-master (1)/church-is-frontend-master/node_modules/webpack/lib/Compilation.js:5464:12)
    at __webpack_require__ (/home/Bultut/Downloads/Church-frontend/church-is-frontend-master (1)/church-is-frontend-master/node_modules/webpack/lib/Compilation.js:5411:18)
    at /home/Bultut/Downloads/Church-frontend/church-is-frontend-master (1)/church-is-frontend-master/node_modules/webpack/lib/Compilation.js:5498:20
    at symbolIterator (/home/Bultut/Downloads/Church-frontend/church-is-frontend-master (1)/church-is-frontend-master/node_modules/neo-async/async.js:3485:9)
    at done (/home/Bultut/Downloads/Church-frontend/church-is-frontend-master (1)/church-is-frontend-master/node_modules/neo-async/async.js:3527:9)
    at Hook.eval [as callAsync] (eval at create (/home/Bultut/Downloads/Church-frontend/church-is-frontend-master (1)/church-is-frontend-master/node_modules/tapable/lib/HookCodeFactory.js:33:10), <anonymous>:15:1)
    at /home/Bultut/Downloads/Church-frontend/church-is-frontend-master (1)/church-is-frontend-master/node_modules/webpack/lib/Compilation.js:5386:43
    at symbolIterator (/home/Bultut/Downloads/Church-frontend/church-is-frontend-master (1)/church-is-frontend-master/node_modules/neo-async/async.js:3482:9)
    at timesSync (/home/Bultut/Downloads/Church-frontend/church-is-frontend-master (1)/church-is-frontend-master/node_modules/neo-async/async.js:2297:7)
    at Object.eachLimit (/home/Bultut/Downloads/Church-frontend/church-is-frontend-master (1)/church-is-frontend-master/node_modules/neo-async/async.js:3463:5)
    at /home/Bultut/Downloads/Church-frontend/church-is-frontend-master (1)/church-is-frontend-master/node_modules/webpack/lib/Compilation.js:5348:16
    at symbolIterator (/home/Bultut/Downloads/Church-frontend/church-is-frontend-master (1)/church-is-frontend-master/node_modules/neo-async/async.js:3485:9)
    at timesSync (/home/Bultut/Downloads/Church-frontend/church-is-frontend-master (1)/church-is-frontend-master/node_modules/neo-async/async.js:2297:7)
    at Object.eachLimit (/home/Bultut/Downloads/Church-frontend/church-is-frontend-master (1)/church-is-frontend-master/node_modules/neo-async/async.js:3463:5)
    at /home/Bultut/Downloads/Church-frontend/church-is-frontend-master (1)/church-is-frontend-master/node_modules/webpack/lib/Compilation.js:5316:15
    at symbolIterator (/home/Bultut/Downloads/Church-frontend/church-is-frontend-master (1)/church-is-frontend-master/node_modules/neo-async/async.js:3485:9)
    at done (/home/Bultut/Downloads/Church-frontend/church-is-frontend-master (1)/church-is-frontend-master/node_modules/neo-async/async.js:3527:9)
    at /home/Bultut/Downloads/Church-frontend/church-is-frontend-master (1)/church-is-frontend-master/node_modules/webpack/lib/Compilation.js:5262:8
    at /home/Bultut/Downloads/Church-frontend/church-is-frontend-master (1)/church-is-frontend-master/node_modules/webpack/lib/Compilation.js:3677:6
    at /home/Bultut/Downloads/Church-frontend/church-is-frontend-master (1)/church-is-frontend-master/node_modules/webpack/lib/HookWebpackError.js:67:2
    at Hook.eval [as callAsync] (eval at create (/home/Bultut/Downloads/Church-frontend/church-is-frontend-master (1)/church-is-frontend-master/node_modules/tapable/lib/HookCodeFactory.js:33:10), <anonymous>:6:1)
    at Cache.store (/home/Bultut/Downloads/Church-frontend/church-is-frontend-master (1)/church-is-frontend-master/node_modules/webpack/lib/Cache.js:113:20)
    at ItemCacheFacade.store (/home/Bultut/Downloads/Church-frontend/church-is-frontend-master (1)/church-is-frontend-master/node_modules/webpack/lib/CacheFacade.js:142:15)
    at /home/Bultut/Downloads/Church-frontend/church-is-frontend-master (1)/church-is-frontend-master/node_modules/webpack/lib/Compilation.js:3676:11
    at /home/Bultut/Downloads/Church-frontend/church-is-frontend-master (1)/church-is-frontend-master/node_modules/webpack/lib/Cache.js:99:5
    at Hook.eval [as callAsync] (eval at create (/home/Bultut/Downloads/Church-frontend/church-is-frontend-master (1)/church-is-frontend-master/node_modules/tapable/lib/HookCodeFactory.js:33:10), <anonymous>:6:1)
    at Cache.get (/home/Bultut/Downloads/Church-frontend/church-is-frontend-master (1)/church-is-frontend-master/node_modules/webpack/lib/Cache.js:81:18)
    at ItemCacheFacade.get (/home/Bultut/Downloads/Church-frontend/church-is-frontend-master (1)/church-is-frontend-master/node_modules/webpack/lib/CacheFacade.js:116:15)
    at Compilation._codeGenerationModule (/home/Bultut/Downloads/Church-frontend/church-is-frontend-master (1)/church-is-frontend-master/node_modules/webpack/lib/Compilation.js:3644:9)
    at codeGen (/home/Bultut/Downloads/Church-frontend/church-is-frontend-master (1)/church-is-frontend-master/node_modules/webpack/lib/Compilation.js:5250:11)
    at symbolIterator (/home/Bultut/Downloads/Church-frontend/church-is-frontend-master (1)/church-is-frontend-master/node_modules/neo-async/async.js:3482:9)
    at timesSync (/home/Bultut/Downloads/Church-frontend/church-is-frontend-master (1)/church-is-frontend-master/node_modules/neo-async/async.js:2297:7)
    at Object.eachLimit (/home/Bultut/Downloads/Church-frontend/church-is-frontend-master (1)/church-is-frontend-master/node_modules/neo-async/async.js:3463:5)
    at /home/Bultut/Downloads/Church-frontend/church-is-frontend-master (1)/church-is-frontend-master/node_modules/webpack/lib/Compilation.js:5280:14
    at processQueue (/home/Bultut/Downloads/Church-frontend/church-is-frontend-master (1)/church-is-frontend-master/node_modules/webpack/lib/util/processAsyncTree.js:61:4)
    at processTicksAndRejections (node:internal/process/task_queues:78:11)
-- inner [1m[31merror[39m[22m[1m --
[1m[31mError[39m[22m[1m: Module build [1m[31mfailed[39m[22m[1m (from ./node_modules/postcss-loader/dist/cjs.js):
TypeError: bundle.findLastIndex is not a function
    at applyConditions (/home/Bultut/Downloads/Church-frontend/church-is-frontend-master (1)/church-is-frontend-master/node_modules/postcss-import/lib/apply-conditions.js:9:43)
    at Object.Once (/home/Bultut/Downloads/Church-frontend/church-is-frontend-master (1)/church-is-frontend-master/node_modules/postcss-import/index.js:62:7)
    at async LazyResult.runAsync (/home/Bultut/Downloads/Church-frontend/church-is-frontend-master (1)/church-is-frontend-master/node_modules/postcss/lib/lazy-result.js:293:11)
    at async Object.loader (/home/Bultut/Downloads/Church-frontend/church-is-frontend-master (1)/church-is-frontend-master/node_modules/postcss-loader/dist/index.js:84:14)
    at Object.<anonymous> (/home/Bultut/Downloads/Church-frontend/church-is-frontend-master (1)/church-is-frontend-master/node_modules/css-loader/dist/cjs.js??clonedRuleSet-5.use[1]!/home/Bultut/Downloads/Church-frontend/church-is-frontend-master (1)/church-is-frontend-master/node_modules/postcss-loader/dist/cjs.js??clonedRuleSet-5.use[2]!/home/Bultut/Downloads/Church-frontend/church-is-frontend-master (1)/church-is-frontend-master/node_modules/quill/dist/quill.snow.css:1:7)
    at /home/Bultut/Downloads/Church-frontend/church-is-frontend-master (1)/church-is-frontend-master/node_modules/webpack/lib/javascript/JavascriptModulesPlugin.js:518:10
    at Hook.eval [as call] (eval at create (/home/Bultut/Downloads/Church-frontend/church-is-frontend-master (1)/church-is-frontend-master/node_modules/tapable/lib/HookCodeFactory.js:19:10), <anonymous>:7:1)
    at /home/Bultut/Downloads/Church-frontend/church-is-frontend-master (1)/church-is-frontend-master/node_modules/webpack/lib/Compilation.js:5466:39
    at tryRunOrWebpackError (/home/Bultut/Downloads/Church-frontend/church-is-frontend-master (1)/church-is-frontend-master/node_modules/webpack/lib/HookWebpackError.js:81:7)
    at __webpack_require_module__ (/home/Bultut/Downloads/Church-frontend/church-is-frontend-master (1)/church-is-frontend-master/node_modules/webpack/lib/Compilation.js:5464:12)
    at __webpack_require__ (/home/Bultut/Downloads/Church-frontend/church-is-frontend-master (1)/church-is-frontend-master/node_modules/webpack/lib/Compilation.js:5411:18)
    at /home/Bultut/Downloads/Church-frontend/church-is-frontend-master (1)/church-is-frontend-master/node_modules/webpack/lib/Compilation.js:5498:20
    at symbolIterator (/home/Bultut/Downloads/Church-frontend/church-is-frontend-master (1)/church-is-frontend-master/node_modules/neo-async/async.js:3485:9)
    at done (/home/Bultut/Downloads/Church-frontend/church-is-frontend-master (1)/church-is-frontend-master/node_modules/neo-async/async.js:3527:9)
    at Hook.eval [as callAsync] (eval at create (/home/Bultut/Downloads/Church-frontend/church-is-frontend-master (1)/church-is-frontend-master/node_modules/tapable/lib/HookCodeFactory.js:33:10), <anonymous>:15:1)
    at /home/Bultut/Downloads/Church-frontend/church-is-frontend-master (1)/church-is-frontend-master/node_modules/webpack/lib/Compilation.js:5386:43
    at symbolIterator (/home/Bultut/Downloads/Church-frontend/church-is-frontend-master (1)/church-is-frontend-master/node_modules/neo-async/async.js:3482:9)
    at timesSync (/home/Bultut/Downloads/Church-frontend/church-is-frontend-master (1)/church-is-frontend-master/node_modules/neo-async/async.js:2297:7)
    at Object.eachLimit (/home/Bultut/Downloads/Church-frontend/church-is-frontend-master (1)/church-is-frontend-master/node_modules/neo-async/async.js:3463:5)
    at /home/Bultut/Downloads/Church-frontend/church-is-frontend-master (1)/church-is-frontend-master/node_modules/webpack/lib/Compilation.js:5348:16
    at symbolIterator (/home/Bultut/Downloads/Church-frontend/church-is-frontend-master (1)/church-is-frontend-master/node_modules/neo-async/async.js:3485:9)
    at timesSync (/home/Bultut/Downloads/Church-frontend/church-is-frontend-master (1)/church-is-frontend-master/node_modules/neo-async/async.js:2297:7)
    at Object.eachLimit (/home/Bultut/Downloads/Church-frontend/church-is-frontend-master (1)/church-is-frontend-master/node_modules/neo-async/async.js:3463:5)
    at /home/Bultut/Downloads/Church-frontend/church-is-frontend-master (1)/church-is-frontend-master/node_modules/webpack/lib/Compilation.js:5316:15
    at symbolIterator (/home/Bultut/Downloads/Church-frontend/church-is-frontend-master (1)/church-is-frontend-master/node_modules/neo-async/async.js:3485:9)
    at done (/home/Bultut/Downloads/Church-frontend/church-is-frontend-master (1)/church-is-frontend-master/node_modules/neo-async/async.js:3527:9)
    at /home/Bultut/Downloads/Church-frontend/church-is-frontend-master (1)/church-is-frontend-master/node_modules/webpack/lib/Compilation.js:5262:8
    at /home/Bultut/Downloads/Church-frontend/church-is-frontend-master (1)/church-is-frontend-master/node_modules/webpack/lib/Compilation.js:3677:6
    at /home/Bultut/Downloads/Church-frontend/church-is-frontend-master (1)/church-is-frontend-master/node_modules/webpack/lib/HookWebpackError.js:67:2
    at Hook.eval [as callAsync] (eval at create (/home/Bultut/Downloads/Church-frontend/church-is-frontend-master (1)/church-is-frontend-master/node_modules/tapable/lib/HookCodeFactory.js:33:10), <anonymous>:6:1)
    at Cache.store (/home/Bultut/Downloads/Church-frontend/church-is-frontend-master (1)/church-is-frontend-master/node_modules/webpack/lib/Cache.js:113:20)
    at ItemCacheFacade.store (/home/Bultut/Downloads/Church-frontend/church-is-frontend-master (1)/church-is-frontend-master/node_modules/webpack/lib/CacheFacade.js:142:15)
    at /home/Bultut/Downloads/Church-frontend/church-is-frontend-master (1)/church-is-frontend-master/node_modules/webpack/lib/Compilation.js:3676:11
    at /home/Bultut/Downloads/Church-frontend/church-is-frontend-master (1)/church-is-frontend-master/node_modules/webpack/lib/Cache.js:99:5
    at Hook.eval [as callAsync] (eval at create (/home/Bultut/Downloads/Church-frontend/church-is-frontend-master (1)/church-is-frontend-master/node_modules/tapable/lib/HookCodeFactory.js:33:10), <anonymous>:6:1)
    at Cache.get (/home/Bultut/Downloads/Church-frontend/church-is-frontend-master (1)/church-is-frontend-master/node_modules/webpack/lib/Cache.js:81:18)
    at ItemCacheFacade.get (/home/Bultut/Downloads/Church-frontend/church-is-frontend-master (1)/church-is-frontend-master/node_modules/webpack/lib/CacheFacade.js:116:15)
    at Compilation._codeGenerationModule (/home/Bultut/Downloads/Church-frontend/church-is-frontend-master (1)/church-is-frontend-master/node_modules/webpack/lib/Compilation.js:3644:9)
    at codeGen (/home/Bultut/Downloads/Church-frontend/church-is-frontend-master (1)/church-is-frontend-master/node_modules/webpack/lib/Compilation.js:5250:11)
    at symbolIterator (/home/Bultut/Downloads/Church-frontend/church-is-frontend-master (1)/church-is-frontend-master/node_modules/neo-async/async.js:3482:9)
    at timesSync (/home/Bultut/Downloads/Church-frontend/church-is-frontend-master (1)/church-is-frontend-master/node_modules/neo-async/async.js:2297:7)
    at Object.eachLimit (/home/Bultut/Downloads/Church-frontend/church-is-frontend-master (1)/church-is-frontend-master/node_modules/neo-async/async.js:3463:5)
    at /home/Bultut/Downloads/Church-frontend/church-is-frontend-master (1)/church-is-frontend-master/node_modules/webpack/lib/Compilation.js:5280:14
    at processQueue (/home/Bultut/Downloads/Church-frontend/church-is-frontend-master (1)/church-is-frontend-master/node_modules/webpack/lib/util/processAsyncTree.js:61:4)
    at processTicksAndRejections (node:internal/process/task_queues:78:11)

Generated code for /home/Bultut/Downloads/Church-frontend/church-is-frontend-master (1)/church-is-frontend-master/node_modules/css-loader/dist/cjs.js??clonedRuleSet-5.use[1]!/home/Bultut/Downloads/Church-frontend/church-is-frontend-master (1)/church-is-frontend-master/node_modules/postcss-loader/dist/cjs.js??clonedRuleSet-5.use[2]!/home/Bultut/Downloads/Church-frontend/church-is-frontend-master (1)/church-is-frontend-master/node_modules/quill/dist/quill.snow.css
1 | throw new [1m[31mError[39m[22m[1m("Module build [1m[31mfailed[39m[22m[1m (from ./node_modules/postcss-loader/dist/cjs.js):\nTypeError: bundle.findLastIndex is not a function\n    at applyConditions (/home/Bultut/Downloads/Church-frontend/church-is-frontend-master (1)/church-is-frontend-master/node_modules/postcss-import/lib/apply-conditions.js:9:43)\n    at Object.Once (/home/Bultut/Downloads/Church-frontend/church-is-frontend-master (1)/church-is-frontend-master/node_modules/postcss-import/index.js:62:7)\n    at async LazyResult.runAsync (/home/Bultut/Downloads/Church-frontend/church-is-frontend-master (1)/church-is-frontend-master/node_modules/postcss/lib/lazy-result.js:293:11)\n    at async Object.loader (/home/Bultut/Downloads/Church-frontend/church-is-frontend-master (1)/church-is-frontend-master/node_modules/postcss-loader/dist/index.js:84:14)");[39m[22m
 @ ./src/main.js 251:0-35

[1m[31mERROR[39m[22m in [1m./node_modules/vue-cal/dist/vuecal.css[39m[22m
[1mModule build [1m[31mfailed[39m[22m[1m (from ./node_modules/mini-css-extract-plugin/dist/loader.js):
HookWebpackError: Module build [1m[31mfailed[39m[22m[1m (from ./node_modules/postcss-loader/dist/cjs.js):
TypeError: bundle.findLastIndex is not a function
    at applyConditions (/home/Bultut/Downloads/Church-frontend/church-is-frontend-master (1)/church-is-frontend-master/node_modules/postcss-import/lib/apply-conditions.js:9:43)
    at Object.Once (/home/Bultut/Downloads/Church-frontend/church-is-frontend-master (1)/church-is-frontend-master/node_modules/postcss-import/index.js:62:7)
    at async LazyResult.runAsync (/home/Bultut/Downloads/Church-frontend/church-is-frontend-master (1)/church-is-frontend-master/node_modules/postcss/lib/lazy-result.js:293:11)
    at async Object.loader (/home/Bultut/Downloads/Church-frontend/church-is-frontend-master (1)/church-is-frontend-master/node_modules/postcss-loader/dist/index.js:84:14)
    at tryRunOrWebpackError (/home/Bultut/Downloads/Church-frontend/church-is-frontend-master (1)/church-is-frontend-master/node_modules/webpack/lib/HookWebpackError.js:86:9)
    at __webpack_require_module__ (/home/Bultut/Downloads/Church-frontend/church-is-frontend-master (1)/church-is-frontend-master/node_modules/webpack/lib/Compilation.js:5464:12)
    at __webpack_require__ (/home/Bultut/Downloads/Church-frontend/church-is-frontend-master (1)/church-is-frontend-master/node_modules/webpack/lib/Compilation.js:5411:18)
    at /home/Bultut/Downloads/Church-frontend/church-is-frontend-master (1)/church-is-frontend-master/node_modules/webpack/lib/Compilation.js:5498:20
    at symbolIterator (/home/Bultut/Downloads/Church-frontend/church-is-frontend-master (1)/church-is-frontend-master/node_modules/neo-async/async.js:3485:9)
    at done (/home/Bultut/Downloads/Church-frontend/church-is-frontend-master (1)/church-is-frontend-master/node_modules/neo-async/async.js:3527:9)
    at Hook.eval [as callAsync] (eval at create (/home/Bultut/Downloads/Church-frontend/church-is-frontend-master (1)/church-is-frontend-master/node_modules/tapable/lib/HookCodeFactory.js:33:10), <anonymous>:15:1)
    at /home/Bultut/Downloads/Church-frontend/church-is-frontend-master (1)/church-is-frontend-master/node_modules/webpack/lib/Compilation.js:5386:43
    at symbolIterator (/home/Bultut/Downloads/Church-frontend/church-is-frontend-master (1)/church-is-frontend-master/node_modules/neo-async/async.js:3482:9)
    at timesSync (/home/Bultut/Downloads/Church-frontend/church-is-frontend-master (1)/church-is-frontend-master/node_modules/neo-async/async.js:2297:7)
    at Object.eachLimit (/home/Bultut/Downloads/Church-frontend/church-is-frontend-master (1)/church-is-frontend-master/node_modules/neo-async/async.js:3463:5)
    at /home/Bultut/Downloads/Church-frontend/church-is-frontend-master (1)/church-is-frontend-master/node_modules/webpack/lib/Compilation.js:5348:16
    at symbolIterator (/home/Bultut/Downloads/Church-frontend/church-is-frontend-master (1)/church-is-frontend-master/node_modules/neo-async/async.js:3485:9)
    at timesSync (/home/Bultut/Downloads/Church-frontend/church-is-frontend-master (1)/church-is-frontend-master/node_modules/neo-async/async.js:2297:7)
    at Object.eachLimit (/home/Bultut/Downloads/Church-frontend/church-is-frontend-master (1)/church-is-frontend-master/node_modules/neo-async/async.js:3463:5)
    at /home/Bultut/Downloads/Church-frontend/church-is-frontend-master (1)/church-is-frontend-master/node_modules/webpack/lib/Compilation.js:5316:15
    at symbolIterator (/home/Bultut/Downloads/Church-frontend/church-is-frontend-master (1)/church-is-frontend-master/node_modules/neo-async/async.js:3485:9)
    at done (/home/Bultut/Downloads/Church-frontend/church-is-frontend-master (1)/church-is-frontend-master/node_modules/neo-async/async.js:3527:9)
    at /home/Bultut/Downloads/Church-frontend/church-is-frontend-master (1)/church-is-frontend-master/node_modules/webpack/lib/Compilation.js:5262:8
    at /home/Bultut/Downloads/Church-frontend/church-is-frontend-master (1)/church-is-frontend-master/node_modules/webpack/lib/Compilation.js:3677:6
    at /home/Bultut/Downloads/Church-frontend/church-is-frontend-master (1)/church-is-frontend-master/node_modules/webpack/lib/HookWebpackError.js:67:2
    at Hook.eval [as callAsync] (eval at create (/home/Bultut/Downloads/Church-frontend/church-is-frontend-master (1)/church-is-frontend-master/node_modules/tapable/lib/HookCodeFactory.js:33:10), <anonymous>:6:1)
    at Cache.store (/home/Bultut/Downloads/Church-frontend/church-is-frontend-master (1)/church-is-frontend-master/node_modules/webpack/lib/Cache.js:113:20)
    at ItemCacheFacade.store (/home/Bultut/Downloads/Church-frontend/church-is-frontend-master (1)/church-is-frontend-master/node_modules/webpack/lib/CacheFacade.js:142:15)
    at /home/Bultut/Downloads/Church-frontend/church-is-frontend-master (1)/church-is-frontend-master/node_modules/webpack/lib/Compilation.js:3676:11
    at /home/Bultut/Downloads/Church-frontend/church-is-frontend-master (1)/church-is-frontend-master/node_modules/webpack/lib/Cache.js:99:5
    at Hook.eval [as callAsync] (eval at create (/home/Bultut/Downloads/Church-frontend/church-is-frontend-master (1)/church-is-frontend-master/node_modules/tapable/lib/HookCodeFactory.js:33:10), <anonymous>:6:1)
    at Cache.get (/home/Bultut/Downloads/Church-frontend/church-is-frontend-master (1)/church-is-frontend-master/node_modules/webpack/lib/Cache.js:81:18)
    at ItemCacheFacade.get (/home/Bultut/Downloads/Church-frontend/church-is-frontend-master (1)/church-is-frontend-master/node_modules/webpack/lib/CacheFacade.js:116:15)
    at Compilation._codeGenerationModule (/home/Bultut/Downloads/Church-frontend/church-is-frontend-master (1)/church-is-frontend-master/node_modules/webpack/lib/Compilation.js:3644:9)
    at codeGen (/home/Bultut/Downloads/Church-frontend/church-is-frontend-master (1)/church-is-frontend-master/node_modules/webpack/lib/Compilation.js:5250:11)
    at symbolIterator (/home/Bultut/Downloads/Church-frontend/church-is-frontend-master (1)/church-is-frontend-master/node_modules/neo-async/async.js:3482:9)
    at timesSync (/home/Bultut/Downloads/Church-frontend/church-is-frontend-master (1)/church-is-frontend-master/node_modules/neo-async/async.js:2297:7)
    at Object.eachLimit (/home/Bultut/Downloads/Church-frontend/church-is-frontend-master (1)/church-is-frontend-master/node_modules/neo-async/async.js:3463:5)
    at /home/Bultut/Downloads/Church-frontend/church-is-frontend-master (1)/church-is-frontend-master/node_modules/webpack/lib/Compilation.js:5280:14
    at processQueue (/home/Bultut/Downloads/Church-frontend/church-is-frontend-master (1)/church-is-frontend-master/node_modules/webpack/lib/util/processAsyncTree.js:61:4)
    at processTicksAndRejections (node:internal/process/task_queues:78:11)
    at runNextTicks (node:internal/process/task_queues:65:3)
    at processImmediate (node:internal/timers:437:9)
-- inner [1m[31merror[39m[22m[1m --
[1m[31mError[39m[22m[1m: Module build [1m[31mfailed[39m[22m[1m (from ./node_modules/postcss-loader/dist/cjs.js):
TypeError: bundle.findLastIndex is not a function
    at applyConditions (/home/Bultut/Downloads/Church-frontend/church-is-frontend-master (1)/church-is-frontend-master/node_modules/postcss-import/lib/apply-conditions.js:9:43)
    at Object.Once (/home/Bultut/Downloads/Church-frontend/church-is-frontend-master (1)/church-is-frontend-master/node_modules/postcss-import/index.js:62:7)
    at async LazyResult.runAsync (/home/Bultut/Downloads/Church-frontend/church-is-frontend-master (1)/church-is-frontend-master/node_modules/postcss/lib/lazy-result.js:293:11)
    at async Object.loader (/home/Bultut/Downloads/Church-frontend/church-is-frontend-master (1)/church-is-frontend-master/node_modules/postcss-loader/dist/index.js:84:14)
    at Object.<anonymous> (/home/Bultut/Downloads/Church-frontend/church-is-frontend-master (1)/church-is-frontend-master/node_modules/css-loader/dist/cjs.js??clonedRuleSet-5.use[1]!/home/Bultut/Downloads/Church-frontend/church-is-frontend-master (1)/church-is-frontend-master/node_modules/postcss-loader/dist/cjs.js??clonedRuleSet-5.use[2]!/home/Bultut/Downloads/Church-frontend/church-is-frontend-master (1)/church-is-frontend-master/node_modules/vue-cal/dist/vuecal.css:1:7)
    at /home/Bultut/Downloads/Church-frontend/church-is-frontend-master (1)/church-is-frontend-master/node_modules/webpack/lib/javascript/JavascriptModulesPlugin.js:518:10
    at Hook.eval [as call] (eval at create (/home/Bultut/Downloads/Church-frontend/church-is-frontend-master (1)/church-is-frontend-master/node_modules/tapable/lib/HookCodeFactory.js:19:10), <anonymous>:7:1)
    at /home/Bultut/Downloads/Church-frontend/church-is-frontend-master (1)/church-is-frontend-master/node_modules/webpack/lib/Compilation.js:5466:39
    at tryRunOrWebpackError (/home/Bultut/Downloads/Church-frontend/church-is-frontend-master (1)/church-is-frontend-master/node_modules/webpack/lib/HookWebpackError.js:81:7)
    at __webpack_require_module__ (/home/Bultut/Downloads/Church-frontend/church-is-frontend-master (1)/church-is-frontend-master/node_modules/webpack/lib/Compilation.js:5464:12)
    at __webpack_require__ (/home/Bultut/Downloads/Church-frontend/church-is-frontend-master (1)/church-is-frontend-master/node_modules/webpack/lib/Compilation.js:5411:18)
    at /home/Bultut/Downloads/Church-frontend/church-is-frontend-master (1)/church-is-frontend-master/node_modules/webpack/lib/Compilation.js:5498:20
    at symbolIterator (/home/Bultut/Downloads/Church-frontend/church-is-frontend-master (1)/church-is-frontend-master/node_modules/neo-async/async.js:3485:9)
    at done (/home/Bultut/Downloads/Church-frontend/church-is-frontend-master (1)/church-is-frontend-master/node_modules/neo-async/async.js:3527:9)
    at Hook.eval [as callAsync] (eval at create (/home/Bultut/Downloads/Church-frontend/church-is-frontend-master (1)/church-is-frontend-master/node_modules/tapable/lib/HookCodeFactory.js:33:10), <anonymous>:15:1)
    at /home/Bultut/Downloads/Church-frontend/church-is-frontend-master (1)/church-is-frontend-master/node_modules/webpack/lib/Compilation.js:5386:43
    at symbolIterator (/home/Bultut/Downloads/Church-frontend/church-is-frontend-master (1)/church-is-frontend-master/node_modules/neo-async/async.js:3482:9)
    at timesSync (/home/Bultut/Downloads/Church-frontend/church-is-frontend-master (1)/church-is-frontend-master/node_modules/neo-async/async.js:2297:7)
    at Object.eachLimit (/home/Bultut/Downloads/Church-frontend/church-is-frontend-master (1)/church-is-frontend-master/node_modules/neo-async/async.js:3463:5)
    at /home/Bultut/Downloads/Church-frontend/church-is-frontend-master (1)/church-is-frontend-master/node_modules/webpack/lib/Compilation.js:5348:16
    at symbolIterator (/home/Bultut/Downloads/Church-frontend/church-is-frontend-master (1)/church-is-frontend-master/node_modules/neo-async/async.js:3485:9)
    at timesSync (/home/Bultut/Downloads/Church-frontend/church-is-frontend-master (1)/church-is-frontend-master/node_modules/neo-async/async.js:2297:7)
    at Object.eachLimit (/home/Bultut/Downloads/Church-frontend/church-is-frontend-master (1)/church-is-frontend-master/node_modules/neo-async/async.js:3463:5)
    at /home/Bultut/Downloads/Church-frontend/church-is-frontend-master (1)/church-is-frontend-master/node_modules/webpack/lib/Compilation.js:5316:15
    at symbolIterator (/home/Bultut/Downloads/Church-frontend/church-is-frontend-master (1)/church-is-frontend-master/node_modules/neo-async/async.js:3485:9)
    at done (/home/Bultut/Downloads/Church-frontend/church-is-frontend-master (1)/church-is-frontend-master/node_modules/neo-async/async.js:3527:9)
    at /home/Bultut/Downloads/Church-frontend/church-is-frontend-master (1)/church-is-frontend-master/node_modules/webpack/lib/Compilation.js:5262:8
    at /home/Bultut/Downloads/Church-frontend/church-is-frontend-master (1)/church-is-frontend-master/node_modules/webpack/lib/Compilation.js:3677:6
    at /home/Bultut/Downloads/Church-frontend/church-is-frontend-master (1)/church-is-frontend-master/node_modules/webpack/lib/HookWebpackError.js:67:2
    at Hook.eval [as callAsync] (eval at create (/home/Bultut/Downloads/Church-frontend/church-is-frontend-master (1)/church-is-frontend-master/node_modules/tapable/lib/HookCodeFactory.js:33:10), <anonymous>:6:1)
    at Cache.store (/home/Bultut/Downloads/Church-frontend/church-is-frontend-master (1)/church-is-frontend-master/node_modules/webpack/lib/Cache.js:113:20)
    at ItemCacheFacade.store (/home/Bultut/Downloads/Church-frontend/church-is-frontend-master (1)/church-is-frontend-master/node_modules/webpack/lib/CacheFacade.js:142:15)
    at /home/Bultut/Downloads/Church-frontend/church-is-frontend-master (1)/church-is-frontend-master/node_modules/webpack/lib/Compilation.js:3676:11
    at /home/Bultut/Downloads/Church-frontend/church-is-frontend-master (1)/church-is-frontend-master/node_modules/webpack/lib/Cache.js:99:5
    at Hook.eval [as callAsync] (eval at create (/home/Bultut/Downloads/Church-frontend/church-is-frontend-master (1)/church-is-frontend-master/node_modules/tapable/lib/HookCodeFactory.js:33:10), <anonymous>:6:1)
    at Cache.get (/home/Bultut/Downloads/Church-frontend/church-is-frontend-master (1)/church-is-frontend-master/node_modules/webpack/lib/Cache.js:81:18)
    at ItemCacheFacade.get (/home/Bultut/Downloads/Church-frontend/church-is-frontend-master (1)/church-is-frontend-master/node_modules/webpack/lib/CacheFacade.js:116:15)
    at Compilation._codeGenerationModule (/home/Bultut/Downloads/Church-frontend/church-is-frontend-master (1)/church-is-frontend-master/node_modules/webpack/lib/Compilation.js:3644:9)
    at codeGen (/home/Bultut/Downloads/Church-frontend/church-is-frontend-master (1)/church-is-frontend-master/node_modules/webpack/lib/Compilation.js:5250:11)
    at symbolIterator (/home/Bultut/Downloads/Church-frontend/church-is-frontend-master (1)/church-is-frontend-master/node_modules/neo-async/async.js:3482:9)
    at timesSync (/home/Bultut/Downloads/Church-frontend/church-is-frontend-master (1)/church-is-frontend-master/node_modules/neo-async/async.js:2297:7)
    at Object.eachLimit (/home/Bultut/Downloads/Church-frontend/church-is-frontend-master (1)/church-is-frontend-master/node_modules/neo-async/async.js:3463:5)
    at /home/Bultut/Downloads/Church-frontend/church-is-frontend-master (1)/church-is-frontend-master/node_modules/webpack/lib/Compilation.js:5280:14
    at processQueue (/home/Bultut/Downloads/Church-frontend/church-is-frontend-master (1)/church-is-frontend-master/node_modules/webpack/lib/util/processAsyncTree.js:61:4)
    at processTicksAndRejections (node:internal/process/task_queues:78:11)
    at runNextTicks (node:internal/process/task_queues:65:3)
    at processImmediate (node:internal/timers:437:9)

Generated code for /home/Bultut/Downloads/Church-frontend/church-is-frontend-master (1)/church-is-frontend-master/node_modules/css-loader/dist/cjs.js??clonedRuleSet-5.use[1]!/home/Bultut/Downloads/Church-frontend/church-is-frontend-master (1)/church-is-frontend-master/node_modules/postcss-loader/dist/cjs.js??clonedRuleSet-5.use[2]!/home/Bultut/Downloads/Church-frontend/church-is-frontend-master (1)/church-is-frontend-master/node_modules/vue-cal/dist/vuecal.css
1 | throw new [1m[31mError[39m[22m[1m("Module build [1m[31mfailed[39m[22m[1m (from ./node_modules/postcss-loader/dist/cjs.js):\nTypeError: bundle.findLastIndex is not a function\n    at applyConditions (/home/Bultut/Downloads/Church-frontend/church-is-frontend-master (1)/church-is-frontend-master/node_modules/postcss-import/lib/apply-conditions.js:9:43)\n    at Object.Once (/home/Bultut/Downloads/Church-frontend/church-is-frontend-master (1)/church-is-frontend-master/node_modules/postcss-import/index.js:62:7)\n    at async LazyResult.runAsync (/home/Bultut/Downloads/Church-frontend/church-is-frontend-master (1)/church-is-frontend-master/node_modules/postcss/lib/lazy-result.js:293:11)\n    at async Object.loader (/home/Bultut/Downloads/Church-frontend/church-is-frontend-master (1)/church-is-frontend-master/node_modules/postcss-loader/dist/index.js:84:14)");[39m[22m
 @ ./node_modules/babel-loader/lib/index.js!./node_modules/vue-loader/lib/index.js??vue-loader-options!./src/components/events/events.vue?vue&type=script&lang=js 3:0-33
 @ ./src/components/events/events.vue?vue&type=script&lang=js 1:0-171 1:187-190 1:192-360 1:192-360
 @ ./src/components/events/events.vue 2:0-57 3:0-52 3:0-52 9:2-8
 @ ./src/router/index.js 12:0-48 80:15-21
 @ ./src/main.js

[1m[31mERROR[39m[22m in [1m./node_modules/vue-loading-overlay/dist/vue-loading.css[39m[22m
[1mModule build [1m[31mfailed[39m[22m[1m (from ./node_modules/mini-css-extract-plugin/dist/loader.js):
HookWebpackError: Module build [1m[31mfailed[39m[22m[1m (from ./node_modules/postcss-loader/dist/cjs.js):
TypeError: bundle.findLastIndex is not a function
    at applyConditions (/home/Bultut/Downloads/Church-frontend/church-is-frontend-master (1)/church-is-frontend-master/node_modules/postcss-import/lib/apply-conditions.js:9:43)
    at Object.Once (/home/Bultut/Downloads/Church-frontend/church-is-frontend-master (1)/church-is-frontend-master/node_modules/postcss-import/index.js:62:7)
    at async LazyResult.runAsync (/home/Bultut/Downloads/Church-frontend/church-is-frontend-master (1)/church-is-frontend-master/node_modules/postcss/lib/lazy-result.js:293:11)
    at async Object.loader (/home/Bultut/Downloads/Church-frontend/church-is-frontend-master (1)/church-is-frontend-master/node_modules/postcss-loader/dist/index.js:84:14)
    at tryRunOrWebpackError (/home/Bultut/Downloads/Church-frontend/church-is-frontend-master (1)/church-is-frontend-master/node_modules/webpack/lib/HookWebpackError.js:86:9)
    at __webpack_require_module__ (/home/Bultut/Downloads/Church-frontend/church-is-frontend-master (1)/church-is-frontend-master/node_modules/webpack/lib/Compilation.js:5464:12)
    at __webpack_require__ (/home/Bultut/Downloads/Church-frontend/church-is-frontend-master (1)/church-is-frontend-master/node_modules/webpack/lib/Compilation.js:5411:18)
    at /home/Bultut/Downloads/Church-frontend/church-is-frontend-master (1)/church-is-frontend-master/node_modules/webpack/lib/Compilation.js:5498:20
    at symbolIterator (/home/Bultut/Downloads/Church-frontend/church-is-frontend-master (1)/church-is-frontend-master/node_modules/neo-async/async.js:3485:9)
    at done (/home/Bultut/Downloads/Church-frontend/church-is-frontend-master (1)/church-is-frontend-master/node_modules/neo-async/async.js:3527:9)
    at Hook.eval [as callAsync] (eval at create (/home/Bultut/Downloads/Church-frontend/church-is-frontend-master (1)/church-is-frontend-master/node_modules/tapable/lib/HookCodeFactory.js:33:10), <anonymous>:15:1)
    at /home/Bultut/Downloads/Church-frontend/church-is-frontend-master (1)/church-is-frontend-master/node_modules/webpack/lib/Compilation.js:5386:43
    at symbolIterator (/home/Bultut/Downloads/Church-frontend/church-is-frontend-master (1)/church-is-frontend-master/node_modules/neo-async/async.js:3482:9)
    at timesSync (/home/Bultut/Downloads/Church-frontend/church-is-frontend-master (1)/church-is-frontend-master/node_modules/neo-async/async.js:2297:7)
    at Object.eachLimit (/home/Bultut/Downloads/Church-frontend/church-is-frontend-master (1)/church-is-frontend-master/node_modules/neo-async/async.js:3463:5)
    at /home/Bultut/Downloads/Church-frontend/church-is-frontend-master (1)/church-is-frontend-master/node_modules/webpack/lib/Compilation.js:5348:16
    at symbolIterator (/home/Bultut/Downloads/Church-frontend/church-is-frontend-master (1)/church-is-frontend-master/node_modules/neo-async/async.js:3485:9)
    at timesSync (/home/Bultut/Downloads/Church-frontend/church-is-frontend-master (1)/church-is-frontend-master/node_modules/neo-async/async.js:2297:7)
    at Object.eachLimit (/home/Bultut/Downloads/Church-frontend/church-is-frontend-master (1)/church-is-frontend-master/node_modules/neo-async/async.js:3463:5)
    at /home/Bultut/Downloads/Church-frontend/church-is-frontend-master (1)/church-is-frontend-master/node_modules/webpack/lib/Compilation.js:5316:15
    at symbolIterator (/home/Bultut/Downloads/Church-frontend/church-is-frontend-master (1)/church-is-frontend-master/node_modules/neo-async/async.js:3485:9)
    at done (/home/Bultut/Downloads/Church-frontend/church-is-frontend-master (1)/church-is-frontend-master/node_modules/neo-async/async.js:3527:9)
    at /home/Bultut/Downloads/Church-frontend/church-is-frontend-master (1)/church-is-frontend-master/node_modules/webpack/lib/Compilation.js:5262:8
    at /home/Bultut/Downloads/Church-frontend/church-is-frontend-master (1)/church-is-frontend-master/node_modules/webpack/lib/Compilation.js:3677:6
    at /home/Bultut/Downloads/Church-frontend/church-is-frontend-master (1)/church-is-frontend-master/node_modules/webpack/lib/HookWebpackError.js:67:2
    at Hook.eval [as callAsync] (eval at create (/home/Bultut/Downloads/Church-frontend/church-is-frontend-master (1)/church-is-frontend-master/node_modules/tapable/lib/HookCodeFactory.js:33:10), <anonymous>:6:1)
    at Cache.store (/home/Bultut/Downloads/Church-frontend/church-is-frontend-master (1)/church-is-frontend-master/node_modules/webpack/lib/Cache.js:113:20)
    at ItemCacheFacade.store (/home/Bultut/Downloads/Church-frontend/church-is-frontend-master (1)/church-is-frontend-master/node_modules/webpack/lib/CacheFacade.js:142:15)
    at /home/Bultut/Downloads/Church-frontend/church-is-frontend-master (1)/church-is-frontend-master/node_modules/webpack/lib/Compilation.js:3676:11
    at /home/Bultut/Downloads/Church-frontend/church-is-frontend-master (1)/church-is-frontend-master/node_modules/webpack/lib/Cache.js:99:5
    at Hook.eval [as callAsync] (eval at create (/home/Bultut/Downloads/Church-frontend/church-is-frontend-master (1)/church-is-frontend-master/node_modules/tapable/lib/HookCodeFactory.js:33:10), <anonymous>:6:1)
    at Cache.get (/home/Bultut/Downloads/Church-frontend/church-is-frontend-master (1)/church-is-frontend-master/node_modules/webpack/lib/Cache.js:81:18)
    at ItemCacheFacade.get (/home/Bultut/Downloads/Church-frontend/church-is-frontend-master (1)/church-is-frontend-master/node_modules/webpack/lib/CacheFacade.js:116:15)
    at Compilation._codeGenerationModule (/home/Bultut/Downloads/Church-frontend/church-is-frontend-master (1)/church-is-frontend-master/node_modules/webpack/lib/Compilation.js:3644:9)
    at codeGen (/home/Bultut/Downloads/Church-frontend/church-is-frontend-master (1)/church-is-frontend-master/node_modules/webpack/lib/Compilation.js:5250:11)
    at symbolIterator (/home/Bultut/Downloads/Church-frontend/church-is-frontend-master (1)/church-is-frontend-master/node_modules/neo-async/async.js:3482:9)
    at timesSync (/home/Bultut/Downloads/Church-frontend/church-is-frontend-master (1)/church-is-frontend-master/node_modules/neo-async/async.js:2297:7)
    at Object.eachLimit (/home/Bultut/Downloads/Church-frontend/church-is-frontend-master (1)/church-is-frontend-master/node_modules/neo-async/async.js:3463:5)
    at /home/Bultut/Downloads/Church-frontend/church-is-frontend-master (1)/church-is-frontend-master/node_modules/webpack/lib/Compilation.js:5280:14
    at processQueue (/home/Bultut/Downloads/Church-frontend/church-is-frontend-master (1)/church-is-frontend-master/node_modules/webpack/lib/util/processAsyncTree.js:61:4)
    at processTicksAndRejections (node:internal/process/task_queues:78:11)
-- inner [1m[31merror[39m[22m[1m --
[1m[31mError[39m[22m[1m: Module build [1m[31mfailed[39m[22m[1m (from ./node_modules/postcss-loader/dist/cjs.js):
TypeError: bundle.findLastIndex is not a function
    at applyConditions (/home/Bultut/Downloads/Church-frontend/church-is-frontend-master (1)/church-is-frontend-master/node_modules/postcss-import/lib/apply-conditions.js:9:43)
    at Object.Once (/home/Bultut/Downloads/Church-frontend/church-is-frontend-master (1)/church-is-frontend-master/node_modules/postcss-import/index.js:62:7)
    at async LazyResult.runAsync (/home/Bultut/Downloads/Church-frontend/church-is-frontend-master (1)/church-is-frontend-master/node_modules/postcss/lib/lazy-result.js:293:11)
    at async Object.loader (/home/Bultut/Downloads/Church-frontend/church-is-frontend-master (1)/church-is-frontend-master/node_modules/postcss-loader/dist/index.js:84:14)
    at Object.<anonymous> (/home/Bultut/Downloads/Church-frontend/church-is-frontend-master (1)/church-is-frontend-master/node_modules/css-loader/dist/cjs.js??clonedRuleSet-5.use[1]!/home/Bultut/Downloads/Church-frontend/church-is-frontend-master (1)/church-is-frontend-master/node_modules/postcss-loader/dist/cjs.js??clonedRuleSet-5.use[2]!/home/Bultut/Downloads/Church-frontend/church-is-frontend-master (1)/church-is-frontend-master/node_modules/vue-loading-overlay/dist/vue-loading.css:1:7)
    at /home/Bultut/Downloads/Church-frontend/church-is-frontend-master (1)/church-is-frontend-master/node_modules/webpack/lib/javascript/JavascriptModulesPlugin.js:518:10
    at Hook.eval [as call] (eval at create (/home/Bultut/Downloads/Church-frontend/church-is-frontend-master (1)/church-is-frontend-master/node_modules/tapable/lib/HookCodeFactory.js:19:10), <anonymous>:7:1)
    at /home/Bultut/Downloads/Church-frontend/church-is-frontend-master (1)/church-is-frontend-master/node_modules/webpack/lib/Compilation.js:5466:39
    at tryRunOrWebpackError (/home/Bultut/Downloads/Church-frontend/church-is-frontend-master (1)/church-is-frontend-master/node_modules/webpack/lib/HookWebpackError.js:81:7)
    at __webpack_require_module__ (/home/Bultut/Downloads/Church-frontend/church-is-frontend-master (1)/church-is-frontend-master/node_modules/webpack/lib/Compilation.js:5464:12)
    at __webpack_require__ (/home/Bultut/Downloads/Church-frontend/church-is-frontend-master (1)/church-is-frontend-master/node_modules/webpack/lib/Compilation.js:5411:18)
    at /home/Bultut/Downloads/Church-frontend/church-is-frontend-master (1)/church-is-frontend-master/node_modules/webpack/lib/Compilation.js:5498:20
    at symbolIterator (/home/Bultut/Downloads/Church-frontend/church-is-frontend-master (1)/church-is-frontend-master/node_modules/neo-async/async.js:3485:9)
    at done (/home/Bultut/Downloads/Church-frontend/church-is-frontend-master (1)/church-is-frontend-master/node_modules/neo-async/async.js:3527:9)
    at Hook.eval [as callAsync] (eval at create (/home/Bultut/Downloads/Church-frontend/church-is-frontend-master (1)/church-is-frontend-master/node_modules/tapable/lib/HookCodeFactory.js:33:10), <anonymous>:15:1)
    at /home/Bultut/Downloads/Church-frontend/church-is-frontend-master (1)/church-is-frontend-master/node_modules/webpack/lib/Compilation.js:5386:43
    at symbolIterator (/home/Bultut/Downloads/Church-frontend/church-is-frontend-master (1)/church-is-frontend-master/node_modules/neo-async/async.js:3482:9)
    at timesSync (/home/Bultut/Downloads/Church-frontend/church-is-frontend-master (1)/church-is-frontend-master/node_modules/neo-async/async.js:2297:7)
    at Object.eachLimit (/home/Bultut/Downloads/Church-frontend/church-is-frontend-master (1)/church-is-frontend-master/node_modules/neo-async/async.js:3463:5)
    at /home/Bultut/Downloads/Church-frontend/church-is-frontend-master (1)/church-is-frontend-master/node_modules/webpack/lib/Compilation.js:5348:16
    at symbolIterator (/home/Bultut/Downloads/Church-frontend/church-is-frontend-master (1)/church-is-frontend-master/node_modules/neo-async/async.js:3485:9)
    at timesSync (/home/Bultut/Downloads/Church-frontend/church-is-frontend-master (1)/church-is-frontend-master/node_modules/neo-async/async.js:2297:7)
    at Object.eachLimit (/home/Bultut/Downloads/Church-frontend/church-is-frontend-master (1)/church-is-frontend-master/node_modules/neo-async/async.js:3463:5)
    at /home/Bultut/Downloads/Church-frontend/church-is-frontend-master (1)/church-is-frontend-master/node_modules/webpack/lib/Compilation.js:5316:15
    at symbolIterator (/home/Bultut/Downloads/Church-frontend/church-is-frontend-master (1)/church-is-frontend-master/node_modules/neo-async/async.js:3485:9)
    at done (/home/Bultut/Downloads/Church-frontend/church-is-frontend-master (1)/church-is-frontend-master/node_modules/neo-async/async.js:3527:9)
    at /home/Bultut/Downloads/Church-frontend/church-is-frontend-master (1)/church-is-frontend-master/node_modules/webpack/lib/Compilation.js:5262:8
    at /home/Bultut/Downloads/Church-frontend/church-is-frontend-master (1)/church-is-frontend-master/node_modules/webpack/lib/Compilation.js:3677:6
    at /home/Bultut/Downloads/Church-frontend/church-is-frontend-master (1)/church-is-frontend-master/node_modules/webpack/lib/HookWebpackError.js:67:2
    at Hook.eval [as callAsync] (eval at create (/home/Bultut/Downloads/Church-frontend/church-is-frontend-master (1)/church-is-frontend-master/node_modules/tapable/lib/HookCodeFactory.js:33:10), <anonymous>:6:1)
    at Cache.store (/home/Bultut/Downloads/Church-frontend/church-is-frontend-master (1)/church-is-frontend-master/node_modules/webpack/lib/Cache.js:113:20)
    at ItemCacheFacade.store (/home/Bultut/Downloads/Church-frontend/church-is-frontend-master (1)/church-is-frontend-master/node_modules/webpack/lib/CacheFacade.js:142:15)
    at /home/Bultut/Downloads/Church-frontend/church-is-frontend-master (1)/church-is-frontend-master/node_modules/webpack/lib/Compilation.js:3676:11
    at /home/Bultut/Downloads/Church-frontend/church-is-frontend-master (1)/church-is-frontend-master/node_modules/webpack/lib/Cache.js:99:5
    at Hook.eval [as callAsync] (eval at create (/home/Bultut/Downloads/Church-frontend/church-is-frontend-master (1)/church-is-frontend-master/node_modules/tapable/lib/HookCodeFactory.js:33:10), <anonymous>:6:1)
    at Cache.get (/home/Bultut/Downloads/Church-frontend/church-is-frontend-master (1)/church-is-frontend-master/node_modules/webpack/lib/Cache.js:81:18)
    at ItemCacheFacade.get (/home/Bultut/Downloads/Church-frontend/church-is-frontend-master (1)/church-is-frontend-master/node_modules/webpack/lib/CacheFacade.js:116:15)
    at Compilation._codeGenerationModule (/home/Bultut/Downloads/Church-frontend/church-is-frontend-master (1)/church-is-frontend-master/node_modules/webpack/lib/Compilation.js:3644:9)
    at codeGen (/home/Bultut/Downloads/Church-frontend/church-is-frontend-master (1)/church-is-frontend-master/node_modules/webpack/lib/Compilation.js:5250:11)
    at symbolIterator (/home/Bultut/Downloads/Church-frontend/church-is-frontend-master (1)/church-is-frontend-master/node_modules/neo-async/async.js:3482:9)
    at timesSync (/home/Bultut/Downloads/Church-frontend/church-is-frontend-master (1)/church-is-frontend-master/node_modules/neo-async/async.js:2297:7)
    at Object.eachLimit (/home/Bultut/Downloads/Church-frontend/church-is-frontend-master (1)/church-is-frontend-master/node_modules/neo-async/async.js:3463:5)
    at /home/Bultut/Downloads/Church-frontend/church-is-frontend-master (1)/church-is-frontend-master/node_modules/webpack/lib/Compilation.js:5280:14
    at processQueue (/home/Bultut/Downloads/Church-frontend/church-is-frontend-master (1)/church-is-frontend-master/node_modules/webpack/lib/util/processAsyncTree.js:61:4)
    at processTicksAndRejections (node:internal/process/task_queues:78:11)

Generated code for /home/Bultut/Downloads/Church-frontend/church-is-frontend-master (1)/church-is-frontend-master/node_modules/css-loader/dist/cjs.js??clonedRuleSet-5.use[1]!/home/Bultut/Downloads/Church-frontend/church-is-frontend-master (1)/church-is-frontend-master/node_modules/postcss-loader/dist/cjs.js??clonedRuleSet-5.use[2]!/home/Bultut/Downloads/Church-frontend/church-is-frontend-master (1)/church-is-frontend-master/node_modules/vue-loading-overlay/dist/vue-loading.css
1 | throw new [1m[31mError[39m[22m[1m("Module build [1m[31mfailed[39m[22m[1m (from ./node_modules/postcss-loader/dist/cjs.js):\nTypeError: bundle.findLastIndex is not a function\n    at applyConditions (/home/Bultut/Downloads/Church-frontend/church-is-frontend-master (1)/church-is-frontend-master/node_modules/postcss-import/lib/apply-conditions.js:9:43)\n    at Object.Once (/home/Bultut/Downloads/Church-frontend/church-is-frontend-master (1)/church-is-frontend-master/node_modules/postcss-import/index.js:62:7)\n    at async LazyResult.runAsync (/home/Bultut/Downloads/Church-frontend/church-is-frontend-master (1)/church-is-frontend-master/node_modules/postcss/lib/lazy-result.js:293:11)\n    at async Object.loader (/home/Bultut/Downloads/Church-frontend/church-is-frontend-master (1)/church-is-frontend-master/node_modules/postcss-loader/dist/index.js:84:14)");[39m[22m
 @ ./node_modules/babel-loader/lib/index.js!./node_modules/vue-loader/lib/index.js??vue-loader-options!./src/App.vue?vue&type=script&lang=js 3:0-50
 @ ./src/App.vue?vue&type=script&lang=js 1:0-156 1:172-175 1:177-330 1:177-330
 @ ./src/App.vue 2:0-54 3:0-49 3:0-49 10:2-8
 @ ./src/main.js 238:0-24 293:9-12

[1m[31mERROR[39m[22m in [1m./src/components/daily-verses/dailyVerse.vue?vue&type=style&index=0&id=11f35ef3&prod&scoped=true&lang=css[39m[22m (./node_modules/mini-css-extract-plugin/dist/loader.js!./node_modules/css-loader/dist/cjs.js??clonedRuleSet-5.use[1]!./node_modules/vue-loader/lib/loaders/stylePostLoader.js!./node_modules/postcss-loader/dist/cjs.js??clonedRuleSet-5.use[2]!./node_modules/vue-loader/lib/index.js??vue-loader-options!./src/components/daily-verses/dailyVerse.vue?vue&type=style&index=0&id=11f35ef3&prod&scoped=true&lang=css)
[1mModule build [1m[31mfailed[39m[22m[1m (from ./node_modules/mini-css-extract-plugin/dist/loader.js):
HookWebpackError: Module build [1m[31mfailed[39m[22m[1m (from ./node_modules/postcss-loader/dist/cjs.js):
TypeError: bundle.findLastIndex is not a function
    at applyConditions (/home/Bultut/Downloads/Church-frontend/church-is-frontend-master (1)/church-is-frontend-master/node_modules/postcss-import/lib/apply-conditions.js:9:43)
    at Object.Once (/home/Bultut/Downloads/Church-frontend/church-is-frontend-master (1)/church-is-frontend-master/node_modules/postcss-import/index.js:62:7)
    at async LazyResult.runAsync (/home/Bultut/Downloads/Church-frontend/church-is-frontend-master (1)/church-is-frontend-master/node_modules/postcss/lib/lazy-result.js:293:11)
    at async Object.loader (/home/Bultut/Downloads/Church-frontend/church-is-frontend-master (1)/church-is-frontend-master/node_modules/postcss-loader/dist/index.js:84:14)
    at tryRunOrWebpackError (/home/Bultut/Downloads/Church-frontend/church-is-frontend-master (1)/church-is-frontend-master/node_modules/webpack/lib/HookWebpackError.js:86:9)
    at __webpack_require_module__ (/home/Bultut/Downloads/Church-frontend/church-is-frontend-master (1)/church-is-frontend-master/node_modules/webpack/lib/Compilation.js:5464:12)
    at __webpack_require__ (/home/Bultut/Downloads/Church-frontend/church-is-frontend-master (1)/church-is-frontend-master/node_modules/webpack/lib/Compilation.js:5411:18)
    at /home/Bultut/Downloads/Church-frontend/church-is-frontend-master (1)/church-is-frontend-master/node_modules/webpack/lib/Compilation.js:5498:20
    at symbolIterator (/home/Bultut/Downloads/Church-frontend/church-is-frontend-master (1)/church-is-frontend-master/node_modules/neo-async/async.js:3485:9)
    at done (/home/Bultut/Downloads/Church-frontend/church-is-frontend-master (1)/church-is-frontend-master/node_modules/neo-async/async.js:3527:9)
    at Hook.eval [as callAsync] (eval at create (/home/Bultut/Downloads/Church-frontend/church-is-frontend-master (1)/church-is-frontend-master/node_modules/tapable/lib/HookCodeFactory.js:33:10), <anonymous>:15:1)
    at /home/Bultut/Downloads/Church-frontend/church-is-frontend-master (1)/church-is-frontend-master/node_modules/webpack/lib/Compilation.js:5386:43
    at symbolIterator (/home/Bultut/Downloads/Church-frontend/church-is-frontend-master (1)/church-is-frontend-master/node_modules/neo-async/async.js:3482:9)
    at timesSync (/home/Bultut/Downloads/Church-frontend/church-is-frontend-master (1)/church-is-frontend-master/node_modules/neo-async/async.js:2297:7)
    at Object.eachLimit (/home/Bultut/Downloads/Church-frontend/church-is-frontend-master (1)/church-is-frontend-master/node_modules/neo-async/async.js:3463:5)
    at /home/Bultut/Downloads/Church-frontend/church-is-frontend-master (1)/church-is-frontend-master/node_modules/webpack/lib/Compilation.js:5348:16
    at symbolIterator (/home/Bultut/Downloads/Church-frontend/church-is-frontend-master (1)/church-is-frontend-master/node_modules/neo-async/async.js:3485:9)
    at timesSync (/home/Bultut/Downloads/Church-frontend/church-is-frontend-master (1)/church-is-frontend-master/node_modules/neo-async/async.js:2297:7)
    at Object.eachLimit (/home/Bultut/Downloads/Church-frontend/church-is-frontend-master (1)/church-is-frontend-master/node_modules/neo-async/async.js:3463:5)
    at /home/Bultut/Downloads/Church-frontend/church-is-frontend-master (1)/church-is-frontend-master/node_modules/webpack/lib/Compilation.js:5316:15
    at symbolIterator (/home/Bultut/Downloads/Church-frontend/church-is-frontend-master (1)/church-is-frontend-master/node_modules/neo-async/async.js:3485:9)
    at done (/home/Bultut/Downloads/Church-frontend/church-is-frontend-master (1)/church-is-frontend-master/node_modules/neo-async/async.js:3527:9)
    at /home/Bultut/Downloads/Church-frontend/church-is-frontend-master (1)/church-is-frontend-master/node_modules/webpack/lib/Compilation.js:5262:8
    at /home/Bultut/Downloads/Church-frontend/church-is-frontend-master (1)/church-is-frontend-master/node_modules/webpack/lib/Compilation.js:3677:6
    at /home/Bultut/Downloads/Church-frontend/church-is-frontend-master (1)/church-is-frontend-master/node_modules/webpack/lib/HookWebpackError.js:67:2
    at Hook.eval [as callAsync] (eval at create (/home/Bultut/Downloads/Church-frontend/church-is-frontend-master (1)/church-is-frontend-master/node_modules/tapable/lib/HookCodeFactory.js:33:10), <anonymous>:6:1)
    at Cache.store (/home/Bultut/Downloads/Church-frontend/church-is-frontend-master (1)/church-is-frontend-master/node_modules/webpack/lib/Cache.js:113:20)
    at ItemCacheFacade.store (/home/Bultut/Downloads/Church-frontend/church-is-frontend-master (1)/church-is-frontend-master/node_modules/webpack/lib/CacheFacade.js:142:15)
    at /home/Bultut/Downloads/Church-frontend/church-is-frontend-master (1)/church-is-frontend-master/node_modules/webpack/lib/Compilation.js:3676:11
    at /home/Bultut/Downloads/Church-frontend/church-is-frontend-master (1)/church-is-frontend-master/node_modules/webpack/lib/Cache.js:99:5
    at Hook.eval [as callAsync] (eval at create (/home/Bultut/Downloads/Church-frontend/church-is-frontend-master (1)/church-is-frontend-master/node_modules/tapable/lib/HookCodeFactory.js:33:10), <anonymous>:6:1)
    at Cache.get (/home/Bultut/Downloads/Church-frontend/church-is-frontend-master (1)/church-is-frontend-master/node_modules/webpack/lib/Cache.js:81:18)
    at ItemCacheFacade.get (/home/Bultut/Downloads/Church-frontend/church-is-frontend-master (1)/church-is-frontend-master/node_modules/webpack/lib/CacheFacade.js:116:15)
    at Compilation._codeGenerationModule (/home/Bultut/Downloads/Church-frontend/church-is-frontend-master (1)/church-is-frontend-master/node_modules/webpack/lib/Compilation.js:3644:9)
    at codeGen (/home/Bultut/Downloads/Church-frontend/church-is-frontend-master (1)/church-is-frontend-master/node_modules/webpack/lib/Compilation.js:5250:11)
    at symbolIterator (/home/Bultut/Downloads/Church-frontend/church-is-frontend-master (1)/church-is-frontend-master/node_modules/neo-async/async.js:3482:9)
    at timesSync (/home/Bultut/Downloads/Church-frontend/church-is-frontend-master (1)/church-is-frontend-master/node_modules/neo-async/async.js:2297:7)
    at Object.eachLimit (/home/Bultut/Downloads/Church-frontend/church-is-frontend-master (1)/church-is-frontend-master/node_modules/neo-async/async.js:3463:5)
    at /home/Bultut/Downloads/Church-frontend/church-is-frontend-master (1)/church-is-frontend-master/node_modules/webpack/lib/Compilation.js:5280:14
    at processQueue (/home/Bultut/Downloads/Church-frontend/church-is-frontend-master (1)/church-is-frontend-master/node_modules/webpack/lib/util/processAsyncTree.js:61:4)
    at processTicksAndRejections (node:internal/process/task_queues:78:11)
-- inner [1m[31merror[39m[22m[1m --
[1m[31mError[39m[22m[1m: Module build [1m[31mfailed[39m[22m[1m (from ./node_modules/postcss-loader/dist/cjs.js):
TypeError: bundle.findLastIndex is not a function
    at applyConditions (/home/Bultut/Downloads/Church-frontend/church-is-frontend-master (1)/church-is-frontend-master/node_modules/postcss-import/lib/apply-conditions.js:9:43)
    at Object.Once (/home/Bultut/Downloads/Church-frontend/church-is-frontend-master (1)/church-is-frontend-master/node_modules/postcss-import/index.js:62:7)
    at async LazyResult.runAsync (/home/Bultut/Downloads/Church-frontend/church-is-frontend-master (1)/church-is-frontend-master/node_modules/postcss/lib/lazy-result.js:293:11)
    at async Object.loader (/home/Bultut/Downloads/Church-frontend/church-is-frontend-master (1)/church-is-frontend-master/node_modules/postcss-loader/dist/index.js:84:14)
    at Object.<anonymous> (/home/Bultut/Downloads/Church-frontend/church-is-frontend-master (1)/church-is-frontend-master/node_modules/css-loader/dist/cjs.js??clonedRuleSet-5.use[1]!/home/Bultut/Downloads/Church-frontend/church-is-frontend-master (1)/church-is-frontend-master/node_modules/vue-loader/lib/loaders/stylePostLoader.js!/home/Bultut/Downloads/Church-frontend/church-is-frontend-master (1)/church-is-frontend-master/node_modules/postcss-loader/dist/cjs.js??clonedRuleSet-5.use[2]!/home/Bultut/Downloads/Church-frontend/church-is-frontend-master (1)/church-is-frontend-master/node_modules/vue-loader/lib/index.js??vue-loader-options!/home/Bultut/Downloads/Church-frontend/church-is-frontend-master (1)/church-is-frontend-master/src/components/daily-verses/dailyVerse.vue?vue&type=style&index=0&id=11f35ef3&prod&scoped=true&lang=css:1:7)
    at /home/Bultut/Downloads/Church-frontend/church-is-frontend-master (1)/church-is-frontend-master/node_modules/webpack/lib/javascript/JavascriptModulesPlugin.js:518:10
    at Hook.eval [as call] (eval at create (/home/Bultut/Downloads/Church-frontend/church-is-frontend-master (1)/church-is-frontend-master/node_modules/tapable/lib/HookCodeFactory.js:19:10), <anonymous>:7:1)
    at /home/Bultut/Downloads/Church-frontend/church-is-frontend-master (1)/church-is-frontend-master/node_modules/webpack/lib/Compilation.js:5466:39
    at tryRunOrWebpackError (/home/Bultut/Downloads/Church-frontend/church-is-frontend-master (1)/church-is-frontend-master/node_modules/webpack/lib/HookWebpackError.js:81:7)
    at __webpack_require_module__ (/home/Bultut/Downloads/Church-frontend/church-is-frontend-master (1)/church-is-frontend-master/node_modules/webpack/lib/Compilation.js:5464:12)
    at __webpack_require__ (/home/Bultut/Downloads/Church-frontend/church-is-frontend-master (1)/church-is-frontend-master/node_modules/webpack/lib/Compilation.js:5411:18)
    at /home/Bultut/Downloads/Church-frontend/church-is-frontend-master (1)/church-is-frontend-master/node_modules/webpack/lib/Compilation.js:5498:20
    at symbolIterator (/home/Bultut/Downloads/Church-frontend/church-is-frontend-master (1)/church-is-frontend-master/node_modules/neo-async/async.js:3485:9)
    at done (/home/Bultut/Downloads/Church-frontend/church-is-frontend-master (1)/church-is-frontend-master/node_modules/neo-async/async.js:3527:9)
    at Hook.eval [as callAsync] (eval at create (/home/Bultut/Downloads/Church-frontend/church-is-frontend-master (1)/church-is-frontend-master/node_modules/tapable/lib/HookCodeFactory.js:33:10), <anonymous>:15:1)
    at /home/Bultut/Downloads/Church-frontend/church-is-frontend-master (1)/church-is-frontend-master/node_modules/webpack/lib/Compilation.js:5386:43
    at symbolIterator (/home/Bultut/Downloads/Church-frontend/church-is-frontend-master (1)/church-is-frontend-master/node_modules/neo-async/async.js:3482:9)
    at timesSync (/home/Bultut/Downloads/Church-frontend/church-is-frontend-master (1)/church-is-frontend-master/node_modules/neo-async/async.js:2297:7)
    at Object.eachLimit (/home/Bultut/Downloads/Church-frontend/church-is-frontend-master (1)/church-is-frontend-master/node_modules/neo-async/async.js:3463:5)
    at /home/Bultut/Downloads/Church-frontend/church-is-frontend-master (1)/church-is-frontend-master/node_modules/webpack/lib/Compilation.js:5348:16
    at symbolIterator (/home/Bultut/Downloads/Church-frontend/church-is-frontend-master (1)/church-is-frontend-master/node_modules/neo-async/async.js:3485:9)
    at timesSync (/home/Bultut/Downloads/Church-frontend/church-is-frontend-master (1)/church-is-frontend-master/node_modules/neo-async/async.js:2297:7)
    at Object.eachLimit (/home/Bultut/Downloads/Church-frontend/church-is-frontend-master (1)/church-is-frontend-master/node_modules/neo-async/async.js:3463:5)
    at /home/Bultut/Downloads/Church-frontend/church-is-frontend-master (1)/church-is-frontend-master/node_modules/webpack/lib/Compilation.js:5316:15
    at symbolIterator (/home/Bultut/Downloads/Church-frontend/church-is-frontend-master (1)/church-is-frontend-master/node_modules/neo-async/async.js:3485:9)
    at done (/home/Bultut/Downloads/Church-frontend/church-is-frontend-master (1)/church-is-frontend-master/node_modules/neo-async/async.js:3527:9)
    at /home/Bultut/Downloads/Church-frontend/church-is-frontend-master (1)/church-is-frontend-master/node_modules/webpack/lib/Compilation.js:5262:8
    at /home/Bultut/Downloads/Church-frontend/church-is-frontend-master (1)/church-is-frontend-master/node_modules/webpack/lib/Compilation.js:3677:6
    at /home/Bultut/Downloads/Church-frontend/church-is-frontend-master (1)/church-is-frontend-master/node_modules/webpack/lib/HookWebpackError.js:67:2
    at Hook.eval [as callAsync] (eval at create (/home/Bultut/Downloads/Church-frontend/church-is-frontend-master (1)/church-is-frontend-master/node_modules/tapable/lib/HookCodeFactory.js:33:10), <anonymous>:6:1)
    at Cache.store (/home/Bultut/Downloads/Church-frontend/church-is-frontend-master (1)/church-is-frontend-master/node_modules/webpack/lib/Cache.js:113:20)
    at ItemCacheFacade.store (/home/Bultut/Downloads/Church-frontend/church-is-frontend-master (1)/church-is-frontend-master/node_modules/webpack/lib/CacheFacade.js:142:15)
    at /home/Bultut/Downloads/Church-frontend/church-is-frontend-master (1)/church-is-frontend-master/node_modules/webpack/lib/Compilation.js:3676:11
    at /home/Bultut/Downloads/Church-frontend/church-is-frontend-master (1)/church-is-frontend-master/node_modules/webpack/lib/Cache.js:99:5
    at Hook.eval [as callAsync] (eval at create (/home/Bultut/Downloads/Church-frontend/church-is-frontend-master (1)/church-is-frontend-master/node_modules/tapable/lib/HookCodeFactory.js:33:10), <anonymous>:6:1)
    at Cache.get (/home/Bultut/Downloads/Church-frontend/church-is-frontend-master (1)/church-is-frontend-master/node_modules/webpack/lib/Cache.js:81:18)
    at ItemCacheFacade.get (/home/Bultut/Downloads/Church-frontend/church-is-frontend-master (1)/church-is-frontend-master/node_modules/webpack/lib/CacheFacade.js:116:15)
    at Compilation._codeGenerationModule (/home/Bultut/Downloads/Church-frontend/church-is-frontend-master (1)/church-is-frontend-master/node_modules/webpack/lib/Compilation.js:3644:9)
    at codeGen (/home/Bultut/Downloads/Church-frontend/church-is-frontend-master (1)/church-is-frontend-master/node_modules/webpack/lib/Compilation.js:5250:11)
    at symbolIterator (/home/Bultut/Downloads/Church-frontend/church-is-frontend-master (1)/church-is-frontend-master/node_modules/neo-async/async.js:3482:9)
    at timesSync (/home/Bultut/Downloads/Church-frontend/church-is-frontend-master (1)/church-is-frontend-master/node_modules/neo-async/async.js:2297:7)
    at Object.eachLimit (/home/Bultut/Downloads/Church-frontend/church-is-frontend-master (1)/church-is-frontend-master/node_modules/neo-async/async.js:3463:5)
    at /home/Bultut/Downloads/Church-frontend/church-is-frontend-master (1)/church-is-frontend-master/node_modules/webpack/lib/Compilation.js:5280:14
    at processQueue (/home/Bultut/Downloads/Church-frontend/church-is-frontend-master (1)/church-is-frontend-master/node_modules/webpack/lib/util/processAsyncTree.js:61:4)
    at processTicksAndRejections (node:internal/process/task_queues:78:11)

Generated code for /home/Bultut/Downloads/Church-frontend/church-is-frontend-master (1)/church-is-frontend-master/node_modules/css-loader/dist/cjs.js??clonedRuleSet-5.use[1]!/home/Bultut/Downloads/Church-frontend/church-is-frontend-master (1)/church-is-frontend-master/node_modules/vue-loader/lib/loaders/stylePostLoader.js!/home/Bultut/Downloads/Church-frontend/church-is-frontend-master (1)/church-is-frontend-master/node_modules/postcss-loader/dist/cjs.js??clonedRuleSet-5.use[2]!/home/Bultut/Downloads/Church-frontend/church-is-frontend-master (1)/church-is-frontend-master/node_modules/vue-loader/lib/index.js??vue-loader-options!/home/Bultut/Downloads/Church-frontend/church-is-frontend-master (1)/church-is-frontend-master/src/components/daily-verses/dailyVerse.vue?vue&type=style&index=0&id=11f35ef3&prod&scoped=true&lang=css
1 | throw new [1m[31mError[39m[22m[1m("Module build [1m[31mfailed[39m[22m[1m (from ./node_modules/postcss-loader/dist/cjs.js):\nTypeError: bundle.findLastIndex is not a function\n    at applyConditions (/home/Bultut/Downloads/Church-frontend/church-is-frontend-master (1)/church-is-frontend-master/node_modules/postcss-import/lib/apply-conditions.js:9:43)\n    at Object.Once (/home/Bultut/Downloads/Church-frontend/church-is-frontend-master (1)/church-is-frontend-master/node_modules/postcss-import/index.js:62:7)\n    at async LazyResult.runAsync (/home/Bultut/Downloads/Church-frontend/church-is-frontend-master (1)/church-is-frontend-master/node_modules/postcss/lib/lazy-result.js:293:11)\n    at async Object.loader (/home/Bultut/Downloads/Church-frontend/church-is-frontend-master (1)/church-is-frontend-master/node_modules/postcss-loader/dist/index.js:84:14)");[39m[22m
 @ ./src/components/daily-verses/dailyVerse.vue?vue&type=style&index=0&id=11f35ef3&prod&scoped=true&lang=css 1:0-428 1:0-428
 @ ./src/components/daily-verses/dailyVerse.vue 4:0-98
 @ ./src/router/index.js 20:0-62 112:15-25
 @ ./src/main.js

[1m[31mERROR[39m[22m in [1m./src/App.vue?vue&type=style&index=0&id=ff9bf4a4&prod&lang=scss[39m[22m (./node_modules/mini-css-extract-plugin/dist/loader.js!./node_modules/css-loader/dist/cjs.js??clonedRuleSet-9.use[1]!./node_modules/vue-loader/lib/loaders/stylePostLoader.js!./node_modules/postcss-loader/dist/cjs.js??clonedRuleSet-9.use[2]!./node_modules/sass-loader/dist/cjs.js??clonedRuleSet-9.use[3]!./node_modules/vue-loader/lib/index.js??vue-loader-options!./src/App.vue?vue&type=style&index=0&id=ff9bf4a4&prod&lang=scss)
[1mModule build [1m[31mfailed[39m[22m[1m (from ./node_modules/mini-css-extract-plugin/dist/loader.js):
HookWebpackError: Module build [1m[31mfailed[39m[22m[1m (from ./node_modules/postcss-loader/dist/cjs.js):
TypeError: bundle.findLastIndex is not a function
    at applyConditions (/home/Bultut/Downloads/Church-frontend/church-is-frontend-master (1)/church-is-frontend-master/node_modules/postcss-import/lib/apply-conditions.js:9:43)
    at Object.Once (/home/Bultut/Downloads/Church-frontend/church-is-frontend-master (1)/church-is-frontend-master/node_modules/postcss-import/index.js:62:7)
    at async LazyResult.runAsync (/home/Bultut/Downloads/Church-frontend/church-is-frontend-master (1)/church-is-frontend-master/node_modules/postcss/lib/lazy-result.js:293:11)
    at async Object.loader (/home/Bultut/Downloads/Church-frontend/church-is-frontend-master (1)/church-is-frontend-master/node_modules/postcss-loader/dist/index.js:84:14)
    at tryRunOrWebpackError (/home/Bultut/Downloads/Church-frontend/church-is-frontend-master (1)/church-is-frontend-master/node_modules/webpack/lib/HookWebpackError.js:86:9)
    at __webpack_require_module__ (/home/Bultut/Downloads/Church-frontend/church-is-frontend-master (1)/church-is-frontend-master/node_modules/webpack/lib/Compilation.js:5464:12)
    at __webpack_require__ (/home/Bultut/Downloads/Church-frontend/church-is-frontend-master (1)/church-is-frontend-master/node_modules/webpack/lib/Compilation.js:5411:18)
    at /home/Bultut/Downloads/Church-frontend/church-is-frontend-master (1)/church-is-frontend-master/node_modules/webpack/lib/Compilation.js:5498:20
    at symbolIterator (/home/Bultut/Downloads/Church-frontend/church-is-frontend-master (1)/church-is-frontend-master/node_modules/neo-async/async.js:3485:9)
    at done (/home/Bultut/Downloads/Church-frontend/church-is-frontend-master (1)/church-is-frontend-master/node_modules/neo-async/async.js:3527:9)
    at Hook.eval [as callAsync] (eval at create (/home/Bultut/Downloads/Church-frontend/church-is-frontend-master (1)/church-is-frontend-master/node_modules/tapable/lib/HookCodeFactory.js:33:10), <anonymous>:15:1)
    at /home/Bultut/Downloads/Church-frontend/church-is-frontend-master (1)/church-is-frontend-master/node_modules/webpack/lib/Compilation.js:5386:43
    at symbolIterator (/home/Bultut/Downloads/Church-frontend/church-is-frontend-master (1)/church-is-frontend-master/node_modules/neo-async/async.js:3482:9)
    at timesSync (/home/Bultut/Downloads/Church-frontend/church-is-frontend-master (1)/church-is-frontend-master/node_modules/neo-async/async.js:2297:7)
    at Object.eachLimit (/home/Bultut/Downloads/Church-frontend/church-is-frontend-master (1)/church-is-frontend-master/node_modules/neo-async/async.js:3463:5)
    at /home/Bultut/Downloads/Church-frontend/church-is-frontend-master (1)/church-is-frontend-master/node_modules/webpack/lib/Compilation.js:5348:16
    at symbolIterator (/home/Bultut/Downloads/Church-frontend/church-is-frontend-master (1)/church-is-frontend-master/node_modules/neo-async/async.js:3485:9)
    at timesSync (/home/Bultut/Downloads/Church-frontend/church-is-frontend-master (1)/church-is-frontend-master/node_modules/neo-async/async.js:2297:7)
    at Object.eachLimit (/home/Bultut/Downloads/Church-frontend/church-is-frontend-master (1)/church-is-frontend-master/node_modules/neo-async/async.js:3463:5)
    at /home/Bultut/Downloads/Church-frontend/church-is-frontend-master (1)/church-is-frontend-master/node_modules/webpack/lib/Compilation.js:5316:15
    at symbolIterator (/home/Bultut/Downloads/Church-frontend/church-is-frontend-master (1)/church-is-frontend-master/node_modules/neo-async/async.js:3485:9)
    at done (/home/Bultut/Downloads/Church-frontend/church-is-frontend-master (1)/church-is-frontend-master/node_modules/neo-async/async.js:3527:9)
    at /home/Bultut/Downloads/Church-frontend/church-is-frontend-master (1)/church-is-frontend-master/node_modules/webpack/lib/Compilation.js:5262:8
    at /home/Bultut/Downloads/Church-frontend/church-is-frontend-master (1)/church-is-frontend-master/node_modules/webpack/lib/Compilation.js:3677:6
    at /home/Bultut/Downloads/Church-frontend/church-is-frontend-master (1)/church-is-frontend-master/node_modules/webpack/lib/HookWebpackError.js:67:2
    at Hook.eval [as callAsync] (eval at create (/home/Bultut/Downloads/Church-frontend/church-is-frontend-master (1)/church-is-frontend-master/node_modules/tapable/lib/HookCodeFactory.js:33:10), <anonymous>:6:1)
    at Cache.store (/home/Bultut/Downloads/Church-frontend/church-is-frontend-master (1)/church-is-frontend-master/node_modules/webpack/lib/Cache.js:113:20)
    at ItemCacheFacade.store (/home/Bultut/Downloads/Church-frontend/church-is-frontend-master (1)/church-is-frontend-master/node_modules/webpack/lib/CacheFacade.js:142:15)
    at /home/Bultut/Downloads/Church-frontend/church-is-frontend-master (1)/church-is-frontend-master/node_modules/webpack/lib/Compilation.js:3676:11
    at /home/Bultut/Downloads/Church-frontend/church-is-frontend-master (1)/church-is-frontend-master/node_modules/webpack/lib/Cache.js:99:5
    at Hook.eval [as callAsync] (eval at create (/home/Bultut/Downloads/Church-frontend/church-is-frontend-master (1)/church-is-frontend-master/node_modules/tapable/lib/HookCodeFactory.js:33:10), <anonymous>:6:1)
    at Cache.get (/home/Bultut/Downloads/Church-frontend/church-is-frontend-master (1)/church-is-frontend-master/node_modules/webpack/lib/Cache.js:81:18)
    at ItemCacheFacade.get (/home/Bultut/Downloads/Church-frontend/church-is-frontend-master (1)/church-is-frontend-master/node_modules/webpack/lib/CacheFacade.js:116:15)
    at Compilation._codeGenerationModule (/home/Bultut/Downloads/Church-frontend/church-is-frontend-master (1)/church-is-frontend-master/node_modules/webpack/lib/Compilation.js:3644:9)
    at codeGen (/home/Bultut/Downloads/Church-frontend/church-is-frontend-master (1)/church-is-frontend-master/node_modules/webpack/lib/Compilation.js:5250:11)
    at symbolIterator (/home/Bultut/Downloads/Church-frontend/church-is-frontend-master (1)/church-is-frontend-master/node_modules/neo-async/async.js:3482:9)
    at timesSync (/home/Bultut/Downloads/Church-frontend/church-is-frontend-master (1)/church-is-frontend-master/node_modules/neo-async/async.js:2297:7)
    at Object.eachLimit (/home/Bultut/Downloads/Church-frontend/church-is-frontend-master (1)/church-is-frontend-master/node_modules/neo-async/async.js:3463:5)
    at /home/Bultut/Downloads/Church-frontend/church-is-frontend-master (1)/church-is-frontend-master/node_modules/webpack/lib/Compilation.js:5280:14
    at processQueue (/home/Bultut/Downloads/Church-frontend/church-is-frontend-master (1)/church-is-frontend-master/node_modules/webpack/lib/util/processAsyncTree.js:61:4)
    at processTicksAndRejections (node:internal/process/task_queues:78:11)
-- inner [1m[31merror[39m[22m[1m --
[1m[31mError[39m[22m[1m: Module build [1m[31mfailed[39m[22m[1m (from ./node_modules/postcss-loader/dist/cjs.js):
TypeError: bundle.findLastIndex is not a function
    at applyConditions (/home/Bultut/Downloads/Church-frontend/church-is-frontend-master (1)/church-is-frontend-master/node_modules/postcss-import/lib/apply-conditions.js:9:43)
    at Object.Once (/home/Bultut/Downloads/Church-frontend/church-is-frontend-master (1)/church-is-frontend-master/node_modules/postcss-import/index.js:62:7)
    at async LazyResult.runAsync (/home/Bultut/Downloads/Church-frontend/church-is-frontend-master (1)/church-is-frontend-master/node_modules/postcss/lib/lazy-result.js:293:11)
    at async Object.loader (/home/Bultut/Downloads/Church-frontend/church-is-frontend-master (1)/church-is-frontend-master/node_modules/postcss-loader/dist/index.js:84:14)
    at Object.<anonymous> (/home/Bultut/Downloads/Church-frontend/church-is-frontend-master (1)/church-is-frontend-master/node_modules/css-loader/dist/cjs.js??clonedRuleSet-9.use[1]!/home/Bultut/Downloads/Church-frontend/church-is-frontend-master (1)/church-is-frontend-master/node_modules/vue-loader/lib/loaders/stylePostLoader.js!/home/Bultut/Downloads/Church-frontend/church-is-frontend-master (1)/church-is-frontend-master/node_modules/postcss-loader/dist/cjs.js??clonedRuleSet-9.use[2]!/home/Bultut/Downloads/Church-frontend/church-is-frontend-master (1)/church-is-frontend-master/node_modules/sass-loader/dist/cjs.js??clonedRuleSet-9.use[3]!/home/Bultut/Downloads/Church-frontend/church-is-frontend-master (1)/church-is-frontend-master/node_modules/vue-loader/lib/index.js??vue-loader-options!/home/Bultut/Downloads/Church-frontend/church-is-frontend-master (1)/church-is-frontend-master/src/App.vue?vue&type=style&index=0&id=ff9bf4a4&prod&lang=scss:1:7)
    at /home/Bultut/Downloads/Church-frontend/church-is-frontend-master (1)/church-is-frontend-master/node_modules/webpack/lib/javascript/JavascriptModulesPlugin.js:518:10
    at Hook.eval [as call] (eval at create (/home/Bultut/Downloads/Church-frontend/church-is-frontend-master (1)/church-is-frontend-master/node_modules/tapable/lib/HookCodeFactory.js:19:10), <anonymous>:7:1)
    at /home/Bultut/Downloads/Church-frontend/church-is-frontend-master (1)/church-is-frontend-master/node_modules/webpack/lib/Compilation.js:5466:39
    at tryRunOrWebpackError (/home/Bultut/Downloads/Church-frontend/church-is-frontend-master (1)/church-is-frontend-master/node_modules/webpack/lib/HookWebpackError.js:81:7)
    at __webpack_require_module__ (/home/Bultut/Downloads/Church-frontend/church-is-frontend-master (1)/church-is-frontend-master/node_modules/webpack/lib/Compilation.js:5464:12)
    at __webpack_require__ (/home/Bultut/Downloads/Church-frontend/church-is-frontend-master (1)/church-is-frontend-master/node_modules/webpack/lib/Compilation.js:5411:18)
    at /home/Bultut/Downloads/Church-frontend/church-is-frontend-master (1)/church-is-frontend-master/node_modules/webpack/lib/Compilation.js:5498:20
    at symbolIterator (/home/Bultut/Downloads/Church-frontend/church-is-frontend-master (1)/church-is-frontend-master/node_modules/neo-async/async.js:3485:9)
    at done (/home/Bultut/Downloads/Church-frontend/church-is-frontend-master (1)/church-is-frontend-master/node_modules/neo-async/async.js:3527:9)
    at Hook.eval [as callAsync] (eval at create (/home/Bultut/Downloads/Church-frontend/church-is-frontend-master (1)/church-is-frontend-master/node_modules/tapable/lib/HookCodeFactory.js:33:10), <anonymous>:15:1)
    at /home/Bultut/Downloads/Church-frontend/church-is-frontend-master (1)/church-is-frontend-master/node_modules/webpack/lib/Compilation.js:5386:43
    at symbolIterator (/home/Bultut/Downloads/Church-frontend/church-is-frontend-master (1)/church-is-frontend-master/node_modules/neo-async/async.js:3482:9)
    at timesSync (/home/Bultut/Downloads/Church-frontend/church-is-frontend-master (1)/church-is-frontend-master/node_modules/neo-async/async.js:2297:7)
    at Object.eachLimit (/home/Bultut/Downloads/Church-frontend/church-is-frontend-master (1)/church-is-frontend-master/node_modules/neo-async/async.js:3463:5)
    at /home/Bultut/Downloads/Church-frontend/church-is-frontend-master (1)/church-is-frontend-master/node_modules/webpack/lib/Compilation.js:5348:16
    at symbolIterator (/home/Bultut/Downloads/Church-frontend/church-is-frontend-master (1)/church-is-frontend-master/node_modules/neo-async/async.js:3485:9)
    at timesSync (/home/Bultut/Downloads/Church-frontend/church-is-frontend-master (1)/church-is-frontend-master/node_modules/neo-async/async.js:2297:7)
    at Object.eachLimit (/home/Bultut/Downloads/Church-frontend/church-is-frontend-master (1)/church-is-frontend-master/node_modules/neo-async/async.js:3463:5)
    at /home/Bultut/Downloads/Church-frontend/church-is-frontend-master (1)/church-is-frontend-master/node_modules/webpack/lib/Compilation.js:5316:15
    at symbolIterator (/home/Bultut/Downloads/Church-frontend/church-is-frontend-master (1)/church-is-frontend-master/node_modules/neo-async/async.js:3485:9)
    at done (/home/Bultut/Downloads/Church-frontend/church-is-frontend-master (1)/church-is-frontend-master/node_modules/neo-async/async.js:3527:9)
    at /home/Bultut/Downloads/Church-frontend/church-is-frontend-master (1)/church-is-frontend-master/node_modules/webpack/lib/Compilation.js:5262:8
    at /home/Bultut/Downloads/Church-frontend/church-is-frontend-master (1)/church-is-frontend-master/node_modules/webpack/lib/Compilation.js:3677:6
    at /home/Bultut/Downloads/Church-frontend/church-is-frontend-master (1)/church-is-frontend-master/node_modules/webpack/lib/HookWebpackError.js:67:2
    at Hook.eval [as callAsync] (eval at create (/home/Bultut/Downloads/Church-frontend/church-is-frontend-master (1)/church-is-frontend-master/node_modules/tapable/lib/HookCodeFactory.js:33:10), <anonymous>:6:1)
    at Cache.store (/home/Bultut/Downloads/Church-frontend/church-is-frontend-master (1)/church-is-frontend-master/node_modules/webpack/lib/Cache.js:113:20)
    at ItemCacheFacade.store (/home/Bultut/Downloads/Church-frontend/church-is-frontend-master (1)/church-is-frontend-master/node_modules/webpack/lib/CacheFacade.js:142:15)
    at /home/Bultut/Downloads/Church-frontend/church-is-frontend-master (1)/church-is-frontend-master/node_modules/webpack/lib/Compilation.js:3676:11
    at /home/Bultut/Downloads/Church-frontend/church-is-frontend-master (1)/church-is-frontend-master/node_modules/webpack/lib/Cache.js:99:5
    at Hook.eval [as callAsync] (eval at create (/home/Bultut/Downloads/Church-frontend/church-is-frontend-master (1)/church-is-frontend-master/node_modules/tapable/lib/HookCodeFactory.js:33:10), <anonymous>:6:1)
    at Cache.get (/home/Bultut/Downloads/Church-frontend/church-is-frontend-master (1)/church-is-frontend-master/node_modules/webpack/lib/Cache.js:81:18)
    at ItemCacheFacade.get (/home/Bultut/Downloads/Church-frontend/church-is-frontend-master (1)/church-is-frontend-master/node_modules/webpack/lib/CacheFacade.js:116:15)
    at Compilation._codeGenerationModule (/home/Bultut/Downloads/Church-frontend/church-is-frontend-master (1)/church-is-frontend-master/node_modules/webpack/lib/Compilation.js:3644:9)
    at codeGen (/home/Bultut/Downloads/Church-frontend/church-is-frontend-master (1)/church-is-frontend-master/node_modules/webpack/lib/Compilation.js:5250:11)
    at symbolIterator (/home/Bultut/Downloads/Church-frontend/church-is-frontend-master (1)/church-is-frontend-master/node_modules/neo-async/async.js:3482:9)
    at timesSync (/home/Bultut/Downloads/Church-frontend/church-is-frontend-master (1)/church-is-frontend-master/node_modules/neo-async/async.js:2297:7)
    at Object.eachLimit (/home/Bultut/Downloads/Church-frontend/church-is-frontend-master (1)/church-is-frontend-master/node_modules/neo-async/async.js:3463:5)
    at /home/Bultut/Downloads/Church-frontend/church-is-frontend-master (1)/church-is-frontend-master/node_modules/webpack/lib/Compilation.js:5280:14
    at processQueue (/home/Bultut/Downloads/Church-frontend/church-is-frontend-master (1)/church-is-frontend-master/node_modules/webpack/lib/util/processAsyncTree.js:61:4)
    at processTicksAndRejections (node:internal/process/task_queues:78:11)

Generated code for /home/Bultut/Downloads/Church-frontend/church-is-frontend-master (1)/church-is-frontend-master/node_modules/css-loader/dist/cjs.js??clonedRuleSet-9.use[1]!/home/Bultut/Downloads/Church-frontend/church-is-frontend-master (1)/church-is-frontend-master/node_modules/vue-loader/lib/loaders/stylePostLoader.js!/home/Bultut/Downloads/Church-frontend/church-is-frontend-master (1)/church-is-frontend-master/node_modules/postcss-loader/dist/cjs.js??clonedRuleSet-9.use[2]!/home/Bultut/Downloads/Church-frontend/church-is-frontend-master (1)/church-is-frontend-master/node_modules/sass-loader/dist/cjs.js??clonedRuleSet-9.use[3]!/home/Bultut/Downloads/Church-frontend/church-is-frontend-master (1)/church-is-frontend-master/node_modules/vue-loader/lib/index.js??vue-loader-options!/home/Bultut/Downloads/Church-frontend/church-is-frontend-master (1)/church-is-frontend-master/src/App.vue?vue&type=style&index=0&id=ff9bf4a4&prod&lang=scss
1 | throw new [1m[31mError[39m[22m[1m("Module build [1m[31mfailed[39m[22m[1m (from ./node_modules/postcss-loader/dist/cjs.js):\nTypeError: bundle.findLastIndex is not a function\n    at applyConditions (/home/Bultut/Downloads/Church-frontend/church-is-frontend-master (1)/church-is-frontend-master/node_modules/postcss-import/lib/apply-conditions.js:9:43)\n    at Object.Once (/home/Bultut/Downloads/Church-frontend/church-is-frontend-master (1)/church-is-frontend-master/node_modules/postcss-import/index.js:62:7)\n    at async LazyResult.runAsync (/home/Bultut/Downloads/Church-frontend/church-is-frontend-master (1)/church-is-frontend-master/node_modules/postcss/lib/lazy-result.js:293:11)\n    at async Object.loader (/home/Bultut/Downloads/Church-frontend/church-is-frontend-master (1)/church-is-frontend-master/node_modules/postcss-loader/dist/index.js:84:14)");[39m[22m
 @ ./src/App.vue?vue&type=style&index=0&id=ff9bf4a4&prod&lang=scss 1:0-444 1:0-444
 @ ./src/App.vue 4:0-80
 @ ./src/main.js 238:0-24 293:9-12

[1m[31mERROR[39m[22m in [1m./src/components/finance/generalFinance.vue?vue&type=style&index=0&id=61bbfb58&prod&scoped=true&lang=scss[39m[22m (./node_modules/mini-css-extract-plugin/dist/loader.js!./node_modules/css-loader/dist/cjs.js??clonedRuleSet-9.use[1]!./node_modules/vue-loader/lib/loaders/stylePostLoader.js!./node_modules/postcss-loader/dist/cjs.js??clonedRuleSet-9.use[2]!./node_modules/sass-loader/dist/cjs.js??clonedRuleSet-9.use[3]!./node_modules/vue-loader/lib/index.js??vue-loader-options!./src/components/finance/generalFinance.vue?vue&type=style&index=0&id=61bbfb58&prod&scoped=true&lang=scss)
[1mModule build [1m[31mfailed[39m[22m[1m (from ./node_modules/mini-css-extract-plugin/dist/loader.js):
HookWebpackError: Module build [1m[31mfailed[39m[22m[1m (from ./node_modules/postcss-loader/dist/cjs.js):
TypeError: bundle.findLastIndex is not a function
    at applyConditions (/home/Bultut/Downloads/Church-frontend/church-is-frontend-master (1)/church-is-frontend-master/node_modules/postcss-import/lib/apply-conditions.js:9:43)
    at Object.Once (/home/Bultut/Downloads/Church-frontend/church-is-frontend-master (1)/church-is-frontend-master/node_modules/postcss-import/index.js:62:7)
    at async LazyResult.runAsync (/home/Bultut/Downloads/Church-frontend/church-is-frontend-master (1)/church-is-frontend-master/node_modules/postcss/lib/lazy-result.js:293:11)
    at async Object.loader (/home/Bultut/Downloads/Church-frontend/church-is-frontend-master (1)/church-is-frontend-master/node_modules/postcss-loader/dist/index.js:84:14)
    at tryRunOrWebpackError (/home/Bultut/Downloads/Church-frontend/church-is-frontend-master (1)/church-is-frontend-master/node_modules/webpack/lib/HookWebpackError.js:86:9)
    at __webpack_require_module__ (/home/Bultut/Downloads/Church-frontend/church-is-frontend-master (1)/church-is-frontend-master/node_modules/webpack/lib/Compilation.js:5464:12)
    at __webpack_require__ (/home/Bultut/Downloads/Church-frontend/church-is-frontend-master (1)/church-is-frontend-master/node_modules/webpack/lib/Compilation.js:5411:18)
    at /home/Bultut/Downloads/Church-frontend/church-is-frontend-master (1)/church-is-frontend-master/node_modules/webpack/lib/Compilation.js:5498:20
    at symbolIterator (/home/Bultut/Downloads/Church-frontend/church-is-frontend-master (1)/church-is-frontend-master/node_modules/neo-async/async.js:3485:9)
    at done (/home/Bultut/Downloads/Church-frontend/church-is-frontend-master (1)/church-is-frontend-master/node_modules/neo-async/async.js:3527:9)
    at Hook.eval [as callAsync] (eval at create (/home/Bultut/Downloads/Church-frontend/church-is-frontend-master (1)/church-is-frontend-master/node_modules/tapable/lib/HookCodeFactory.js:33:10), <anonymous>:15:1)
    at /home/Bultut/Downloads/Church-frontend/church-is-frontend-master (1)/church-is-frontend-master/node_modules/webpack/lib/Compilation.js:5386:43
    at symbolIterator (/home/Bultut/Downloads/Church-frontend/church-is-frontend-master (1)/church-is-frontend-master/node_modules/neo-async/async.js:3482:9)
    at timesSync (/home/Bultut/Downloads/Church-frontend/church-is-frontend-master (1)/church-is-frontend-master/node_modules/neo-async/async.js:2297:7)
    at Object.eachLimit (/home/Bultut/Downloads/Church-frontend/church-is-frontend-master (1)/church-is-frontend-master/node_modules/neo-async/async.js:3463:5)
    at /home/Bultut/Downloads/Church-frontend/church-is-frontend-master (1)/church-is-frontend-master/node_modules/webpack/lib/Compilation.js:5348:16
    at symbolIterator (/home/Bultut/Downloads/Church-frontend/church-is-frontend-master (1)/church-is-frontend-master/node_modules/neo-async/async.js:3485:9)
    at timesSync (/home/Bultut/Downloads/Church-frontend/church-is-frontend-master (1)/church-is-frontend-master/node_modules/neo-async/async.js:2297:7)
    at Object.eachLimit (/home/Bultut/Downloads/Church-frontend/church-is-frontend-master (1)/church-is-frontend-master/node_modules/neo-async/async.js:3463:5)
    at /home/Bultut/Downloads/Church-frontend/church-is-frontend-master (1)/church-is-frontend-master/node_modules/webpack/lib/Compilation.js:5316:15
    at symbolIterator (/home/Bultut/Downloads/Church-frontend/church-is-frontend-master (1)/church-is-frontend-master/node_modules/neo-async/async.js:3485:9)
    at done (/home/Bultut/Downloads/Church-frontend/church-is-frontend-master (1)/church-is-frontend-master/node_modules/neo-async/async.js:3527:9)
    at /home/Bultut/Downloads/Church-frontend/church-is-frontend-master (1)/church-is-frontend-master/node_modules/webpack/lib/Compilation.js:5262:8
    at /home/Bultut/Downloads/Church-frontend/church-is-frontend-master (1)/church-is-frontend-master/node_modules/webpack/lib/Compilation.js:3677:6
    at /home/Bultut/Downloads/Church-frontend/church-is-frontend-master (1)/church-is-frontend-master/node_modules/webpack/lib/HookWebpackError.js:67:2
    at Hook.eval [as callAsync] (eval at create (/home/Bultut/Downloads/Church-frontend/church-is-frontend-master (1)/church-is-frontend-master/node_modules/tapable/lib/HookCodeFactory.js:33:10), <anonymous>:6:1)
    at Cache.store (/home/Bultut/Downloads/Church-frontend/church-is-frontend-master (1)/church-is-frontend-master/node_modules/webpack/lib/Cache.js:113:20)
    at ItemCacheFacade.store (/home/Bultut/Downloads/Church-frontend/church-is-frontend-master (1)/church-is-frontend-master/node_modules/webpack/lib/CacheFacade.js:142:15)
    at /home/Bultut/Downloads/Church-frontend/church-is-frontend-master (1)/church-is-frontend-master/node_modules/webpack/lib/Compilation.js:3676:11
    at /home/Bultut/Downloads/Church-frontend/church-is-frontend-master (1)/church-is-frontend-master/node_modules/webpack/lib/Cache.js:99:5
    at Hook.eval [as callAsync] (eval at create (/home/Bultut/Downloads/Church-frontend/church-is-frontend-master (1)/church-is-frontend-master/node_modules/tapable/lib/HookCodeFactory.js:33:10), <anonymous>:6:1)
    at Cache.get (/home/Bultut/Downloads/Church-frontend/church-is-frontend-master (1)/church-is-frontend-master/node_modules/webpack/lib/Cache.js:81:18)
    at ItemCacheFacade.get (/home/Bultut/Downloads/Church-frontend/church-is-frontend-master (1)/church-is-frontend-master/node_modules/webpack/lib/CacheFacade.js:116:15)
    at Compilation._codeGenerationModule (/home/Bultut/Downloads/Church-frontend/church-is-frontend-master (1)/church-is-frontend-master/node_modules/webpack/lib/Compilation.js:3644:9)
    at codeGen (/home/Bultut/Downloads/Church-frontend/church-is-frontend-master (1)/church-is-frontend-master/node_modules/webpack/lib/Compilation.js:5250:11)
    at symbolIterator (/home/Bultut/Downloads/Church-frontend/church-is-frontend-master (1)/church-is-frontend-master/node_modules/neo-async/async.js:3482:9)
    at timesSync (/home/Bultut/Downloads/Church-frontend/church-is-frontend-master (1)/church-is-frontend-master/node_modules/neo-async/async.js:2297:7)
    at Object.eachLimit (/home/Bultut/Downloads/Church-frontend/church-is-frontend-master (1)/church-is-frontend-master/node_modules/neo-async/async.js:3463:5)
    at /home/Bultut/Downloads/Church-frontend/church-is-frontend-master (1)/church-is-frontend-master/node_modules/webpack/lib/Compilation.js:5280:14
    at processQueue (/home/Bultut/Downloads/Church-frontend/church-is-frontend-master (1)/church-is-frontend-master/node_modules/webpack/lib/util/processAsyncTree.js:61:4)
    at processTicksAndRejections (node:internal/process/task_queues:78:11)
-- inner [1m[31merror[39m[22m[1m --
[1m[31mError[39m[22m[1m: Module build [1m[31mfailed[39m[22m[1m (from ./node_modules/postcss-loader/dist/cjs.js):
TypeError: bundle.findLastIndex is not a function
    at applyConditions (/home/Bultut/Downloads/Church-frontend/church-is-frontend-master (1)/church-is-frontend-master/node_modules/postcss-import/lib/apply-conditions.js:9:43)
    at Object.Once (/home/Bultut/Downloads/Church-frontend/church-is-frontend-master (1)/church-is-frontend-master/node_modules/postcss-import/index.js:62:7)
    at async LazyResult.runAsync (/home/Bultut/Downloads/Church-frontend/church-is-frontend-master (1)/church-is-frontend-master/node_modules/postcss/lib/lazy-result.js:293:11)
    at async Object.loader (/home/Bultut/Downloads/Church-frontend/church-is-frontend-master (1)/church-is-frontend-master/node_modules/postcss-loader/dist/index.js:84:14)
    at Object.<anonymous> (/home/Bultut/Downloads/Church-frontend/church-is-frontend-master (1)/church-is-frontend-master/node_modules/css-loader/dist/cjs.js??clonedRuleSet-9.use[1]!/home/Bultut/Downloads/Church-frontend/church-is-frontend-master (1)/church-is-frontend-master/node_modules/vue-loader/lib/loaders/stylePostLoader.js!/home/Bultut/Downloads/Church-frontend/church-is-frontend-master (1)/church-is-frontend-master/node_modules/postcss-loader/dist/cjs.js??clonedRuleSet-9.use[2]!/home/Bultut/Downloads/Church-frontend/church-is-frontend-master (1)/church-is-frontend-master/node_modules/sass-loader/dist/cjs.js??clonedRuleSet-9.use[3]!/home/Bultut/Downloads/Church-frontend/church-is-frontend-master (1)/church-is-frontend-master/node_modules/vue-loader/lib/index.js??vue-loader-options!/home/Bultut/Downloads/Church-frontend/church-is-frontend-master (1)/church-is-frontend-master/src/components/finance/generalFinance.vue?vue&type=style&index=0&id=61bbfb58&prod&scoped=true&lang=scss:1:7)
    at /home/Bultut/Downloads/Church-frontend/church-is-frontend-master (1)/church-is-frontend-master/node_modules/webpack/lib/javascript/JavascriptModulesPlugin.js:518:10
    at Hook.eval [as call] (eval at create (/home/Bultut/Downloads/Church-frontend/church-is-frontend-master (1)/church-is-frontend-master/node_modules/tapable/lib/HookCodeFactory.js:19:10), <anonymous>:7:1)
    at /home/Bultut/Downloads/Church-frontend/church-is-frontend-master (1)/church-is-frontend-master/node_modules/webpack/lib/Compilation.js:5466:39
    at tryRunOrWebpackError (/home/Bultut/Downloads/Church-frontend/church-is-frontend-master (1)/church-is-frontend-master/node_modules/webpack/lib/HookWebpackError.js:81:7)
    at __webpack_require_module__ (/home/Bultut/Downloads/Church-frontend/church-is-frontend-master (1)/church-is-frontend-master/node_modules/webpack/lib/Compilation.js:5464:12)
    at __webpack_require__ (/home/Bultut/Downloads/Church-frontend/church-is-frontend-master (1)/church-is-frontend-master/node_modules/webpack/lib/Compilation.js:5411:18)
    at /home/Bultut/Downloads/Church-frontend/church-is-frontend-master (1)/church-is-frontend-master/node_modules/webpack/lib/Compilation.js:5498:20
    at symbolIterator (/home/Bultut/Downloads/Church-frontend/church-is-frontend-master (1)/church-is-frontend-master/node_modules/neo-async/async.js:3485:9)
    at done (/home/Bultut/Downloads/Church-frontend/church-is-frontend-master (1)/church-is-frontend-master/node_modules/neo-async/async.js:3527:9)
    at Hook.eval [as callAsync] (eval at create (/home/Bultut/Downloads/Church-frontend/church-is-frontend-master (1)/church-is-frontend-master/node_modules/tapable/lib/HookCodeFactory.js:33:10), <anonymous>:15:1)
    at /home/Bultut/Downloads/Church-frontend/church-is-frontend-master (1)/church-is-frontend-master/node_modules/webpack/lib/Compilation.js:5386:43
    at symbolIterator (/home/Bultut/Downloads/Church-frontend/church-is-frontend-master (1)/church-is-frontend-master/node_modules/neo-async/async.js:3482:9)
    at timesSync (/home/Bultut/Downloads/Church-frontend/church-is-frontend-master (1)/church-is-frontend-master/node_modules/neo-async/async.js:2297:7)
    at Object.eachLimit (/home/Bultut/Downloads/Church-frontend/church-is-frontend-master (1)/church-is-frontend-master/node_modules/neo-async/async.js:3463:5)
    at /home/Bultut/Downloads/Church-frontend/church-is-frontend-master (1)/church-is-frontend-master/node_modules/webpack/lib/Compilation.js:5348:16
    at symbolIterator (/home/Bultut/Downloads/Church-frontend/church-is-frontend-master (1)/church-is-frontend-master/node_modules/neo-async/async.js:3485:9)
    at timesSync (/home/Bultut/Downloads/Church-frontend/church-is-frontend-master (1)/church-is-frontend-master/node_modules/neo-async/async.js:2297:7)
    at Object.eachLimit (/home/Bultut/Downloads/Church-frontend/church-is-frontend-master (1)/church-is-frontend-master/node_modules/neo-async/async.js:3463:5)
    at /home/Bultut/Downloads/Church-frontend/church-is-frontend-master (1)/church-is-frontend-master/node_modules/webpack/lib/Compilation.js:5316:15
    at symbolIterator (/home/Bultut/Downloads/Church-frontend/church-is-frontend-master (1)/church-is-frontend-master/node_modules/neo-async/async.js:3485:9)
    at done (/home/Bultut/Downloads/Church-frontend/church-is-frontend-master (1)/church-is-frontend-master/node_modules/neo-async/async.js:3527:9)
    at /home/Bultut/Downloads/Church-frontend/church-is-frontend-master (1)/church-is-frontend-master/node_modules/webpack/lib/Compilation.js:5262:8
    at /home/Bultut/Downloads/Church-frontend/church-is-frontend-master (1)/church-is-frontend-master/node_modules/webpack/lib/Compilation.js:3677:6
    at /home/Bultut/Downloads/Church-frontend/church-is-frontend-master (1)/church-is-frontend-master/node_modules/webpack/lib/HookWebpackError.js:67:2
    at Hook.eval [as callAsync] (eval at create (/home/Bultut/Downloads/Church-frontend/church-is-frontend-master (1)/church-is-frontend-master/node_modules/tapable/lib/HookCodeFactory.js:33:10), <anonymous>:6:1)
    at Cache.store (/home/Bultut/Downloads/Church-frontend/church-is-frontend-master (1)/church-is-frontend-master/node_modules/webpack/lib/Cache.js:113:20)
    at ItemCacheFacade.store (/home/Bultut/Downloads/Church-frontend/church-is-frontend-master (1)/church-is-frontend-master/node_modules/webpack/lib/CacheFacade.js:142:15)
    at /home/Bultut/Downloads/Church-frontend/church-is-frontend-master (1)/church-is-frontend-master/node_modules/webpack/lib/Compilation.js:3676:11
    at /home/Bultut/Downloads/Church-frontend/church-is-frontend-master (1)/church-is-frontend-master/node_modules/webpack/lib/Cache.js:99:5
    at Hook.eval [as callAsync] (eval at create (/home/Bultut/Downloads/Church-frontend/church-is-frontend-master (1)/church-is-frontend-master/node_modules/tapable/lib/HookCodeFactory.js:33:10), <anonymous>:6:1)
    at Cache.get (/home/Bultut/Downloads/Church-frontend/church-is-frontend-master (1)/church-is-frontend-master/node_modules/webpack/lib/Cache.js:81:18)
    at ItemCacheFacade.get (/home/Bultut/Downloads/Church-frontend/church-is-frontend-master (1)/church-is-frontend-master/node_modules/webpack/lib/CacheFacade.js:116:15)
    at Compilation._codeGenerationModule (/home/Bultut/Downloads/Church-frontend/church-is-frontend-master (1)/church-is-frontend-master/node_modules/webpack/lib/Compilation.js:3644:9)
    at codeGen (/home/Bultut/Downloads/Church-frontend/church-is-frontend-master (1)/church-is-frontend-master/node_modules/webpack/lib/Compilation.js:5250:11)
    at symbolIterator (/home/Bultut/Downloads/Church-frontend/church-is-frontend-master (1)/church-is-frontend-master/node_modules/neo-async/async.js:3482:9)
    at timesSync (/home/Bultut/Downloads/Church-frontend/church-is-frontend-master (1)/church-is-frontend-master/node_modules/neo-async/async.js:2297:7)
    at Object.eachLimit (/home/Bultut/Downloads/Church-frontend/church-is-frontend-master (1)/church-is-frontend-master/node_modules/neo-async/async.js:3463:5)
    at /home/Bultut/Downloads/Church-frontend/church-is-frontend-master (1)/church-is-frontend-master/node_modules/webpack/lib/Compilation.js:5280:14
    at processQueue (/home/Bultut/Downloads/Church-frontend/church-is-frontend-master (1)/church-is-frontend-master/node_modules/webpack/lib/util/processAsyncTree.js:61:4)
    at processTicksAndRejections (node:internal/process/task_queues:78:11)

Generated code for /home/Bultut/Downloads/Church-frontend/church-is-frontend-master (1)/church-is-frontend-master/node_modules/css-loader/dist/cjs.js??clonedRuleSet-9.use[1]!/home/Bultut/Downloads/Church-frontend/church-is-frontend-master (1)/church-is-frontend-master/node_modules/vue-loader/lib/loaders/stylePostLoader.js!/home/Bultut/Downloads/Church-frontend/church-is-frontend-master (1)/church-is-frontend-master/node_modules/postcss-loader/dist/cjs.js??clonedRuleSet-9.use[2]!/home/Bultut/Downloads/Church-frontend/church-is-frontend-master (1)/church-is-frontend-master/node_modules/sass-loader/dist/cjs.js??clonedRuleSet-9.use[3]!/home/Bultut/Downloads/Church-frontend/church-is-frontend-master (1)/church-is-frontend-master/node_modules/vue-loader/lib/index.js??vue-loader-options!/home/Bultut/Downloads/Church-frontend/church-is-frontend-master (1)/church-is-frontend-master/src/components/finance/generalFinance.vue?vue&type=style&index=0&id=61bbfb58&prod&scoped=true&lang=scss
1 | throw new [1m[31mError[39m[22m[1m("Module build [1m[31mfailed[39m[22m[1m (from ./node_modules/postcss-loader/dist/cjs.js):\nTypeError: bundle.findLastIndex is not a function\n    at applyConditions (/home/Bultut/Downloads/Church-frontend/church-is-frontend-master (1)/church-is-frontend-master/node_modules/postcss-import/lib/apply-conditions.js:9:43)\n    at Object.Once (/home/Bultut/Downloads/Church-frontend/church-is-frontend-master (1)/church-is-frontend-master/node_modules/postcss-import/index.js:62:7)\n    at async LazyResult.runAsync (/home/Bultut/Downloads/Church-frontend/church-is-frontend-master (1)/church-is-frontend-master/node_modules/postcss/lib/lazy-result.js:293:11)\n    at async Object.loader (/home/Bultut/Downloads/Church-frontend/church-is-frontend-master (1)/church-is-frontend-master/node_modules/postcss-loader/dist/index.js:84:14)");[39m[22m
 @ ./src/components/finance/generalFinance.vue?vue&type=style&index=0&id=61bbfb58&prod&scoped=true&lang=scss 1:0-503 1:0-503
 @ ./src/components/finance/generalFinance.vue 4:0-103
 @ ./src/router/index.js 17:0-65 100:15-29
 @ ./src/main.js

webpack 5.99.9 compiled with [1m[31m18 errors[39m[22m and [1m[33m19 warnings[39m[22m in 40081 ms

  Build failed with errors.

